Copyright 1986-2022 Xilinx, Inc. All Rights Reserved. Copyright 2022-2024 Advanced Micro Devices, Inc. All Rights Reserved.
---------------------------------------------------------------------------------------------------------------------------------------------------------------------------------------------------------------------------------------------------------------------------------------
| Tool Version      : Vivado v.2024.2 (lin64) Build 5239630 Fri Nov 08 22:34:34 MST 2024
| Date              : Thu Jan 15 19:39:22 2026
| Host              : ee-kraken running 64-bit Red Hat Enterprise Linux 9.5 (Plow)
| Command           : report_timing_summary -datasheet -file ./src/attention/synth_output_matmul/matmul_fp_S_q_2_S_kv_2_d_kq_2_d_v_2_k_2_scale_width_8_M1_E_0_M1_M_6_M2_E_0_M2_M_6_M3_E_0_M3_M_6_ACCUM_METHOD_KULISCH_KULISCH_KULISCH_DSP_auto_auto_auto_time_20260115_1936_timing.rpt
| Design            : matmul_fp
| Device            : xcv80-lsva4737
| Speed File        : -2MHP  PRODUCTION 2.04 2024-08-06
| Design State      : Synthesized
| Temperature Grade : E
---------------------------------------------------------------------------------------------------------------------------------------------------------------------------------------------------------------------------------------------------------------------------------------

Timing Summary Report

------------------------------------------------------------------------------------------------
| Timer Settings
| --------------
------------------------------------------------------------------------------------------------

  Enable Multi Corner Analysis               :  Yes
  Enable Pessimism Removal                   :  Yes
  Pessimism Removal Resolution               :  Nearest Common Node
  Enable Input Delay Default Clock           :  No
  Enable Preset / Clear Arcs                 :  No
  Disable Flight Delays                      :  No
  Ignore I/O Paths                           :  No
  Timing Early Launch at Borrowing Latches   :  No
  Borrow Time for Max Delay Exceptions       :  Yes
  Merge Timing Exceptions                    :  Yes
  Inter-SLR Compensation                     :  Conservative

  Corner  Analyze    Analyze    
  Name    Max Paths  Min Paths  
  ------  ---------  ---------  
  Slow    Yes        Yes        
  Fast    Yes        Yes        


------------------------------------------------------------------------------------------------
| Report Methodology
| ------------------
------------------------------------------------------------------------------------------------

No report available as report_methodology has not been run prior. Run report_methodology on the current design for the summary of methodology violations.



check_timing report

Table of Contents
-----------------
1. checking no_clock (0)
2. checking constant_clock (0)
3. checking pulse_width_clock (0)
4. checking unconstrained_internal_endpoints (0)
5. checking no_input_delay (0)
6. checking no_output_delay (0)
7. checking multiple_clock (0)
8. checking generated_clocks (0)
9. checking loops (0)
10. checking partial_input_delay (0)
11. checking partial_output_delay (0)
12. checking latch_loops (0)

1. checking no_clock (0)
------------------------
 There are 0 register/latch pins with no clock.


2. checking constant_clock (0)
------------------------------
 There are 0 register/latch pins with constant_clock.


3. checking pulse_width_clock (0)
---------------------------------
 There are 0 register/latch pins which need pulse_width check


4. checking unconstrained_internal_endpoints (0)
------------------------------------------------
 There are 0 pins that are not constrained for maximum delay.

 There are 0 pins that are not constrained for maximum delay due to constant clock.


5. checking no_input_delay (0)
------------------------------
 There are 0 input ports with no input delay specified.

 There are 0 input ports with no input delay but user has a false path constraint.


6. checking no_output_delay (0)
-------------------------------
 There are 0 ports with no output delay specified.

 There are 0 ports with no output delay but user has a false path constraint

 There are 0 ports with no output delay but with a timing clock defined on it or propagating through it


7. checking multiple_clock (0)
------------------------------
 There are 0 register/latch pins with multiple clocks.


8. checking generated_clocks (0)
--------------------------------
 There are 0 generated clocks that are not connected to a clock source.


9. checking loops (0)
---------------------
 There are 0 combinational loops in the design.


10. checking partial_input_delay (0)
------------------------------------
 There are 0 input ports with partial input delay specified.


11. checking partial_output_delay (0)
-------------------------------------
 There are 0 ports with partial output delay specified.


12. checking latch_loops (0)
----------------------------
 There are 0 combinational latch loops in the design through latch input



------------------------------------------------------------------------------------------------
| Design Timing Summary
| ---------------------
------------------------------------------------------------------------------------------------

    WNS(ns)      TNS(ns)  TNS Failing Endpoints  TNS Total Endpoints      WHS(ns)      THS(ns)  THS Failing Endpoints  THS Total Endpoints     WPWS(ns)     TPWS(ns)  TPWS Failing Endpoints  TPWS Total Endpoints  
    -------      -------  ---------------------  -------------------      -------      -------  ---------------------  -------------------     --------     --------  ----------------------  --------------------  
         NA           NA                     NA                   NA           NA           NA                     NA                   NA           NA           NA                      NA                    NA  


All user specified timing constraints are met.


------------------------------------------------------------------------------------------------
| Clock Summary
| -------------
------------------------------------------------------------------------------------------------

Clock  Waveform(ns)         Period(ns)      Frequency(MHz)
-----  ------------         ----------      --------------
i_clk  {0.000 2.500}        5.000           200.000         


------------------------------------------------------------------------------------------------
| Intra Clock Table
| -----------------
------------------------------------------------------------------------------------------------

Clock             WNS(ns)      TNS(ns)  TNS Failing Endpoints  TNS Total Endpoints      WHS(ns)      THS(ns)  THS Failing Endpoints  THS Total Endpoints     WPWS(ns)     TPWS(ns)  TPWS Failing Endpoints  TPWS Total Endpoints  
-----             -------      -------  ---------------------  -------------------      -------      -------  ---------------------  -------------------     --------     --------  ----------------------  --------------------  


------------------------------------------------------------------------------------------------
| Inter Clock Table
| -----------------
------------------------------------------------------------------------------------------------

From Clock    To Clock          WNS(ns)      TNS(ns)  TNS Failing Endpoints  TNS Total Endpoints      WHS(ns)      THS(ns)  THS Failing Endpoints  THS Total Endpoints  
----------    --------          -------      -------  ---------------------  -------------------      -------      -------  ---------------------  -------------------  


------------------------------------------------------------------------------------------------
| Other Path Groups Table
| -----------------------
------------------------------------------------------------------------------------------------

Path Group    From Clock    To Clock          WNS(ns)      TNS(ns)  TNS Failing Endpoints  TNS Total Endpoints      WHS(ns)      THS(ns)  THS Failing Endpoints  THS Total Endpoints  
----------    ----------    --------          -------      -------  ---------------------  -------------------      -------      -------  ---------------------  -------------------  


------------------------------------------------------------------------------------------------
| Timing Details
| --------------
------------------------------------------------------------------------------------------------


------------------------------------------------------------------------------------------------
| Data sheet
| ----------
------------------------------------------------------------------------------------------------

Combinational Delays

---------------+----------------+-----------+---------+-----------+---------+
From           | To             |   Max     | Process |   Min     | Process |
Port           | Port           | Delay(ns) | Corner  | Delay(ns) | Corner  |
---------------+----------------+-----------+---------+-----------+---------+
A_i[0][0][0]   | C_o[0][0][0]   |     5.654 | SLOW    |     2.516 | FAST    |
A_i[0][0][0]   | C_o[0][0][1]   |     5.668 | SLOW    |     2.511 | FAST    |
A_i[0][0][0]   | C_o[0][0][2]   |     5.654 | SLOW    |     2.501 | FAST    |
A_i[0][0][0]   | C_o[0][0][3]   |     5.660 | SLOW    |     2.506 | FAST    |
A_i[0][0][0]   | C_o[0][0][4]   |     5.669 | SLOW    |     2.511 | FAST    |
A_i[0][0][0]   | C_o[0][0][5]   |     5.626 | SLOW    |     2.484 | FAST    |
A_i[0][0][0]   | C_o[0][0][6]   |     5.632 | SLOW    |     2.488 | FAST    |
A_i[0][0][0]   | C_o[0][1][0]   |     5.654 | SLOW    |     2.516 | FAST    |
A_i[0][0][0]   | C_o[0][1][1]   |     5.668 | SLOW    |     2.511 | FAST    |
A_i[0][0][0]   | C_o[0][1][2]   |     5.654 | SLOW    |     2.501 | FAST    |
A_i[0][0][0]   | C_o[0][1][3]   |     5.660 | SLOW    |     2.506 | FAST    |
A_i[0][0][0]   | C_o[0][1][4]   |     5.669 | SLOW    |     2.511 | FAST    |
A_i[0][0][0]   | C_o[0][1][5]   |     5.626 | SLOW    |     2.484 | FAST    |
A_i[0][0][0]   | C_o[0][1][6]   |     5.632 | SLOW    |     2.488 | FAST    |
A_i[0][0][1]   | C_o[0][0][1]   |     5.667 | SLOW    |     2.525 | FAST    |
A_i[0][0][1]   | C_o[0][0][2]   |     5.653 | SLOW    |     2.501 | FAST    |
A_i[0][0][1]   | C_o[0][0][3]   |     5.659 | SLOW    |     2.506 | FAST    |
A_i[0][0][1]   | C_o[0][0][4]   |     5.668 | SLOW    |     2.511 | FAST    |
A_i[0][0][1]   | C_o[0][0][5]   |     5.625 | SLOW    |     2.484 | FAST    |
A_i[0][0][1]   | C_o[0][0][6]   |     5.631 | SLOW    |     2.488 | FAST    |
A_i[0][0][1]   | C_o[0][1][1]   |     5.667 | SLOW    |     2.525 | FAST    |
A_i[0][0][1]   | C_o[0][1][2]   |     5.653 | SLOW    |     2.501 | FAST    |
A_i[0][0][1]   | C_o[0][1][3]   |     5.659 | SLOW    |     2.506 | FAST    |
A_i[0][0][1]   | C_o[0][1][4]   |     5.668 | SLOW    |     2.511 | FAST    |
A_i[0][0][1]   | C_o[0][1][5]   |     5.625 | SLOW    |     2.484 | FAST    |
A_i[0][0][1]   | C_o[0][1][6]   |     5.631 | SLOW    |     2.488 | FAST    |
A_i[0][0][2]   | C_o[0][0][2]   |     5.655 | SLOW    |     2.515 | FAST    |
A_i[0][0][2]   | C_o[0][0][3]   |     5.661 | SLOW    |     2.506 | FAST    |
A_i[0][0][2]   | C_o[0][0][4]   |     5.670 | SLOW    |     2.511 | FAST    |
A_i[0][0][2]   | C_o[0][0][5]   |     5.627 | SLOW    |     2.484 | FAST    |
A_i[0][0][2]   | C_o[0][0][6]   |     5.633 | SLOW    |     2.488 | FAST    |
A_i[0][0][2]   | C_o[0][1][2]   |     5.655 | SLOW    |     2.515 | FAST    |
A_i[0][0][2]   | C_o[0][1][3]   |     5.661 | SLOW    |     2.506 | FAST    |
A_i[0][0][2]   | C_o[0][1][4]   |     5.670 | SLOW    |     2.511 | FAST    |
A_i[0][0][2]   | C_o[0][1][5]   |     5.627 | SLOW    |     2.484 | FAST    |
A_i[0][0][2]   | C_o[0][1][6]   |     5.633 | SLOW    |     2.488 | FAST    |
A_i[0][0][3]   | C_o[0][0][3]   |     5.660 | SLOW    |     2.520 | FAST    |
A_i[0][0][3]   | C_o[0][0][4]   |     5.669 | SLOW    |     2.511 | FAST    |
A_i[0][0][3]   | C_o[0][0][5]   |     5.626 | SLOW    |     2.484 | FAST    |
A_i[0][0][3]   | C_o[0][0][6]   |     5.632 | SLOW    |     2.488 | FAST    |
A_i[0][0][3]   | C_o[0][1][3]   |     5.660 | SLOW    |     2.520 | FAST    |
A_i[0][0][3]   | C_o[0][1][4]   |     5.669 | SLOW    |     2.511 | FAST    |
A_i[0][0][3]   | C_o[0][1][5]   |     5.626 | SLOW    |     2.484 | FAST    |
A_i[0][0][3]   | C_o[0][1][6]   |     5.632 | SLOW    |     2.488 | FAST    |
A_i[0][0][4]   | C_o[0][0][4]   |     5.670 | SLOW    |     2.527 | FAST    |
A_i[0][0][4]   | C_o[0][0][5]   |     5.627 | SLOW    |     2.486 | FAST    |
A_i[0][0][4]   | C_o[0][0][6]   |     5.633 | SLOW    |     2.490 | FAST    |
A_i[0][0][4]   | C_o[0][1][4]   |     5.670 | SLOW    |     2.527 | FAST    |
A_i[0][0][4]   | C_o[0][1][5]   |     5.627 | SLOW    |     2.486 | FAST    |
A_i[0][0][4]   | C_o[0][1][6]   |     5.633 | SLOW    |     2.490 | FAST    |
A_i[0][0][5]   | C_o[0][0][5]   |     5.637 | SLOW    |     2.506 | FAST    |
A_i[0][0][5]   | C_o[0][0][6]   |     5.643 | SLOW    |     2.496 | FAST    |
A_i[0][0][5]   | C_o[0][1][5]   |     5.637 | SLOW    |     2.506 | FAST    |
A_i[0][0][5]   | C_o[0][1][6]   |     5.643 | SLOW    |     2.496 | FAST    |
A_i[0][0][6]   | C_o[0][0][6]   |     5.725 | SLOW    |     2.515 | FAST    |
A_i[0][0][6]   | C_o[0][1][6]   |     5.725 | SLOW    |     2.515 | FAST    |
A_i[0][1][0]   | C_o[0][0][0]   |     5.653 | SLOW    |     2.507 | FAST    |
A_i[0][1][0]   | C_o[0][0][1]   |     5.667 | SLOW    |     2.497 | FAST    |
A_i[0][1][0]   | C_o[0][0][2]   |     5.653 | SLOW    |     2.487 | FAST    |
A_i[0][1][0]   | C_o[0][0][3]   |     5.659 | SLOW    |     2.492 | FAST    |
A_i[0][1][0]   | C_o[0][0][4]   |     5.668 | SLOW    |     2.497 | FAST    |
A_i[0][1][0]   | C_o[0][0][5]   |     5.625 | SLOW    |     2.470 | FAST    |
A_i[0][1][0]   | C_o[0][0][6]   |     5.631 | SLOW    |     2.474 | FAST    |
A_i[0][1][0]   | C_o[0][1][0]   |     5.653 | SLOW    |     2.507 | FAST    |
A_i[0][1][0]   | C_o[0][1][1]   |     5.667 | SLOW    |     2.497 | FAST    |
A_i[0][1][0]   | C_o[0][1][2]   |     5.653 | SLOW    |     2.487 | FAST    |
A_i[0][1][0]   | C_o[0][1][3]   |     5.659 | SLOW    |     2.492 | FAST    |
A_i[0][1][0]   | C_o[0][1][4]   |     5.668 | SLOW    |     2.497 | FAST    |
A_i[0][1][0]   | C_o[0][1][5]   |     5.625 | SLOW    |     2.470 | FAST    |
A_i[0][1][0]   | C_o[0][1][6]   |     5.631 | SLOW    |     2.474 | FAST    |
A_i[0][1][1]   | C_o[0][0][1]   |     5.649 | SLOW    |     2.514 | FAST    |
A_i[0][1][1]   | C_o[0][0][2]   |     5.662 | SLOW    |     2.502 | FAST    |
A_i[0][1][1]   | C_o[0][0][3]   |     5.668 | SLOW    |     2.497 | FAST    |
A_i[0][1][1]   | C_o[0][0][4]   |     5.677 | SLOW    |     2.502 | FAST    |
A_i[0][1][1]   | C_o[0][0][5]   |     5.634 | SLOW    |     2.475 | FAST    |
A_i[0][1][1]   | C_o[0][0][6]   |     5.640 | SLOW    |     2.479 | FAST    |
A_i[0][1][1]   | C_o[0][1][1]   |     5.649 | SLOW    |     2.514 | FAST    |
A_i[0][1][1]   | C_o[0][1][2]   |     5.662 | SLOW    |     2.502 | FAST    |
A_i[0][1][1]   | C_o[0][1][3]   |     5.668 | SLOW    |     2.497 | FAST    |
A_i[0][1][1]   | C_o[0][1][4]   |     5.677 | SLOW    |     2.502 | FAST    |
A_i[0][1][1]   | C_o[0][1][5]   |     5.634 | SLOW    |     2.475 | FAST    |
A_i[0][1][1]   | C_o[0][1][6]   |     5.640 | SLOW    |     2.479 | FAST    |
A_i[0][1][2]   | C_o[0][0][2]   |     5.661 | SLOW    |     2.513 | FAST    |
A_i[0][1][2]   | C_o[0][0][3]   |     5.667 | SLOW    |     2.499 | FAST    |
A_i[0][1][2]   | C_o[0][0][4]   |     5.676 | SLOW    |     2.504 | FAST    |
A_i[0][1][2]   | C_o[0][0][5]   |     5.633 | SLOW    |     2.477 | FAST    |
A_i[0][1][2]   | C_o[0][0][6]   |     5.639 | SLOW    |     2.481 | FAST    |
A_i[0][1][2]   | C_o[0][1][2]   |     5.661 | SLOW    |     2.513 | FAST    |
A_i[0][1][2]   | C_o[0][1][3]   |     5.667 | SLOW    |     2.499 | FAST    |
A_i[0][1][2]   | C_o[0][1][4]   |     5.676 | SLOW    |     2.504 | FAST    |
A_i[0][1][2]   | C_o[0][1][5]   |     5.633 | SLOW    |     2.477 | FAST    |
A_i[0][1][2]   | C_o[0][1][6]   |     5.639 | SLOW    |     2.481 | FAST    |
A_i[0][1][3]   | C_o[0][0][3]   |     5.657 | SLOW    |     2.510 | FAST    |
A_i[0][1][3]   | C_o[0][0][4]   |     5.666 | SLOW    |     2.496 | FAST    |
A_i[0][1][3]   | C_o[0][0][5]   |     5.623 | SLOW    |     2.469 | FAST    |
A_i[0][1][3]   | C_o[0][0][6]   |     5.629 | SLOW    |     2.473 | FAST    |
A_i[0][1][3]   | C_o[0][1][3]   |     5.657 | SLOW    |     2.510 | FAST    |
A_i[0][1][3]   | C_o[0][1][4]   |     5.666 | SLOW    |     2.496 | FAST    |
A_i[0][1][3]   | C_o[0][1][5]   |     5.623 | SLOW    |     2.469 | FAST    |
A_i[0][1][3]   | C_o[0][1][6]   |     5.629 | SLOW    |     2.473 | FAST    |
A_i[0][1][4]   | C_o[0][0][4]   |     5.668 | SLOW    |     2.516 | FAST    |
A_i[0][1][4]   | C_o[0][0][5]   |     5.625 | SLOW    |     2.470 | FAST    |
A_i[0][1][4]   | C_o[0][0][6]   |     5.631 | SLOW    |     2.474 | FAST    |
A_i[0][1][4]   | C_o[0][1][4]   |     5.668 | SLOW    |     2.516 | FAST    |
A_i[0][1][4]   | C_o[0][1][5]   |     5.625 | SLOW    |     2.470 | FAST    |
A_i[0][1][4]   | C_o[0][1][6]   |     5.631 | SLOW    |     2.474 | FAST    |
A_i[0][1][5]   | C_o[0][0][5]   |     5.626 | SLOW    |     2.489 | FAST    |
A_i[0][1][5]   | C_o[0][0][6]   |     5.632 | SLOW    |     2.474 | FAST    |
A_i[0][1][5]   | C_o[0][1][5]   |     5.626 | SLOW    |     2.489 | FAST    |
A_i[0][1][5]   | C_o[0][1][6]   |     5.632 | SLOW    |     2.474 | FAST    |
A_i[0][1][6]   | C_o[0][0][6]   |     5.686 | SLOW    |     2.478 | FAST    |
A_i[0][1][6]   | C_o[0][1][6]   |     5.686 | SLOW    |     2.478 | FAST    |
A_i[1][0][0]   | C_o[1][0][0]   |     5.654 | SLOW    |     2.516 | FAST    |
A_i[1][0][0]   | C_o[1][0][1]   |     5.668 | SLOW    |     2.511 | FAST    |
A_i[1][0][0]   | C_o[1][0][2]   |     5.654 | SLOW    |     2.501 | FAST    |
A_i[1][0][0]   | C_o[1][0][3]   |     5.660 | SLOW    |     2.506 | FAST    |
A_i[1][0][0]   | C_o[1][0][4]   |     5.669 | SLOW    |     2.511 | FAST    |
A_i[1][0][0]   | C_o[1][0][5]   |     5.626 | SLOW    |     2.484 | FAST    |
A_i[1][0][0]   | C_o[1][0][6]   |     5.632 | SLOW    |     2.488 | FAST    |
A_i[1][0][0]   | C_o[1][1][0]   |     5.654 | SLOW    |     2.516 | FAST    |
A_i[1][0][0]   | C_o[1][1][1]   |     5.668 | SLOW    |     2.511 | FAST    |
A_i[1][0][0]   | C_o[1][1][2]   |     5.654 | SLOW    |     2.501 | FAST    |
A_i[1][0][0]   | C_o[1][1][3]   |     5.660 | SLOW    |     2.506 | FAST    |
A_i[1][0][0]   | C_o[1][1][4]   |     5.669 | SLOW    |     2.511 | FAST    |
A_i[1][0][0]   | C_o[1][1][5]   |     5.626 | SLOW    |     2.484 | FAST    |
A_i[1][0][0]   | C_o[1][1][6]   |     5.632 | SLOW    |     2.488 | FAST    |
A_i[1][0][1]   | C_o[1][0][1]   |     5.667 | SLOW    |     2.525 | FAST    |
A_i[1][0][1]   | C_o[1][0][2]   |     5.653 | SLOW    |     2.501 | FAST    |
A_i[1][0][1]   | C_o[1][0][3]   |     5.659 | SLOW    |     2.506 | FAST    |
A_i[1][0][1]   | C_o[1][0][4]   |     5.668 | SLOW    |     2.511 | FAST    |
A_i[1][0][1]   | C_o[1][0][5]   |     5.625 | SLOW    |     2.484 | FAST    |
A_i[1][0][1]   | C_o[1][0][6]   |     5.631 | SLOW    |     2.488 | FAST    |
A_i[1][0][1]   | C_o[1][1][1]   |     5.667 | SLOW    |     2.525 | FAST    |
A_i[1][0][1]   | C_o[1][1][2]   |     5.653 | SLOW    |     2.501 | FAST    |
A_i[1][0][1]   | C_o[1][1][3]   |     5.659 | SLOW    |     2.506 | FAST    |
A_i[1][0][1]   | C_o[1][1][4]   |     5.668 | SLOW    |     2.511 | FAST    |
A_i[1][0][1]   | C_o[1][1][5]   |     5.625 | SLOW    |     2.484 | FAST    |
A_i[1][0][1]   | C_o[1][1][6]   |     5.631 | SLOW    |     2.488 | FAST    |
A_i[1][0][2]   | C_o[1][0][2]   |     5.655 | SLOW    |     2.515 | FAST    |
A_i[1][0][2]   | C_o[1][0][3]   |     5.661 | SLOW    |     2.506 | FAST    |
A_i[1][0][2]   | C_o[1][0][4]   |     5.670 | SLOW    |     2.511 | FAST    |
A_i[1][0][2]   | C_o[1][0][5]   |     5.627 | SLOW    |     2.484 | FAST    |
A_i[1][0][2]   | C_o[1][0][6]   |     5.633 | SLOW    |     2.488 | FAST    |
A_i[1][0][2]   | C_o[1][1][2]   |     5.655 | SLOW    |     2.515 | FAST    |
A_i[1][0][2]   | C_o[1][1][3]   |     5.661 | SLOW    |     2.506 | FAST    |
A_i[1][0][2]   | C_o[1][1][4]   |     5.670 | SLOW    |     2.511 | FAST    |
A_i[1][0][2]   | C_o[1][1][5]   |     5.627 | SLOW    |     2.484 | FAST    |
A_i[1][0][2]   | C_o[1][1][6]   |     5.633 | SLOW    |     2.488 | FAST    |
A_i[1][0][3]   | C_o[1][0][3]   |     5.660 | SLOW    |     2.520 | FAST    |
A_i[1][0][3]   | C_o[1][0][4]   |     5.669 | SLOW    |     2.511 | FAST    |
A_i[1][0][3]   | C_o[1][0][5]   |     5.626 | SLOW    |     2.484 | FAST    |
A_i[1][0][3]   | C_o[1][0][6]   |     5.632 | SLOW    |     2.488 | FAST    |
A_i[1][0][3]   | C_o[1][1][3]   |     5.660 | SLOW    |     2.520 | FAST    |
A_i[1][0][3]   | C_o[1][1][4]   |     5.669 | SLOW    |     2.511 | FAST    |
A_i[1][0][3]   | C_o[1][1][5]   |     5.626 | SLOW    |     2.484 | FAST    |
A_i[1][0][3]   | C_o[1][1][6]   |     5.632 | SLOW    |     2.488 | FAST    |
A_i[1][0][4]   | C_o[1][0][4]   |     5.670 | SLOW    |     2.527 | FAST    |
A_i[1][0][4]   | C_o[1][0][5]   |     5.627 | SLOW    |     2.486 | FAST    |
A_i[1][0][4]   | C_o[1][0][6]   |     5.633 | SLOW    |     2.490 | FAST    |
A_i[1][0][4]   | C_o[1][1][4]   |     5.670 | SLOW    |     2.527 | FAST    |
A_i[1][0][4]   | C_o[1][1][5]   |     5.627 | SLOW    |     2.486 | FAST    |
A_i[1][0][4]   | C_o[1][1][6]   |     5.633 | SLOW    |     2.490 | FAST    |
A_i[1][0][5]   | C_o[1][0][5]   |     5.637 | SLOW    |     2.506 | FAST    |
A_i[1][0][5]   | C_o[1][0][6]   |     5.643 | SLOW    |     2.496 | FAST    |
A_i[1][0][5]   | C_o[1][1][5]   |     5.637 | SLOW    |     2.506 | FAST    |
A_i[1][0][5]   | C_o[1][1][6]   |     5.643 | SLOW    |     2.496 | FAST    |
A_i[1][0][6]   | C_o[1][0][6]   |     5.725 | SLOW    |     2.515 | FAST    |
A_i[1][0][6]   | C_o[1][1][6]   |     5.725 | SLOW    |     2.515 | FAST    |
A_i[1][1][0]   | C_o[1][0][0]   |     5.653 | SLOW    |     2.507 | FAST    |
A_i[1][1][0]   | C_o[1][0][1]   |     5.667 | SLOW    |     2.497 | FAST    |
A_i[1][1][0]   | C_o[1][0][2]   |     5.653 | SLOW    |     2.487 | FAST    |
A_i[1][1][0]   | C_o[1][0][3]   |     5.659 | SLOW    |     2.492 | FAST    |
A_i[1][1][0]   | C_o[1][0][4]   |     5.668 | SLOW    |     2.497 | FAST    |
A_i[1][1][0]   | C_o[1][0][5]   |     5.625 | SLOW    |     2.470 | FAST    |
A_i[1][1][0]   | C_o[1][0][6]   |     5.631 | SLOW    |     2.474 | FAST    |
A_i[1][1][0]   | C_o[1][1][0]   |     5.653 | SLOW    |     2.507 | FAST    |
A_i[1][1][0]   | C_o[1][1][1]   |     5.667 | SLOW    |     2.497 | FAST    |
A_i[1][1][0]   | C_o[1][1][2]   |     5.653 | SLOW    |     2.487 | FAST    |
A_i[1][1][0]   | C_o[1][1][3]   |     5.659 | SLOW    |     2.492 | FAST    |
A_i[1][1][0]   | C_o[1][1][4]   |     5.668 | SLOW    |     2.497 | FAST    |
A_i[1][1][0]   | C_o[1][1][5]   |     5.625 | SLOW    |     2.470 | FAST    |
A_i[1][1][0]   | C_o[1][1][6]   |     5.631 | SLOW    |     2.474 | FAST    |
A_i[1][1][1]   | C_o[1][0][1]   |     5.649 | SLOW    |     2.514 | FAST    |
A_i[1][1][1]   | C_o[1][0][2]   |     5.662 | SLOW    |     2.502 | FAST    |
A_i[1][1][1]   | C_o[1][0][3]   |     5.668 | SLOW    |     2.497 | FAST    |
A_i[1][1][1]   | C_o[1][0][4]   |     5.677 | SLOW    |     2.502 | FAST    |
A_i[1][1][1]   | C_o[1][0][5]   |     5.634 | SLOW    |     2.475 | FAST    |
A_i[1][1][1]   | C_o[1][0][6]   |     5.640 | SLOW    |     2.479 | FAST    |
A_i[1][1][1]   | C_o[1][1][1]   |     5.649 | SLOW    |     2.514 | FAST    |
A_i[1][1][1]   | C_o[1][1][2]   |     5.662 | SLOW    |     2.502 | FAST    |
A_i[1][1][1]   | C_o[1][1][3]   |     5.668 | SLOW    |     2.497 | FAST    |
A_i[1][1][1]   | C_o[1][1][4]   |     5.677 | SLOW    |     2.502 | FAST    |
A_i[1][1][1]   | C_o[1][1][5]   |     5.634 | SLOW    |     2.475 | FAST    |
A_i[1][1][1]   | C_o[1][1][6]   |     5.640 | SLOW    |     2.479 | FAST    |
A_i[1][1][2]   | C_o[1][0][2]   |     5.661 | SLOW    |     2.513 | FAST    |
A_i[1][1][2]   | C_o[1][0][3]   |     5.667 | SLOW    |     2.499 | FAST    |
A_i[1][1][2]   | C_o[1][0][4]   |     5.676 | SLOW    |     2.504 | FAST    |
A_i[1][1][2]   | C_o[1][0][5]   |     5.633 | SLOW    |     2.477 | FAST    |
A_i[1][1][2]   | C_o[1][0][6]   |     5.639 | SLOW    |     2.481 | FAST    |
A_i[1][1][2]   | C_o[1][1][2]   |     5.661 | SLOW    |     2.513 | FAST    |
A_i[1][1][2]   | C_o[1][1][3]   |     5.667 | SLOW    |     2.499 | FAST    |
A_i[1][1][2]   | C_o[1][1][4]   |     5.676 | SLOW    |     2.504 | FAST    |
A_i[1][1][2]   | C_o[1][1][5]   |     5.633 | SLOW    |     2.477 | FAST    |
A_i[1][1][2]   | C_o[1][1][6]   |     5.639 | SLOW    |     2.481 | FAST    |
A_i[1][1][3]   | C_o[1][0][3]   |     5.657 | SLOW    |     2.510 | FAST    |
A_i[1][1][3]   | C_o[1][0][4]   |     5.666 | SLOW    |     2.496 | FAST    |
A_i[1][1][3]   | C_o[1][0][5]   |     5.623 | SLOW    |     2.469 | FAST    |
A_i[1][1][3]   | C_o[1][0][6]   |     5.629 | SLOW    |     2.473 | FAST    |
A_i[1][1][3]   | C_o[1][1][3]   |     5.657 | SLOW    |     2.510 | FAST    |
A_i[1][1][3]   | C_o[1][1][4]   |     5.666 | SLOW    |     2.496 | FAST    |
A_i[1][1][3]   | C_o[1][1][5]   |     5.623 | SLOW    |     2.469 | FAST    |
A_i[1][1][3]   | C_o[1][1][6]   |     5.629 | SLOW    |     2.473 | FAST    |
A_i[1][1][4]   | C_o[1][0][4]   |     5.668 | SLOW    |     2.516 | FAST    |
A_i[1][1][4]   | C_o[1][0][5]   |     5.625 | SLOW    |     2.470 | FAST    |
A_i[1][1][4]   | C_o[1][0][6]   |     5.631 | SLOW    |     2.474 | FAST    |
A_i[1][1][4]   | C_o[1][1][4]   |     5.668 | SLOW    |     2.516 | FAST    |
A_i[1][1][4]   | C_o[1][1][5]   |     5.625 | SLOW    |     2.470 | FAST    |
A_i[1][1][4]   | C_o[1][1][6]   |     5.631 | SLOW    |     2.474 | FAST    |
A_i[1][1][5]   | C_o[1][0][5]   |     5.626 | SLOW    |     2.489 | FAST    |
A_i[1][1][5]   | C_o[1][0][6]   |     5.632 | SLOW    |     2.474 | FAST    |
A_i[1][1][5]   | C_o[1][1][5]   |     5.626 | SLOW    |     2.489 | FAST    |
A_i[1][1][5]   | C_o[1][1][6]   |     5.632 | SLOW    |     2.474 | FAST    |
A_i[1][1][6]   | C_o[1][0][6]   |     5.686 | SLOW    |     2.478 | FAST    |
A_i[1][1][6]   | C_o[1][1][6]   |     5.686 | SLOW    |     2.478 | FAST    |
B_i[0][0][0]   | C_o[0][0][0]   |     5.748 | SLOW    |     2.495 | FAST    |
B_i[0][0][0]   | C_o[0][0][1]   |     5.762 | SLOW    |     2.490 | FAST    |
B_i[0][0][0]   | C_o[0][0][2]   |     5.748 | SLOW    |     2.480 | FAST    |
B_i[0][0][0]   | C_o[0][0][3]   |     5.754 | SLOW    |     2.485 | FAST    |
B_i[0][0][0]   | C_o[0][0][4]   |     5.763 | SLOW    |     2.475 | FAST    |
B_i[0][0][0]   | C_o[0][0][5]   |     5.720 | SLOW    |     2.448 | FAST    |
B_i[0][0][0]   | C_o[0][0][6]   |     5.726 | SLOW    |     2.452 | FAST    |
B_i[0][0][0]   | C_o[1][0][0]   |     5.748 | SLOW    |     2.495 | FAST    |
B_i[0][0][0]   | C_o[1][0][1]   |     5.762 | SLOW    |     2.490 | FAST    |
B_i[0][0][0]   | C_o[1][0][2]   |     5.748 | SLOW    |     2.480 | FAST    |
B_i[0][0][0]   | C_o[1][0][3]   |     5.754 | SLOW    |     2.485 | FAST    |
B_i[0][0][0]   | C_o[1][0][4]   |     5.763 | SLOW    |     2.475 | FAST    |
B_i[0][0][0]   | C_o[1][0][5]   |     5.720 | SLOW    |     2.448 | FAST    |
B_i[0][0][0]   | C_o[1][0][6]   |     5.726 | SLOW    |     2.452 | FAST    |
B_i[0][0][1]   | C_o[0][0][0]   |     5.744 | SLOW    |     2.495 | FAST    |
B_i[0][0][1]   | C_o[0][0][1]   |     5.758 | SLOW    |     2.490 | FAST    |
B_i[0][0][1]   | C_o[0][0][2]   |     5.744 | SLOW    |     2.480 | FAST    |
B_i[0][0][1]   | C_o[0][0][3]   |     5.750 | SLOW    |     2.485 | FAST    |
B_i[0][0][1]   | C_o[0][0][4]   |     5.759 | SLOW    |     2.490 | FAST    |
B_i[0][0][1]   | C_o[0][0][5]   |     5.716 | SLOW    |     2.463 | FAST    |
B_i[0][0][1]   | C_o[0][0][6]   |     5.722 | SLOW    |     2.467 | FAST    |
B_i[0][0][1]   | C_o[1][0][0]   |     5.744 | SLOW    |     2.495 | FAST    |
B_i[0][0][1]   | C_o[1][0][1]   |     5.758 | SLOW    |     2.490 | FAST    |
B_i[0][0][1]   | C_o[1][0][2]   |     5.744 | SLOW    |     2.480 | FAST    |
B_i[0][0][1]   | C_o[1][0][3]   |     5.750 | SLOW    |     2.485 | FAST    |
B_i[0][0][1]   | C_o[1][0][4]   |     5.759 | SLOW    |     2.490 | FAST    |
B_i[0][0][1]   | C_o[1][0][5]   |     5.716 | SLOW    |     2.463 | FAST    |
B_i[0][0][1]   | C_o[1][0][6]   |     5.722 | SLOW    |     2.467 | FAST    |
B_i[0][0][2]   | C_o[0][0][2]   |     5.740 | SLOW    |     2.491 | FAST    |
B_i[0][0][2]   | C_o[0][0][3]   |     5.746 | SLOW    |     2.482 | FAST    |
B_i[0][0][2]   | C_o[0][0][4]   |     5.755 | SLOW    |     2.487 | FAST    |
B_i[0][0][2]   | C_o[0][0][5]   |     5.712 | SLOW    |     2.460 | FAST    |
B_i[0][0][2]   | C_o[0][0][6]   |     5.718 | SLOW    |     2.464 | FAST    |
B_i[0][0][2]   | C_o[1][0][2]   |     5.740 | SLOW    |     2.491 | FAST    |
B_i[0][0][2]   | C_o[1][0][3]   |     5.746 | SLOW    |     2.482 | FAST    |
B_i[0][0][2]   | C_o[1][0][4]   |     5.755 | SLOW    |     2.487 | FAST    |
B_i[0][0][2]   | C_o[1][0][5]   |     5.712 | SLOW    |     2.460 | FAST    |
B_i[0][0][2]   | C_o[1][0][6]   |     5.718 | SLOW    |     2.464 | FAST    |
B_i[0][0][3]   | C_o[0][0][2]   |     5.741 | SLOW    |     2.493 | FAST    |
B_i[0][0][3]   | C_o[0][0][3]   |     5.747 | SLOW    |     2.484 | FAST    |
B_i[0][0][3]   | C_o[0][0][4]   |     5.756 | SLOW    |     2.489 | FAST    |
B_i[0][0][3]   | C_o[0][0][5]   |     5.713 | SLOW    |     2.462 | FAST    |
B_i[0][0][3]   | C_o[0][0][6]   |     5.719 | SLOW    |     2.466 | FAST    |
B_i[0][0][3]   | C_o[1][0][2]   |     5.741 | SLOW    |     2.493 | FAST    |
B_i[0][0][3]   | C_o[1][0][3]   |     5.747 | SLOW    |     2.484 | FAST    |
B_i[0][0][3]   | C_o[1][0][4]   |     5.756 | SLOW    |     2.489 | FAST    |
B_i[0][0][3]   | C_o[1][0][5]   |     5.713 | SLOW    |     2.462 | FAST    |
B_i[0][0][3]   | C_o[1][0][6]   |     5.719 | SLOW    |     2.466 | FAST    |
B_i[0][0][4]   | C_o[0][0][4]   |     5.758 | SLOW    |     2.502 | FAST    |
B_i[0][0][4]   | C_o[0][0][5]   |     5.715 | SLOW    |     2.461 | FAST    |
B_i[0][0][4]   | C_o[0][0][6]   |     5.721 | SLOW    |     2.465 | FAST    |
B_i[0][0][4]   | C_o[1][0][4]   |     5.758 | SLOW    |     2.502 | FAST    |
B_i[0][0][4]   | C_o[1][0][5]   |     5.715 | SLOW    |     2.461 | FAST    |
B_i[0][0][4]   | C_o[1][0][6]   |     5.721 | SLOW    |     2.465 | FAST    |
B_i[0][0][5]   | C_o[0][0][4]   |     5.770 | SLOW    |     2.511 | FAST    |
B_i[0][0][5]   | C_o[0][0][5]   |     5.727 | SLOW    |     2.470 | FAST    |
B_i[0][0][5]   | C_o[0][0][6]   |     5.733 | SLOW    |     2.474 | FAST    |
B_i[0][0][5]   | C_o[1][0][4]   |     5.770 | SLOW    |     2.511 | FAST    |
B_i[0][0][5]   | C_o[1][0][5]   |     5.727 | SLOW    |     2.470 | FAST    |
B_i[0][0][5]   | C_o[1][0][6]   |     5.733 | SLOW    |     2.474 | FAST    |
B_i[0][0][6]   | C_o[0][0][6]   |     5.729 | SLOW    |     2.478 | FAST    |
B_i[0][0][6]   | C_o[1][0][6]   |     5.729 | SLOW    |     2.478 | FAST    |
B_i[0][1][0]   | C_o[0][1][0]   |     5.748 | SLOW    |     2.495 | FAST    |
B_i[0][1][0]   | C_o[0][1][1]   |     5.762 | SLOW    |     2.490 | FAST    |
B_i[0][1][0]   | C_o[0][1][2]   |     5.748 | SLOW    |     2.480 | FAST    |
B_i[0][1][0]   | C_o[0][1][3]   |     5.754 | SLOW    |     2.485 | FAST    |
B_i[0][1][0]   | C_o[0][1][4]   |     5.763 | SLOW    |     2.475 | FAST    |
B_i[0][1][0]   | C_o[0][1][5]   |     5.720 | SLOW    |     2.448 | FAST    |
B_i[0][1][0]   | C_o[0][1][6]   |     5.726 | SLOW    |     2.452 | FAST    |
B_i[0][1][0]   | C_o[1][1][0]   |     5.748 | SLOW    |     2.495 | FAST    |
B_i[0][1][0]   | C_o[1][1][1]   |     5.762 | SLOW    |     2.490 | FAST    |
B_i[0][1][0]   | C_o[1][1][2]   |     5.748 | SLOW    |     2.480 | FAST    |
B_i[0][1][0]   | C_o[1][1][3]   |     5.754 | SLOW    |     2.485 | FAST    |
B_i[0][1][0]   | C_o[1][1][4]   |     5.763 | SLOW    |     2.475 | FAST    |
B_i[0][1][0]   | C_o[1][1][5]   |     5.720 | SLOW    |     2.448 | FAST    |
B_i[0][1][0]   | C_o[1][1][6]   |     5.726 | SLOW    |     2.452 | FAST    |
B_i[0][1][1]   | C_o[0][1][0]   |     5.744 | SLOW    |     2.495 | FAST    |
B_i[0][1][1]   | C_o[0][1][1]   |     5.758 | SLOW    |     2.490 | FAST    |
B_i[0][1][1]   | C_o[0][1][2]   |     5.744 | SLOW    |     2.480 | FAST    |
B_i[0][1][1]   | C_o[0][1][3]   |     5.750 | SLOW    |     2.485 | FAST    |
B_i[0][1][1]   | C_o[0][1][4]   |     5.759 | SLOW    |     2.490 | FAST    |
B_i[0][1][1]   | C_o[0][1][5]   |     5.716 | SLOW    |     2.463 | FAST    |
B_i[0][1][1]   | C_o[0][1][6]   |     5.722 | SLOW    |     2.467 | FAST    |
B_i[0][1][1]   | C_o[1][1][0]   |     5.744 | SLOW    |     2.495 | FAST    |
B_i[0][1][1]   | C_o[1][1][1]   |     5.758 | SLOW    |     2.490 | FAST    |
B_i[0][1][1]   | C_o[1][1][2]   |     5.744 | SLOW    |     2.480 | FAST    |
B_i[0][1][1]   | C_o[1][1][3]   |     5.750 | SLOW    |     2.485 | FAST    |
B_i[0][1][1]   | C_o[1][1][4]   |     5.759 | SLOW    |     2.490 | FAST    |
B_i[0][1][1]   | C_o[1][1][5]   |     5.716 | SLOW    |     2.463 | FAST    |
B_i[0][1][1]   | C_o[1][1][6]   |     5.722 | SLOW    |     2.467 | FAST    |
B_i[0][1][2]   | C_o[0][1][2]   |     5.740 | SLOW    |     2.491 | FAST    |
B_i[0][1][2]   | C_o[0][1][3]   |     5.746 | SLOW    |     2.482 | FAST    |
B_i[0][1][2]   | C_o[0][1][4]   |     5.755 | SLOW    |     2.487 | FAST    |
B_i[0][1][2]   | C_o[0][1][5]   |     5.712 | SLOW    |     2.460 | FAST    |
B_i[0][1][2]   | C_o[0][1][6]   |     5.718 | SLOW    |     2.464 | FAST    |
B_i[0][1][2]   | C_o[1][1][2]   |     5.740 | SLOW    |     2.491 | FAST    |
B_i[0][1][2]   | C_o[1][1][3]   |     5.746 | SLOW    |     2.482 | FAST    |
B_i[0][1][2]   | C_o[1][1][4]   |     5.755 | SLOW    |     2.487 | FAST    |
B_i[0][1][2]   | C_o[1][1][5]   |     5.712 | SLOW    |     2.460 | FAST    |
B_i[0][1][2]   | C_o[1][1][6]   |     5.718 | SLOW    |     2.464 | FAST    |
B_i[0][1][3]   | C_o[0][1][2]   |     5.741 | SLOW    |     2.493 | FAST    |
B_i[0][1][3]   | C_o[0][1][3]   |     5.747 | SLOW    |     2.484 | FAST    |
B_i[0][1][3]   | C_o[0][1][4]   |     5.756 | SLOW    |     2.489 | FAST    |
B_i[0][1][3]   | C_o[0][1][5]   |     5.713 | SLOW    |     2.462 | FAST    |
B_i[0][1][3]   | C_o[0][1][6]   |     5.719 | SLOW    |     2.466 | FAST    |
B_i[0][1][3]   | C_o[1][1][2]   |     5.741 | SLOW    |     2.493 | FAST    |
B_i[0][1][3]   | C_o[1][1][3]   |     5.747 | SLOW    |     2.484 | FAST    |
B_i[0][1][3]   | C_o[1][1][4]   |     5.756 | SLOW    |     2.489 | FAST    |
B_i[0][1][3]   | C_o[1][1][5]   |     5.713 | SLOW    |     2.462 | FAST    |
B_i[0][1][3]   | C_o[1][1][6]   |     5.719 | SLOW    |     2.466 | FAST    |
B_i[0][1][4]   | C_o[0][1][4]   |     5.758 | SLOW    |     2.502 | FAST    |
B_i[0][1][4]   | C_o[0][1][5]   |     5.715 | SLOW    |     2.461 | FAST    |
B_i[0][1][4]   | C_o[0][1][6]   |     5.721 | SLOW    |     2.465 | FAST    |
B_i[0][1][4]   | C_o[1][1][4]   |     5.758 | SLOW    |     2.502 | FAST    |
B_i[0][1][4]   | C_o[1][1][5]   |     5.715 | SLOW    |     2.461 | FAST    |
B_i[0][1][4]   | C_o[1][1][6]   |     5.721 | SLOW    |     2.465 | FAST    |
B_i[0][1][5]   | C_o[0][1][4]   |     5.770 | SLOW    |     2.511 | FAST    |
B_i[0][1][5]   | C_o[0][1][5]   |     5.727 | SLOW    |     2.470 | FAST    |
B_i[0][1][5]   | C_o[0][1][6]   |     5.733 | SLOW    |     2.474 | FAST    |
B_i[0][1][5]   | C_o[1][1][4]   |     5.770 | SLOW    |     2.511 | FAST    |
B_i[0][1][5]   | C_o[1][1][5]   |     5.727 | SLOW    |     2.470 | FAST    |
B_i[0][1][5]   | C_o[1][1][6]   |     5.733 | SLOW    |     2.474 | FAST    |
B_i[0][1][6]   | C_o[0][1][6]   |     5.729 | SLOW    |     2.478 | FAST    |
B_i[0][1][6]   | C_o[1][1][6]   |     5.729 | SLOW    |     2.478 | FAST    |
B_i[1][0][0]   | C_o[0][0][0]   |     5.768 | SLOW    |     2.496 | FAST    |
B_i[1][0][0]   | C_o[0][0][1]   |     5.782 | SLOW    |     2.489 | FAST    |
B_i[1][0][0]   | C_o[0][0][2]   |     5.768 | SLOW    |     2.479 | FAST    |
B_i[1][0][0]   | C_o[0][0][3]   |     5.774 | SLOW    |     2.484 | FAST    |
B_i[1][0][0]   | C_o[0][0][4]   |     5.783 | SLOW    |     2.489 | FAST    |
B_i[1][0][0]   | C_o[0][0][5]   |     5.740 | SLOW    |     2.462 | FAST    |
B_i[1][0][0]   | C_o[0][0][6]   |     5.746 | SLOW    |     2.466 | FAST    |
B_i[1][0][0]   | C_o[1][0][0]   |     5.768 | SLOW    |     2.496 | FAST    |
B_i[1][0][0]   | C_o[1][0][1]   |     5.782 | SLOW    |     2.489 | FAST    |
B_i[1][0][0]   | C_o[1][0][2]   |     5.768 | SLOW    |     2.479 | FAST    |
B_i[1][0][0]   | C_o[1][0][3]   |     5.774 | SLOW    |     2.484 | FAST    |
B_i[1][0][0]   | C_o[1][0][4]   |     5.783 | SLOW    |     2.489 | FAST    |
B_i[1][0][0]   | C_o[1][0][5]   |     5.740 | SLOW    |     2.462 | FAST    |
B_i[1][0][0]   | C_o[1][0][6]   |     5.746 | SLOW    |     2.466 | FAST    |
B_i[1][0][1]   | C_o[0][0][0]   |     5.768 | SLOW    |     2.497 | FAST    |
B_i[1][0][1]   | C_o[0][0][1]   |     5.782 | SLOW    |     2.490 | FAST    |
B_i[1][0][1]   | C_o[0][0][2]   |     5.768 | SLOW    |     2.480 | FAST    |
B_i[1][0][1]   | C_o[0][0][3]   |     5.774 | SLOW    |     2.485 | FAST    |
B_i[1][0][1]   | C_o[0][0][4]   |     5.783 | SLOW    |     2.490 | FAST    |
B_i[1][0][1]   | C_o[0][0][5]   |     5.740 | SLOW    |     2.463 | FAST    |
B_i[1][0][1]   | C_o[0][0][6]   |     5.747 | SLOW    |     2.467 | FAST    |
B_i[1][0][1]   | C_o[1][0][0]   |     5.768 | SLOW    |     2.497 | FAST    |
B_i[1][0][1]   | C_o[1][0][1]   |     5.782 | SLOW    |     2.490 | FAST    |
B_i[1][0][1]   | C_o[1][0][2]   |     5.768 | SLOW    |     2.480 | FAST    |
B_i[1][0][1]   | C_o[1][0][3]   |     5.774 | SLOW    |     2.485 | FAST    |
B_i[1][0][1]   | C_o[1][0][4]   |     5.783 | SLOW    |     2.490 | FAST    |
B_i[1][0][1]   | C_o[1][0][5]   |     5.740 | SLOW    |     2.463 | FAST    |
B_i[1][0][1]   | C_o[1][0][6]   |     5.747 | SLOW    |     2.467 | FAST    |
B_i[1][0][2]   | C_o[0][0][2]   |     5.781 | SLOW    |     2.507 | FAST    |
B_i[1][0][2]   | C_o[0][0][3]   |     5.787 | SLOW    |     2.493 | FAST    |
B_i[1][0][2]   | C_o[0][0][4]   |     5.796 | SLOW    |     2.498 | FAST    |
B_i[1][0][2]   | C_o[0][0][5]   |     5.753 | SLOW    |     2.471 | FAST    |
B_i[1][0][2]   | C_o[0][0][6]   |     5.760 | SLOW    |     2.475 | FAST    |
B_i[1][0][2]   | C_o[1][0][2]   |     5.781 | SLOW    |     2.507 | FAST    |
B_i[1][0][2]   | C_o[1][0][3]   |     5.787 | SLOW    |     2.493 | FAST    |
B_i[1][0][2]   | C_o[1][0][4]   |     5.796 | SLOW    |     2.498 | FAST    |
B_i[1][0][2]   | C_o[1][0][5]   |     5.753 | SLOW    |     2.471 | FAST    |
B_i[1][0][2]   | C_o[1][0][6]   |     5.760 | SLOW    |     2.475 | FAST    |
B_i[1][0][3]   | C_o[0][0][2]   |     5.769 | SLOW    |     2.501 | FAST    |
B_i[1][0][3]   | C_o[0][0][3]   |     5.775 | SLOW    |     2.487 | FAST    |
B_i[1][0][3]   | C_o[0][0][4]   |     5.784 | SLOW    |     2.492 | FAST    |
B_i[1][0][3]   | C_o[0][0][5]   |     5.741 | SLOW    |     2.465 | FAST    |
B_i[1][0][3]   | C_o[0][0][6]   |     5.748 | SLOW    |     2.469 | FAST    |
B_i[1][0][3]   | C_o[1][0][2]   |     5.769 | SLOW    |     2.501 | FAST    |
B_i[1][0][3]   | C_o[1][0][3]   |     5.775 | SLOW    |     2.487 | FAST    |
B_i[1][0][3]   | C_o[1][0][4]   |     5.784 | SLOW    |     2.492 | FAST    |
B_i[1][0][3]   | C_o[1][0][5]   |     5.741 | SLOW    |     2.465 | FAST    |
B_i[1][0][3]   | C_o[1][0][6]   |     5.748 | SLOW    |     2.469 | FAST    |
B_i[1][0][4]   | C_o[0][0][4]   |     5.756 | SLOW    |     2.492 | FAST    |
B_i[1][0][4]   | C_o[0][0][5]   |     5.713 | SLOW    |     2.446 | FAST    |
B_i[1][0][4]   | C_o[0][0][6]   |     5.720 | SLOW    |     2.450 | FAST    |
B_i[1][0][4]   | C_o[1][0][4]   |     5.756 | SLOW    |     2.492 | FAST    |
B_i[1][0][4]   | C_o[1][0][5]   |     5.713 | SLOW    |     2.446 | FAST    |
B_i[1][0][4]   | C_o[1][0][6]   |     5.720 | SLOW    |     2.450 | FAST    |
B_i[1][0][5]   | C_o[0][0][4]   |     5.760 | SLOW    |     2.495 | FAST    |
B_i[1][0][5]   | C_o[0][0][5]   |     5.717 | SLOW    |     2.449 | FAST    |
B_i[1][0][5]   | C_o[0][0][6]   |     5.724 | SLOW    |     2.453 | FAST    |
B_i[1][0][5]   | C_o[1][0][4]   |     5.760 | SLOW    |     2.495 | FAST    |
B_i[1][0][5]   | C_o[1][0][5]   |     5.717 | SLOW    |     2.449 | FAST    |
B_i[1][0][5]   | C_o[1][0][6]   |     5.724 | SLOW    |     2.453 | FAST    |
B_i[1][0][6]   | C_o[0][0][6]   |     5.734 | SLOW    |     2.476 | FAST    |
B_i[1][0][6]   | C_o[1][0][6]   |     5.734 | SLOW    |     2.476 | FAST    |
B_i[1][1][0]   | C_o[0][1][0]   |     5.768 | SLOW    |     2.496 | FAST    |
B_i[1][1][0]   | C_o[0][1][1]   |     5.782 | SLOW    |     2.489 | FAST    |
B_i[1][1][0]   | C_o[0][1][2]   |     5.768 | SLOW    |     2.479 | FAST    |
B_i[1][1][0]   | C_o[0][1][3]   |     5.774 | SLOW    |     2.484 | FAST    |
B_i[1][1][0]   | C_o[0][1][4]   |     5.783 | SLOW    |     2.489 | FAST    |
B_i[1][1][0]   | C_o[0][1][5]   |     5.740 | SLOW    |     2.462 | FAST    |
B_i[1][1][0]   | C_o[0][1][6]   |     5.746 | SLOW    |     2.466 | FAST    |
B_i[1][1][0]   | C_o[1][1][0]   |     5.768 | SLOW    |     2.496 | FAST    |
B_i[1][1][0]   | C_o[1][1][1]   |     5.782 | SLOW    |     2.489 | FAST    |
B_i[1][1][0]   | C_o[1][1][2]   |     5.768 | SLOW    |     2.479 | FAST    |
B_i[1][1][0]   | C_o[1][1][3]   |     5.774 | SLOW    |     2.484 | FAST    |
B_i[1][1][0]   | C_o[1][1][4]   |     5.783 | SLOW    |     2.489 | FAST    |
B_i[1][1][0]   | C_o[1][1][5]   |     5.740 | SLOW    |     2.462 | FAST    |
B_i[1][1][0]   | C_o[1][1][6]   |     5.746 | SLOW    |     2.466 | FAST    |
B_i[1][1][1]   | C_o[0][1][0]   |     5.768 | SLOW    |     2.497 | FAST    |
B_i[1][1][1]   | C_o[0][1][1]   |     5.782 | SLOW    |     2.490 | FAST    |
B_i[1][1][1]   | C_o[0][1][2]   |     5.768 | SLOW    |     2.480 | FAST    |
B_i[1][1][1]   | C_o[0][1][3]   |     5.774 | SLOW    |     2.485 | FAST    |
B_i[1][1][1]   | C_o[0][1][4]   |     5.783 | SLOW    |     2.490 | FAST    |
B_i[1][1][1]   | C_o[0][1][5]   |     5.740 | SLOW    |     2.463 | FAST    |
B_i[1][1][1]   | C_o[0][1][6]   |     5.747 | SLOW    |     2.467 | FAST    |
B_i[1][1][1]   | C_o[1][1][0]   |     5.768 | SLOW    |     2.497 | FAST    |
B_i[1][1][1]   | C_o[1][1][1]   |     5.782 | SLOW    |     2.490 | FAST    |
B_i[1][1][1]   | C_o[1][1][2]   |     5.768 | SLOW    |     2.480 | FAST    |
B_i[1][1][1]   | C_o[1][1][3]   |     5.774 | SLOW    |     2.485 | FAST    |
B_i[1][1][1]   | C_o[1][1][4]   |     5.783 | SLOW    |     2.490 | FAST    |
B_i[1][1][1]   | C_o[1][1][5]   |     5.740 | SLOW    |     2.463 | FAST    |
B_i[1][1][1]   | C_o[1][1][6]   |     5.747 | SLOW    |     2.467 | FAST    |
B_i[1][1][2]   | C_o[0][1][2]   |     5.781 | SLOW    |     2.507 | FAST    |
B_i[1][1][2]   | C_o[0][1][3]   |     5.787 | SLOW    |     2.493 | FAST    |
B_i[1][1][2]   | C_o[0][1][4]   |     5.796 | SLOW    |     2.498 | FAST    |
B_i[1][1][2]   | C_o[0][1][5]   |     5.753 | SLOW    |     2.471 | FAST    |
B_i[1][1][2]   | C_o[0][1][6]   |     5.760 | SLOW    |     2.475 | FAST    |
B_i[1][1][2]   | C_o[1][1][2]   |     5.781 | SLOW    |     2.507 | FAST    |
B_i[1][1][2]   | C_o[1][1][3]   |     5.787 | SLOW    |     2.493 | FAST    |
B_i[1][1][2]   | C_o[1][1][4]   |     5.796 | SLOW    |     2.498 | FAST    |
B_i[1][1][2]   | C_o[1][1][5]   |     5.753 | SLOW    |     2.471 | FAST    |
B_i[1][1][2]   | C_o[1][1][6]   |     5.760 | SLOW    |     2.475 | FAST    |
B_i[1][1][3]   | C_o[0][1][2]   |     5.769 | SLOW    |     2.501 | FAST    |
B_i[1][1][3]   | C_o[0][1][3]   |     5.775 | SLOW    |     2.487 | FAST    |
B_i[1][1][3]   | C_o[0][1][4]   |     5.784 | SLOW    |     2.492 | FAST    |
B_i[1][1][3]   | C_o[0][1][5]   |     5.741 | SLOW    |     2.465 | FAST    |
B_i[1][1][3]   | C_o[0][1][6]   |     5.748 | SLOW    |     2.469 | FAST    |
B_i[1][1][3]   | C_o[1][1][2]   |     5.769 | SLOW    |     2.501 | FAST    |
B_i[1][1][3]   | C_o[1][1][3]   |     5.775 | SLOW    |     2.487 | FAST    |
B_i[1][1][3]   | C_o[1][1][4]   |     5.784 | SLOW    |     2.492 | FAST    |
B_i[1][1][3]   | C_o[1][1][5]   |     5.741 | SLOW    |     2.465 | FAST    |
B_i[1][1][3]   | C_o[1][1][6]   |     5.748 | SLOW    |     2.469 | FAST    |
B_i[1][1][4]   | C_o[0][1][4]   |     5.756 | SLOW    |     2.492 | FAST    |
B_i[1][1][4]   | C_o[0][1][5]   |     5.713 | SLOW    |     2.446 | FAST    |
B_i[1][1][4]   | C_o[0][1][6]   |     5.720 | SLOW    |     2.450 | FAST    |
B_i[1][1][4]   | C_o[1][1][4]   |     5.756 | SLOW    |     2.492 | FAST    |
B_i[1][1][4]   | C_o[1][1][5]   |     5.713 | SLOW    |     2.446 | FAST    |
B_i[1][1][4]   | C_o[1][1][6]   |     5.720 | SLOW    |     2.450 | FAST    |
B_i[1][1][5]   | C_o[0][1][4]   |     5.760 | SLOW    |     2.495 | FAST    |
B_i[1][1][5]   | C_o[0][1][5]   |     5.717 | SLOW    |     2.449 | FAST    |
B_i[1][1][5]   | C_o[0][1][6]   |     5.724 | SLOW    |     2.453 | FAST    |
B_i[1][1][5]   | C_o[1][1][4]   |     5.760 | SLOW    |     2.495 | FAST    |
B_i[1][1][5]   | C_o[1][1][5]   |     5.717 | SLOW    |     2.449 | FAST    |
B_i[1][1][5]   | C_o[1][1][6]   |     5.724 | SLOW    |     2.453 | FAST    |
B_i[1][1][6]   | C_o[0][1][6]   |     5.734 | SLOW    |     2.476 | FAST    |
B_i[1][1][6]   | C_o[1][1][6]   |     5.734 | SLOW    |     2.476 | FAST    |
S_A_i[0][0][0] | S_C_o[0][0][0] |     4.246 | SLOW    |     2.201 | FAST    |
S_A_i[0][0][0] | S_C_o[0][0][1] |     4.263 | SLOW    |     2.207 | FAST    |
S_A_i[0][0][0] | S_C_o[0][0][2] |     4.273 | SLOW    |     2.210 | FAST    |
S_A_i[0][0][0] | S_C_o[0][0][3] |     4.453 | SLOW    |     2.307 | FAST    |
S_A_i[0][0][0] | S_C_o[0][0][4] |     4.475 | SLOW    |     2.321 | FAST    |
S_A_i[0][0][0] | S_C_o[0][0][5] |     4.540 | SLOW    |     2.358 | FAST    |
S_A_i[0][0][0] | S_C_o[0][0][6] |     4.697 | SLOW    |     2.444 | FAST    |
S_A_i[0][0][0] | S_C_o[0][0][7] |     4.762 | SLOW    |     2.481 | FAST    |
S_A_i[0][0][0] | S_C_o[0][1][0] |     4.246 | SLOW    |     2.201 | FAST    |
S_A_i[0][0][0] | S_C_o[0][1][1] |     4.263 | SLOW    |     2.207 | FAST    |
S_A_i[0][0][0] | S_C_o[0][1][2] |     4.273 | SLOW    |     2.210 | FAST    |
S_A_i[0][0][0] | S_C_o[0][1][3] |     4.453 | SLOW    |     2.307 | FAST    |
S_A_i[0][0][0] | S_C_o[0][1][4] |     4.475 | SLOW    |     2.321 | FAST    |
S_A_i[0][0][0] | S_C_o[0][1][5] |     4.540 | SLOW    |     2.358 | FAST    |
S_A_i[0][0][0] | S_C_o[0][1][6] |     4.697 | SLOW    |     2.444 | FAST    |
S_A_i[0][0][0] | S_C_o[0][1][7] |     4.762 | SLOW    |     2.481 | FAST    |
S_A_i[0][0][1] | S_C_o[0][0][1] |     4.270 | SLOW    |     2.218 | FAST    |
S_A_i[0][0][1] | S_C_o[0][0][2] |     4.266 | SLOW    |     2.207 | FAST    |
S_A_i[0][0][1] | S_C_o[0][0][3] |     4.451 | SLOW    |     2.312 | FAST    |
S_A_i[0][0][1] | S_C_o[0][0][4] |     4.473 | SLOW    |     2.326 | FAST    |
S_A_i[0][0][1] | S_C_o[0][0][5] |     4.538 | SLOW    |     2.363 | FAST    |
S_A_i[0][0][1] | S_C_o[0][0][6] |     4.695 | SLOW    |     2.449 | FAST    |
S_A_i[0][0][1] | S_C_o[0][0][7] |     4.760 | SLOW    |     2.486 | FAST    |
S_A_i[0][0][1] | S_C_o[0][1][1] |     4.270 | SLOW    |     2.218 | FAST    |
S_A_i[0][0][1] | S_C_o[0][1][2] |     4.266 | SLOW    |     2.207 | FAST    |
S_A_i[0][0][1] | S_C_o[0][1][3] |     4.451 | SLOW    |     2.312 | FAST    |
S_A_i[0][0][1] | S_C_o[0][1][4] |     4.473 | SLOW    |     2.326 | FAST    |
S_A_i[0][0][1] | S_C_o[0][1][5] |     4.538 | SLOW    |     2.363 | FAST    |
S_A_i[0][0][1] | S_C_o[0][1][6] |     4.695 | SLOW    |     2.449 | FAST    |
S_A_i[0][0][1] | S_C_o[0][1][7] |     4.760 | SLOW    |     2.486 | FAST    |
S_A_i[0][0][2] | S_C_o[0][0][2] |     4.230 | SLOW    |     2.193 | FAST    |
S_A_i[0][0][2] | S_C_o[0][0][3] |     4.469 | SLOW    |     2.316 | FAST    |
S_A_i[0][0][2] | S_C_o[0][0][4] |     4.491 | SLOW    |     2.330 | FAST    |
S_A_i[0][0][2] | S_C_o[0][0][5] |     4.556 | SLOW    |     2.367 | FAST    |
S_A_i[0][0][2] | S_C_o[0][0][6] |     4.713 | SLOW    |     2.453 | FAST    |
S_A_i[0][0][2] | S_C_o[0][0][7] |     4.778 | SLOW    |     2.490 | FAST    |
S_A_i[0][0][2] | S_C_o[0][1][2] |     4.230 | SLOW    |     2.193 | FAST    |
S_A_i[0][0][2] | S_C_o[0][1][3] |     4.469 | SLOW    |     2.316 | FAST    |
S_A_i[0][0][2] | S_C_o[0][1][4] |     4.491 | SLOW    |     2.330 | FAST    |
S_A_i[0][0][2] | S_C_o[0][1][5] |     4.556 | SLOW    |     2.367 | FAST    |
S_A_i[0][0][2] | S_C_o[0][1][6] |     4.713 | SLOW    |     2.453 | FAST    |
S_A_i[0][0][2] | S_C_o[0][1][7] |     4.778 | SLOW    |     2.490 | FAST    |
S_A_i[0][0][3] | S_C_o[0][0][3] |     4.246 | SLOW    |     2.201 | FAST    |
S_A_i[0][0][3] | S_C_o[0][0][4] |     4.263 | SLOW    |     2.207 | FAST    |
S_A_i[0][0][3] | S_C_o[0][0][5] |     4.241 | SLOW    |     2.193 | FAST    |
S_A_i[0][0][3] | S_C_o[0][0][6] |     4.499 | SLOW    |     2.344 | FAST    |
S_A_i[0][0][3] | S_C_o[0][0][7] |     4.564 | SLOW    |     2.381 | FAST    |
S_A_i[0][0][3] | S_C_o[0][1][3] |     4.246 | SLOW    |     2.201 | FAST    |
S_A_i[0][0][3] | S_C_o[0][1][4] |     4.263 | SLOW    |     2.207 | FAST    |
S_A_i[0][0][3] | S_C_o[0][1][5] |     4.241 | SLOW    |     2.193 | FAST    |
S_A_i[0][0][3] | S_C_o[0][1][6] |     4.499 | SLOW    |     2.344 | FAST    |
S_A_i[0][0][3] | S_C_o[0][1][7] |     4.564 | SLOW    |     2.381 | FAST    |
S_A_i[0][0][4] | S_C_o[0][0][4] |     4.270 | SLOW    |     2.218 | FAST    |
S_A_i[0][0][4] | S_C_o[0][0][5] |     4.266 | SLOW    |     2.207 | FAST    |
S_A_i[0][0][4] | S_C_o[0][0][6] |     4.478 | SLOW    |     2.327 | FAST    |
S_A_i[0][0][4] | S_C_o[0][0][7] |     4.543 | SLOW    |     2.364 | FAST    |
S_A_i[0][0][4] | S_C_o[0][1][4] |     4.270 | SLOW    |     2.218 | FAST    |
S_A_i[0][0][4] | S_C_o[0][1][5] |     4.266 | SLOW    |     2.207 | FAST    |
S_A_i[0][0][4] | S_C_o[0][1][6] |     4.478 | SLOW    |     2.327 | FAST    |
S_A_i[0][0][4] | S_C_o[0][1][7] |     4.543 | SLOW    |     2.364 | FAST    |
S_A_i[0][0][5] | S_C_o[0][0][5] |     4.437 | SLOW    |     2.311 | FAST    |
S_A_i[0][0][5] | S_C_o[0][0][6] |     4.256 | SLOW    |     2.204 | FAST    |
S_A_i[0][0][5] | S_C_o[0][0][7] |     4.266 | SLOW    |     2.207 | FAST    |
S_A_i[0][0][5] | S_C_o[0][1][5] |     4.437 | SLOW    |     2.311 | FAST    |
S_A_i[0][0][5] | S_C_o[0][1][6] |     4.256 | SLOW    |     2.204 | FAST    |
S_A_i[0][0][5] | S_C_o[0][1][7] |     4.266 | SLOW    |     2.207 | FAST    |
S_A_i[0][0][6] | S_C_o[0][0][6] |     4.261 | SLOW    |     2.213 | FAST    |
S_A_i[0][0][6] | S_C_o[0][0][7] |     4.225 | SLOW    |     2.185 | FAST    |
S_A_i[0][0][6] | S_C_o[0][1][6] |     4.261 | SLOW    |     2.213 | FAST    |
S_A_i[0][0][6] | S_C_o[0][1][7] |     4.225 | SLOW    |     2.185 | FAST    |
S_A_i[0][0][7] | S_C_o[0][0][7] |     4.414 | SLOW    |     2.300 | FAST    |
S_A_i[0][0][7] | S_C_o[0][1][7] |     4.445 | SLOW    |     2.320 | FAST    |
S_A_i[1][0][0] | S_C_o[1][0][0] |     4.246 | SLOW    |     2.201 | FAST    |
S_A_i[1][0][0] | S_C_o[1][0][1] |     4.263 | SLOW    |     2.207 | FAST    |
S_A_i[1][0][0] | S_C_o[1][0][2] |     4.273 | SLOW    |     2.210 | FAST    |
S_A_i[1][0][0] | S_C_o[1][0][3] |     4.453 | SLOW    |     2.307 | FAST    |
S_A_i[1][0][0] | S_C_o[1][0][4] |     4.475 | SLOW    |     2.321 | FAST    |
S_A_i[1][0][0] | S_C_o[1][0][5] |     4.540 | SLOW    |     2.358 | FAST    |
S_A_i[1][0][0] | S_C_o[1][0][6] |     4.697 | SLOW    |     2.444 | FAST    |
S_A_i[1][0][0] | S_C_o[1][0][7] |     4.762 | SLOW    |     2.481 | FAST    |
S_A_i[1][0][0] | S_C_o[1][1][0] |     4.246 | SLOW    |     2.201 | FAST    |
S_A_i[1][0][0] | S_C_o[1][1][1] |     4.263 | SLOW    |     2.207 | FAST    |
S_A_i[1][0][0] | S_C_o[1][1][2] |     4.273 | SLOW    |     2.210 | FAST    |
S_A_i[1][0][0] | S_C_o[1][1][3] |     4.453 | SLOW    |     2.307 | FAST    |
S_A_i[1][0][0] | S_C_o[1][1][4] |     4.475 | SLOW    |     2.321 | FAST    |
S_A_i[1][0][0] | S_C_o[1][1][5] |     4.540 | SLOW    |     2.358 | FAST    |
S_A_i[1][0][0] | S_C_o[1][1][6] |     4.697 | SLOW    |     2.444 | FAST    |
S_A_i[1][0][0] | S_C_o[1][1][7] |     4.762 | SLOW    |     2.481 | FAST    |
S_A_i[1][0][1] | S_C_o[1][0][1] |     4.270 | SLOW    |     2.218 | FAST    |
S_A_i[1][0][1] | S_C_o[1][0][2] |     4.266 | SLOW    |     2.207 | FAST    |
S_A_i[1][0][1] | S_C_o[1][0][3] |     4.451 | SLOW    |     2.312 | FAST    |
S_A_i[1][0][1] | S_C_o[1][0][4] |     4.473 | SLOW    |     2.326 | FAST    |
S_A_i[1][0][1] | S_C_o[1][0][5] |     4.538 | SLOW    |     2.363 | FAST    |
S_A_i[1][0][1] | S_C_o[1][0][6] |     4.695 | SLOW    |     2.449 | FAST    |
S_A_i[1][0][1] | S_C_o[1][0][7] |     4.760 | SLOW    |     2.486 | FAST    |
S_A_i[1][0][1] | S_C_o[1][1][1] |     4.270 | SLOW    |     2.218 | FAST    |
S_A_i[1][0][1] | S_C_o[1][1][2] |     4.266 | SLOW    |     2.207 | FAST    |
S_A_i[1][0][1] | S_C_o[1][1][3] |     4.451 | SLOW    |     2.312 | FAST    |
S_A_i[1][0][1] | S_C_o[1][1][4] |     4.473 | SLOW    |     2.326 | FAST    |
S_A_i[1][0][1] | S_C_o[1][1][5] |     4.538 | SLOW    |     2.363 | FAST    |
S_A_i[1][0][1] | S_C_o[1][1][6] |     4.695 | SLOW    |     2.449 | FAST    |
S_A_i[1][0][1] | S_C_o[1][1][7] |     4.760 | SLOW    |     2.486 | FAST    |
S_A_i[1][0][2] | S_C_o[1][0][2] |     4.230 | SLOW    |     2.193 | FAST    |
S_A_i[1][0][2] | S_C_o[1][0][3] |     4.469 | SLOW    |     2.316 | FAST    |
S_A_i[1][0][2] | S_C_o[1][0][4] |     4.491 | SLOW    |     2.330 | FAST    |
S_A_i[1][0][2] | S_C_o[1][0][5] |     4.556 | SLOW    |     2.367 | FAST    |
S_A_i[1][0][2] | S_C_o[1][0][6] |     4.713 | SLOW    |     2.453 | FAST    |
S_A_i[1][0][2] | S_C_o[1][0][7] |     4.778 | SLOW    |     2.490 | FAST    |
S_A_i[1][0][2] | S_C_o[1][1][2] |     4.230 | SLOW    |     2.193 | FAST    |
S_A_i[1][0][2] | S_C_o[1][1][3] |     4.469 | SLOW    |     2.316 | FAST    |
S_A_i[1][0][2] | S_C_o[1][1][4] |     4.491 | SLOW    |     2.330 | FAST    |
S_A_i[1][0][2] | S_C_o[1][1][5] |     4.556 | SLOW    |     2.367 | FAST    |
S_A_i[1][0][2] | S_C_o[1][1][6] |     4.713 | SLOW    |     2.453 | FAST    |
S_A_i[1][0][2] | S_C_o[1][1][7] |     4.778 | SLOW    |     2.490 | FAST    |
S_A_i[1][0][3] | S_C_o[1][0][3] |     4.246 | SLOW    |     2.201 | FAST    |
S_A_i[1][0][3] | S_C_o[1][0][4] |     4.263 | SLOW    |     2.207 | FAST    |
S_A_i[1][0][3] | S_C_o[1][0][5] |     4.241 | SLOW    |     2.193 | FAST    |
S_A_i[1][0][3] | S_C_o[1][0][6] |     4.499 | SLOW    |     2.344 | FAST    |
S_A_i[1][0][3] | S_C_o[1][0][7] |     4.564 | SLOW    |     2.381 | FAST    |
S_A_i[1][0][3] | S_C_o[1][1][3] |     4.246 | SLOW    |     2.201 | FAST    |
S_A_i[1][0][3] | S_C_o[1][1][4] |     4.263 | SLOW    |     2.207 | FAST    |
S_A_i[1][0][3] | S_C_o[1][1][5] |     4.241 | SLOW    |     2.193 | FAST    |
S_A_i[1][0][3] | S_C_o[1][1][6] |     4.499 | SLOW    |     2.344 | FAST    |
S_A_i[1][0][3] | S_C_o[1][1][7] |     4.564 | SLOW    |     2.381 | FAST    |
S_A_i[1][0][4] | S_C_o[1][0][4] |     4.270 | SLOW    |     2.218 | FAST    |
S_A_i[1][0][4] | S_C_o[1][0][5] |     4.266 | SLOW    |     2.207 | FAST    |
S_A_i[1][0][4] | S_C_o[1][0][6] |     4.478 | SLOW    |     2.327 | FAST    |
S_A_i[1][0][4] | S_C_o[1][0][7] |     4.543 | SLOW    |     2.364 | FAST    |
S_A_i[1][0][4] | S_C_o[1][1][4] |     4.270 | SLOW    |     2.218 | FAST    |
S_A_i[1][0][4] | S_C_o[1][1][5] |     4.266 | SLOW    |     2.207 | FAST    |
S_A_i[1][0][4] | S_C_o[1][1][6] |     4.478 | SLOW    |     2.327 | FAST    |
S_A_i[1][0][4] | S_C_o[1][1][7] |     4.543 | SLOW    |     2.364 | FAST    |
S_A_i[1][0][5] | S_C_o[1][0][5] |     4.437 | SLOW    |     2.311 | FAST    |
S_A_i[1][0][5] | S_C_o[1][0][6] |     4.256 | SLOW    |     2.204 | FAST    |
S_A_i[1][0][5] | S_C_o[1][0][7] |     4.266 | SLOW    |     2.207 | FAST    |
S_A_i[1][0][5] | S_C_o[1][1][5] |     4.437 | SLOW    |     2.311 | FAST    |
S_A_i[1][0][5] | S_C_o[1][1][6] |     4.256 | SLOW    |     2.204 | FAST    |
S_A_i[1][0][5] | S_C_o[1][1][7] |     4.266 | SLOW    |     2.207 | FAST    |
S_A_i[1][0][6] | S_C_o[1][0][6] |     4.261 | SLOW    |     2.213 | FAST    |
S_A_i[1][0][6] | S_C_o[1][0][7] |     4.225 | SLOW    |     2.185 | FAST    |
S_A_i[1][0][6] | S_C_o[1][1][6] |     4.261 | SLOW    |     2.213 | FAST    |
S_A_i[1][0][6] | S_C_o[1][1][7] |     4.225 | SLOW    |     2.185 | FAST    |
S_A_i[1][0][7] | S_C_o[1][0][7] |     4.414 | SLOW    |     2.300 | FAST    |
S_A_i[1][0][7] | S_C_o[1][1][7] |     4.445 | SLOW    |     2.320 | FAST    |
S_B_i[0][0][0] | S_C_o[0][0][0] |     4.246 | SLOW    |     2.201 | FAST    |
S_B_i[0][0][0] | S_C_o[0][0][1] |     4.263 | SLOW    |     2.207 | FAST    |
S_B_i[0][0][0] | S_C_o[0][0][2] |     4.241 | SLOW    |     2.193 | FAST    |
S_B_i[0][0][0] | S_C_o[0][0][3] |     4.485 | SLOW    |     2.324 | FAST    |
S_B_i[0][0][0] | S_C_o[0][0][4] |     4.507 | SLOW    |     2.338 | FAST    |
S_B_i[0][0][0] | S_C_o[0][0][5] |     4.572 | SLOW    |     2.375 | FAST    |
S_B_i[0][0][0] | S_C_o[0][0][6] |     4.729 | SLOW    |     2.461 | FAST    |
S_B_i[0][0][0] | S_C_o[0][0][7] |     4.794 | SLOW    |     2.498 | FAST    |
S_B_i[0][0][0] | S_C_o[1][0][0] |     4.246 | SLOW    |     2.201 | FAST    |
S_B_i[0][0][0] | S_C_o[1][0][1] |     4.263 | SLOW    |     2.207 | FAST    |
S_B_i[0][0][0] | S_C_o[1][0][2] |     4.241 | SLOW    |     2.193 | FAST    |
S_B_i[0][0][0] | S_C_o[1][0][3] |     4.485 | SLOW    |     2.324 | FAST    |
S_B_i[0][0][0] | S_C_o[1][0][4] |     4.507 | SLOW    |     2.338 | FAST    |
S_B_i[0][0][0] | S_C_o[1][0][5] |     4.572 | SLOW    |     2.375 | FAST    |
S_B_i[0][0][0] | S_C_o[1][0][6] |     4.729 | SLOW    |     2.461 | FAST    |
S_B_i[0][0][0] | S_C_o[1][0][7] |     4.794 | SLOW    |     2.498 | FAST    |
S_B_i[0][0][1] | S_C_o[0][0][1] |     4.270 | SLOW    |     2.218 | FAST    |
S_B_i[0][0][1] | S_C_o[0][0][2] |     4.234 | SLOW    |     2.190 | FAST    |
S_B_i[0][0][1] | S_C_o[0][0][3] |     4.451 | SLOW    |     2.312 | FAST    |
S_B_i[0][0][1] | S_C_o[0][0][4] |     4.473 | SLOW    |     2.326 | FAST    |
S_B_i[0][0][1] | S_C_o[0][0][5] |     4.538 | SLOW    |     2.363 | FAST    |
S_B_i[0][0][1] | S_C_o[0][0][6] |     4.695 | SLOW    |     2.449 | FAST    |
S_B_i[0][0][1] | S_C_o[0][0][7] |     4.760 | SLOW    |     2.486 | FAST    |
S_B_i[0][0][1] | S_C_o[1][0][1] |     4.270 | SLOW    |     2.218 | FAST    |
S_B_i[0][0][1] | S_C_o[1][0][2] |     4.234 | SLOW    |     2.190 | FAST    |
S_B_i[0][0][1] | S_C_o[1][0][3] |     4.451 | SLOW    |     2.312 | FAST    |
S_B_i[0][0][1] | S_C_o[1][0][4] |     4.473 | SLOW    |     2.326 | FAST    |
S_B_i[0][0][1] | S_C_o[1][0][5] |     4.538 | SLOW    |     2.363 | FAST    |
S_B_i[0][0][1] | S_C_o[1][0][6] |     4.695 | SLOW    |     2.449 | FAST    |
S_B_i[0][0][1] | S_C_o[1][0][7] |     4.760 | SLOW    |     2.486 | FAST    |
S_B_i[0][0][2] | S_C_o[0][0][2] |     4.230 | SLOW    |     2.193 | FAST    |
S_B_i[0][0][2] | S_C_o[0][0][3] |     4.437 | SLOW    |     2.299 | FAST    |
S_B_i[0][0][2] | S_C_o[0][0][4] |     4.459 | SLOW    |     2.313 | FAST    |
S_B_i[0][0][2] | S_C_o[0][0][5] |     4.524 | SLOW    |     2.350 | FAST    |
S_B_i[0][0][2] | S_C_o[0][0][6] |     4.681 | SLOW    |     2.436 | FAST    |
S_B_i[0][0][2] | S_C_o[0][0][7] |     4.746 | SLOW    |     2.473 | FAST    |
S_B_i[0][0][2] | S_C_o[1][0][2] |     4.230 | SLOW    |     2.193 | FAST    |
S_B_i[0][0][2] | S_C_o[1][0][3] |     4.437 | SLOW    |     2.299 | FAST    |
S_B_i[0][0][2] | S_C_o[1][0][4] |     4.459 | SLOW    |     2.313 | FAST    |
S_B_i[0][0][2] | S_C_o[1][0][5] |     4.524 | SLOW    |     2.350 | FAST    |
S_B_i[0][0][2] | S_C_o[1][0][6] |     4.681 | SLOW    |     2.436 | FAST    |
S_B_i[0][0][2] | S_C_o[1][0][7] |     4.746 | SLOW    |     2.473 | FAST    |
S_B_i[0][0][3] | S_C_o[0][0][3] |     4.246 | SLOW    |     2.201 | FAST    |
S_B_i[0][0][3] | S_C_o[0][0][4] |     4.263 | SLOW    |     2.207 | FAST    |
S_B_i[0][0][3] | S_C_o[0][0][5] |     4.246 | SLOW    |     2.201 | FAST    |
S_B_i[0][0][3] | S_C_o[0][0][6] |     4.499 | SLOW    |     2.344 | FAST    |
S_B_i[0][0][3] | S_C_o[0][0][7] |     4.564 | SLOW    |     2.381 | FAST    |
S_B_i[0][0][3] | S_C_o[1][0][3] |     4.246 | SLOW    |     2.201 | FAST    |
S_B_i[0][0][3] | S_C_o[1][0][4] |     4.263 | SLOW    |     2.207 | FAST    |
S_B_i[0][0][3] | S_C_o[1][0][5] |     4.246 | SLOW    |     2.201 | FAST    |
S_B_i[0][0][3] | S_C_o[1][0][6] |     4.499 | SLOW    |     2.344 | FAST    |
S_B_i[0][0][3] | S_C_o[1][0][7] |     4.564 | SLOW    |     2.381 | FAST    |
S_B_i[0][0][4] | S_C_o[0][0][4] |     4.270 | SLOW    |     2.218 | FAST    |
S_B_i[0][0][4] | S_C_o[0][0][5] |     4.234 | SLOW    |     2.190 | FAST    |
S_B_i[0][0][4] | S_C_o[0][0][6] |     4.478 | SLOW    |     2.327 | FAST    |
S_B_i[0][0][4] | S_C_o[0][0][7] |     4.543 | SLOW    |     2.364 | FAST    |
S_B_i[0][0][4] | S_C_o[1][0][4] |     4.270 | SLOW    |     2.218 | FAST    |
S_B_i[0][0][4] | S_C_o[1][0][5] |     4.234 | SLOW    |     2.190 | FAST    |
S_B_i[0][0][4] | S_C_o[1][0][6] |     4.478 | SLOW    |     2.327 | FAST    |
S_B_i[0][0][4] | S_C_o[1][0][7] |     4.543 | SLOW    |     2.364 | FAST    |
S_B_i[0][0][5] | S_C_o[0][0][5] |     4.437 | SLOW    |     2.311 | FAST    |
S_B_i[0][0][5] | S_C_o[0][0][6] |     4.256 | SLOW    |     2.204 | FAST    |
S_B_i[0][0][5] | S_C_o[0][0][7] |     4.234 | SLOW    |     2.190 | FAST    |
S_B_i[0][0][5] | S_C_o[1][0][5] |     4.437 | SLOW    |     2.311 | FAST    |
S_B_i[0][0][5] | S_C_o[1][0][6] |     4.256 | SLOW    |     2.204 | FAST    |
S_B_i[0][0][5] | S_C_o[1][0][7] |     4.234 | SLOW    |     2.190 | FAST    |
S_B_i[0][0][6] | S_C_o[0][0][6] |     4.261 | SLOW    |     2.213 | FAST    |
S_B_i[0][0][6] | S_C_o[0][0][7] |     4.230 | SLOW    |     2.193 | FAST    |
S_B_i[0][0][6] | S_C_o[1][0][6] |     4.261 | SLOW    |     2.213 | FAST    |
S_B_i[0][0][6] | S_C_o[1][0][7] |     4.230 | SLOW    |     2.193 | FAST    |
S_B_i[0][0][7] | S_C_o[0][0][7] |     4.414 | SLOW    |     2.300 | FAST    |
S_B_i[0][0][7] | S_C_o[1][0][7] |     4.414 | SLOW    |     2.300 | FAST    |
S_B_i[0][1][0] | S_C_o[0][1][0] |     4.246 | SLOW    |     2.201 | FAST    |
S_B_i[0][1][0] | S_C_o[0][1][1] |     4.263 | SLOW    |     2.207 | FAST    |
S_B_i[0][1][0] | S_C_o[0][1][2] |     4.241 | SLOW    |     2.193 | FAST    |
S_B_i[0][1][0] | S_C_o[0][1][3] |     4.485 | SLOW    |     2.324 | FAST    |
S_B_i[0][1][0] | S_C_o[0][1][4] |     4.507 | SLOW    |     2.338 | FAST    |
S_B_i[0][1][0] | S_C_o[0][1][5] |     4.572 | SLOW    |     2.375 | FAST    |
S_B_i[0][1][0] | S_C_o[0][1][6] |     4.729 | SLOW    |     2.461 | FAST    |
S_B_i[0][1][0] | S_C_o[0][1][7] |     4.794 | SLOW    |     2.498 | FAST    |
S_B_i[0][1][0] | S_C_o[1][1][0] |     4.246 | SLOW    |     2.201 | FAST    |
S_B_i[0][1][0] | S_C_o[1][1][1] |     4.263 | SLOW    |     2.207 | FAST    |
S_B_i[0][1][0] | S_C_o[1][1][2] |     4.241 | SLOW    |     2.193 | FAST    |
S_B_i[0][1][0] | S_C_o[1][1][3] |     4.485 | SLOW    |     2.324 | FAST    |
S_B_i[0][1][0] | S_C_o[1][1][4] |     4.507 | SLOW    |     2.338 | FAST    |
S_B_i[0][1][0] | S_C_o[1][1][5] |     4.572 | SLOW    |     2.375 | FAST    |
S_B_i[0][1][0] | S_C_o[1][1][6] |     4.729 | SLOW    |     2.461 | FAST    |
S_B_i[0][1][0] | S_C_o[1][1][7] |     4.794 | SLOW    |     2.498 | FAST    |
S_B_i[0][1][1] | S_C_o[0][1][1] |     4.270 | SLOW    |     2.218 | FAST    |
S_B_i[0][1][1] | S_C_o[0][1][2] |     4.234 | SLOW    |     2.190 | FAST    |
S_B_i[0][1][1] | S_C_o[0][1][3] |     4.451 | SLOW    |     2.312 | FAST    |
S_B_i[0][1][1] | S_C_o[0][1][4] |     4.473 | SLOW    |     2.326 | FAST    |
S_B_i[0][1][1] | S_C_o[0][1][5] |     4.538 | SLOW    |     2.363 | FAST    |
S_B_i[0][1][1] | S_C_o[0][1][6] |     4.695 | SLOW    |     2.449 | FAST    |
S_B_i[0][1][1] | S_C_o[0][1][7] |     4.760 | SLOW    |     2.486 | FAST    |
S_B_i[0][1][1] | S_C_o[1][1][1] |     4.270 | SLOW    |     2.218 | FAST    |
S_B_i[0][1][1] | S_C_o[1][1][2] |     4.234 | SLOW    |     2.190 | FAST    |
S_B_i[0][1][1] | S_C_o[1][1][3] |     4.451 | SLOW    |     2.312 | FAST    |
S_B_i[0][1][1] | S_C_o[1][1][4] |     4.473 | SLOW    |     2.326 | FAST    |
S_B_i[0][1][1] | S_C_o[1][1][5] |     4.538 | SLOW    |     2.363 | FAST    |
S_B_i[0][1][1] | S_C_o[1][1][6] |     4.695 | SLOW    |     2.449 | FAST    |
S_B_i[0][1][1] | S_C_o[1][1][7] |     4.760 | SLOW    |     2.486 | FAST    |
S_B_i[0][1][2] | S_C_o[0][1][2] |     4.230 | SLOW    |     2.193 | FAST    |
S_B_i[0][1][2] | S_C_o[0][1][3] |     4.437 | SLOW    |     2.299 | FAST    |
S_B_i[0][1][2] | S_C_o[0][1][4] |     4.459 | SLOW    |     2.313 | FAST    |
S_B_i[0][1][2] | S_C_o[0][1][5] |     4.524 | SLOW    |     2.350 | FAST    |
S_B_i[0][1][2] | S_C_o[0][1][6] |     4.681 | SLOW    |     2.436 | FAST    |
S_B_i[0][1][2] | S_C_o[0][1][7] |     4.746 | SLOW    |     2.473 | FAST    |
S_B_i[0][1][2] | S_C_o[1][1][2] |     4.230 | SLOW    |     2.193 | FAST    |
S_B_i[0][1][2] | S_C_o[1][1][3] |     4.437 | SLOW    |     2.299 | FAST    |
S_B_i[0][1][2] | S_C_o[1][1][4] |     4.459 | SLOW    |     2.313 | FAST    |
S_B_i[0][1][2] | S_C_o[1][1][5] |     4.524 | SLOW    |     2.350 | FAST    |
S_B_i[0][1][2] | S_C_o[1][1][6] |     4.681 | SLOW    |     2.436 | FAST    |
S_B_i[0][1][2] | S_C_o[1][1][7] |     4.746 | SLOW    |     2.473 | FAST    |
S_B_i[0][1][3] | S_C_o[0][1][3] |     4.246 | SLOW    |     2.201 | FAST    |
S_B_i[0][1][3] | S_C_o[0][1][4] |     4.263 | SLOW    |     2.207 | FAST    |
S_B_i[0][1][3] | S_C_o[0][1][5] |     4.246 | SLOW    |     2.201 | FAST    |
S_B_i[0][1][3] | S_C_o[0][1][6] |     4.499 | SLOW    |     2.344 | FAST    |
S_B_i[0][1][3] | S_C_o[0][1][7] |     4.564 | SLOW    |     2.381 | FAST    |
S_B_i[0][1][3] | S_C_o[1][1][3] |     4.246 | SLOW    |     2.201 | FAST    |
S_B_i[0][1][3] | S_C_o[1][1][4] |     4.263 | SLOW    |     2.207 | FAST    |
S_B_i[0][1][3] | S_C_o[1][1][5] |     4.246 | SLOW    |     2.201 | FAST    |
S_B_i[0][1][3] | S_C_o[1][1][6] |     4.499 | SLOW    |     2.344 | FAST    |
S_B_i[0][1][3] | S_C_o[1][1][7] |     4.564 | SLOW    |     2.381 | FAST    |
S_B_i[0][1][4] | S_C_o[0][1][4] |     4.270 | SLOW    |     2.218 | FAST    |
S_B_i[0][1][4] | S_C_o[0][1][5] |     4.234 | SLOW    |     2.190 | FAST    |
S_B_i[0][1][4] | S_C_o[0][1][6] |     4.478 | SLOW    |     2.327 | FAST    |
S_B_i[0][1][4] | S_C_o[0][1][7] |     4.543 | SLOW    |     2.364 | FAST    |
S_B_i[0][1][4] | S_C_o[1][1][4] |     4.270 | SLOW    |     2.218 | FAST    |
S_B_i[0][1][4] | S_C_o[1][1][5] |     4.234 | SLOW    |     2.190 | FAST    |
S_B_i[0][1][4] | S_C_o[1][1][6] |     4.478 | SLOW    |     2.327 | FAST    |
S_B_i[0][1][4] | S_C_o[1][1][7] |     4.543 | SLOW    |     2.364 | FAST    |
S_B_i[0][1][5] | S_C_o[0][1][5] |     4.437 | SLOW    |     2.311 | FAST    |
S_B_i[0][1][5] | S_C_o[0][1][6] |     4.256 | SLOW    |     2.204 | FAST    |
S_B_i[0][1][5] | S_C_o[0][1][7] |     4.234 | SLOW    |     2.190 | FAST    |
S_B_i[0][1][5] | S_C_o[1][1][5] |     4.437 | SLOW    |     2.311 | FAST    |
S_B_i[0][1][5] | S_C_o[1][1][6] |     4.256 | SLOW    |     2.204 | FAST    |
S_B_i[0][1][5] | S_C_o[1][1][7] |     4.234 | SLOW    |     2.190 | FAST    |
S_B_i[0][1][6] | S_C_o[0][1][6] |     4.261 | SLOW    |     2.213 | FAST    |
S_B_i[0][1][6] | S_C_o[0][1][7] |     4.230 | SLOW    |     2.193 | FAST    |
S_B_i[0][1][6] | S_C_o[1][1][6] |     4.261 | SLOW    |     2.213 | FAST    |
S_B_i[0][1][6] | S_C_o[1][1][7] |     4.230 | SLOW    |     2.193 | FAST    |
S_B_i[0][1][7] | S_C_o[0][1][7] |     4.445 | SLOW    |     2.320 | FAST    |
S_B_i[0][1][7] | S_C_o[1][1][7] |     4.445 | SLOW    |     2.320 | FAST    |
---------------+----------------+-----------+---------+-----------+---------+



