Copyright 1986-2022 Xilinx, Inc. All Rights Reserved. Copyright 2022-2024 Advanced Micro Devices, Inc. All Rights Reserved.
---------------------------------------------------------------------------------------------------------------------------------------------------------------------------------------------------------------------------------------------------------------------------------------
| Tool Version      : Vivado v.2024.2 (lin64) Build 5239630 Fri Nov 08 22:34:34 MST 2024
| Date              : Thu Jan 15 19:39:34 2026
| Host              : ee-kraken running 64-bit Red Hat Enterprise Linux 9.5 (Plow)
| Command           : report_timing_summary -datasheet -file ./src/attention/synth_output_matmul/matmul_fp_S_q_2_S_kv_2_d_kq_2_d_v_2_k_2_scale_width_8_M1_E_0_M1_M_8_M2_E_0_M2_M_8_M3_E_0_M3_M_8_ACCUM_METHOD_KULISCH_KULISCH_KULISCH_DSP_auto_auto_auto_time_20260115_1936_timing.rpt
| Design            : matmul_fp
| Device            : xcv80-lsva4737
| Speed File        : -2MHP  PRODUCTION 2.04 2024-08-06
| Design State      : Synthesized
| Temperature Grade : E
---------------------------------------------------------------------------------------------------------------------------------------------------------------------------------------------------------------------------------------------------------------------------------------

Timing Summary Report

------------------------------------------------------------------------------------------------
| Timer Settings
| --------------
------------------------------------------------------------------------------------------------

  Enable Multi Corner Analysis               :  Yes
  Enable Pessimism Removal                   :  Yes
  Pessimism Removal Resolution               :  Nearest Common Node
  Enable Input Delay Default Clock           :  No
  Enable Preset / Clear Arcs                 :  No
  Disable Flight Delays                      :  No
  Ignore I/O Paths                           :  No
  Timing Early Launch at Borrowing Latches   :  No
  Borrow Time for Max Delay Exceptions       :  Yes
  Merge Timing Exceptions                    :  Yes
  Inter-SLR Compensation                     :  Conservative

  Corner  Analyze    Analyze    
  Name    Max Paths  Min Paths  
  ------  ---------  ---------  
  Slow    Yes        Yes        
  Fast    Yes        Yes        


------------------------------------------------------------------------------------------------
| Report Methodology
| ------------------
------------------------------------------------------------------------------------------------

No report available as report_methodology has not been run prior. Run report_methodology on the current design for the summary of methodology violations.



check_timing report

Table of Contents
-----------------
1. checking no_clock (0)
2. checking constant_clock (0)
3. checking pulse_width_clock (0)
4. checking unconstrained_internal_endpoints (0)
5. checking no_input_delay (0)
6. checking no_output_delay (0)
7. checking multiple_clock (0)
8. checking generated_clocks (0)
9. checking loops (0)
10. checking partial_input_delay (0)
11. checking partial_output_delay (0)
12. checking latch_loops (0)

1. checking no_clock (0)
------------------------
 There are 0 register/latch pins with no clock.


2. checking constant_clock (0)
------------------------------
 There are 0 register/latch pins with constant_clock.


3. checking pulse_width_clock (0)
---------------------------------
 There are 0 register/latch pins which need pulse_width check


4. checking unconstrained_internal_endpoints (0)
------------------------------------------------
 There are 0 pins that are not constrained for maximum delay.

 There are 0 pins that are not constrained for maximum delay due to constant clock.


5. checking no_input_delay (0)
------------------------------
 There are 0 input ports with no input delay specified.

 There are 0 input ports with no input delay but user has a false path constraint.


6. checking no_output_delay (0)
-------------------------------
 There are 0 ports with no output delay specified.

 There are 0 ports with no output delay but user has a false path constraint

 There are 0 ports with no output delay but with a timing clock defined on it or propagating through it


7. checking multiple_clock (0)
------------------------------
 There are 0 register/latch pins with multiple clocks.


8. checking generated_clocks (0)
--------------------------------
 There are 0 generated clocks that are not connected to a clock source.


9. checking loops (0)
---------------------
 There are 0 combinational loops in the design.


10. checking partial_input_delay (0)
------------------------------------
 There are 0 input ports with partial input delay specified.


11. checking partial_output_delay (0)
-------------------------------------
 There are 0 ports with partial output delay specified.


12. checking latch_loops (0)
----------------------------
 There are 0 combinational latch loops in the design through latch input



------------------------------------------------------------------------------------------------
| Design Timing Summary
| ---------------------
------------------------------------------------------------------------------------------------

    WNS(ns)      TNS(ns)  TNS Failing Endpoints  TNS Total Endpoints      WHS(ns)      THS(ns)  THS Failing Endpoints  THS Total Endpoints     WPWS(ns)     TPWS(ns)  TPWS Failing Endpoints  TPWS Total Endpoints  
    -------      -------  ---------------------  -------------------      -------      -------  ---------------------  -------------------     --------     --------  ----------------------  --------------------  
         NA           NA                     NA                   NA           NA           NA                     NA                   NA           NA           NA                      NA                    NA  


All user specified timing constraints are met.


------------------------------------------------------------------------------------------------
| Clock Summary
| -------------
------------------------------------------------------------------------------------------------

Clock  Waveform(ns)         Period(ns)      Frequency(MHz)
-----  ------------         ----------      --------------
i_clk  {0.000 2.500}        5.000           200.000         


------------------------------------------------------------------------------------------------
| Intra Clock Table
| -----------------
------------------------------------------------------------------------------------------------

Clock             WNS(ns)      TNS(ns)  TNS Failing Endpoints  TNS Total Endpoints      WHS(ns)      THS(ns)  THS Failing Endpoints  THS Total Endpoints     WPWS(ns)     TPWS(ns)  TPWS Failing Endpoints  TPWS Total Endpoints  
-----             -------      -------  ---------------------  -------------------      -------      -------  ---------------------  -------------------     --------     --------  ----------------------  --------------------  


------------------------------------------------------------------------------------------------
| Inter Clock Table
| -----------------
------------------------------------------------------------------------------------------------

From Clock    To Clock          WNS(ns)      TNS(ns)  TNS Failing Endpoints  TNS Total Endpoints      WHS(ns)      THS(ns)  THS Failing Endpoints  THS Total Endpoints  
----------    --------          -------      -------  ---------------------  -------------------      -------      -------  ---------------------  -------------------  


------------------------------------------------------------------------------------------------
| Other Path Groups Table
| -----------------------
------------------------------------------------------------------------------------------------

Path Group    From Clock    To Clock          WNS(ns)      TNS(ns)  TNS Failing Endpoints  TNS Total Endpoints      WHS(ns)      THS(ns)  THS Failing Endpoints  THS Total Endpoints  
----------    ----------    --------          -------      -------  ---------------------  -------------------      -------      -------  ---------------------  -------------------  


------------------------------------------------------------------------------------------------
| Timing Details
| --------------
------------------------------------------------------------------------------------------------


------------------------------------------------------------------------------------------------
| Data sheet
| ----------
------------------------------------------------------------------------------------------------

Combinational Delays

---------------+----------------+-----------+---------+-----------+---------+
From           | To             |   Max     | Process |   Min     | Process |
Port           | Port           | Delay(ns) | Corner  | Delay(ns) | Corner  |
---------------+----------------+-----------+---------+-----------+---------+
A_i[0][0][0]   | C_o[0][0][0]   |     4.702 | SLOW    |     2.446 | FAST    |
A_i[0][0][0]   | C_o[0][0][1]   |     4.765 | SLOW    |     2.447 | FAST    |
A_i[0][0][0]   | C_o[0][0][2]   |     5.045 | SLOW    |     2.491 | FAST    |
A_i[0][0][0]   | C_o[0][0][3]   |     5.107 | SLOW    |     2.519 | FAST    |
A_i[0][0][0]   | C_o[0][0][4]   |     5.297 | SLOW    |     2.513 | FAST    |
A_i[0][0][0]   | C_o[0][0][5]   |     5.367 | SLOW    |     2.541 | FAST    |
A_i[0][0][0]   | C_o[0][0][6]   |     5.473 | SLOW    |     2.530 | FAST    |
A_i[0][0][0]   | C_o[0][0][7]   |     5.536 | SLOW    |     2.558 | FAST    |
A_i[0][0][0]   | C_o[0][0][8]   |     5.827 | SLOW    |     2.617 | FAST    |
A_i[0][0][0]   | C_o[0][1][0]   |     4.702 | SLOW    |     2.446 | FAST    |
A_i[0][0][0]   | C_o[0][1][1]   |     4.765 | SLOW    |     2.447 | FAST    |
A_i[0][0][0]   | C_o[0][1][2]   |     5.045 | SLOW    |     2.491 | FAST    |
A_i[0][0][0]   | C_o[0][1][3]   |     5.107 | SLOW    |     2.519 | FAST    |
A_i[0][0][0]   | C_o[0][1][4]   |     5.297 | SLOW    |     2.513 | FAST    |
A_i[0][0][0]   | C_o[0][1][5]   |     5.367 | SLOW    |     2.541 | FAST    |
A_i[0][0][0]   | C_o[0][1][6]   |     5.473 | SLOW    |     2.530 | FAST    |
A_i[0][0][0]   | C_o[0][1][7]   |     5.536 | SLOW    |     2.558 | FAST    |
A_i[0][0][0]   | C_o[0][1][8]   |     5.827 | SLOW    |     2.617 | FAST    |
A_i[0][0][1]   | C_o[0][0][1]   |     4.807 | SLOW    |     2.505 | FAST    |
A_i[0][0][1]   | C_o[0][0][2]   |     5.037 | SLOW    |     2.551 | FAST    |
A_i[0][0][1]   | C_o[0][0][3]   |     5.099 | SLOW    |     2.579 | FAST    |
A_i[0][0][1]   | C_o[0][0][4]   |     5.289 | SLOW    |     2.552 | FAST    |
A_i[0][0][1]   | C_o[0][0][5]   |     5.359 | SLOW    |     2.568 | FAST    |
A_i[0][0][1]   | C_o[0][0][6]   |     5.463 | SLOW    |     2.589 | FAST    |
A_i[0][0][1]   | C_o[0][0][7]   |     5.526 | SLOW    |     2.617 | FAST    |
A_i[0][0][1]   | C_o[0][0][8]   |     5.797 | SLOW    |     2.676 | FAST    |
A_i[0][0][1]   | C_o[0][1][1]   |     4.807 | SLOW    |     2.505 | FAST    |
A_i[0][0][1]   | C_o[0][1][2]   |     5.037 | SLOW    |     2.551 | FAST    |
A_i[0][0][1]   | C_o[0][1][3]   |     5.099 | SLOW    |     2.579 | FAST    |
A_i[0][0][1]   | C_o[0][1][4]   |     5.289 | SLOW    |     2.552 | FAST    |
A_i[0][0][1]   | C_o[0][1][5]   |     5.359 | SLOW    |     2.568 | FAST    |
A_i[0][0][1]   | C_o[0][1][6]   |     5.463 | SLOW    |     2.589 | FAST    |
A_i[0][0][1]   | C_o[0][1][7]   |     5.526 | SLOW    |     2.617 | FAST    |
A_i[0][0][1]   | C_o[0][1][8]   |     5.797 | SLOW    |     2.676 | FAST    |
A_i[0][0][2]   | C_o[0][0][2]   |     4.696 | SLOW    |     2.441 | FAST    |
A_i[0][0][2]   | C_o[0][0][3]   |     5.044 | SLOW    |     2.469 | FAST    |
A_i[0][0][2]   | C_o[0][0][4]   |     5.237 | SLOW    |     2.496 | FAST    |
A_i[0][0][2]   | C_o[0][0][5]   |     5.306 | SLOW    |     2.524 | FAST    |
A_i[0][0][2]   | C_o[0][0][6]   |     5.465 | SLOW    |     2.514 | FAST    |
A_i[0][0][2]   | C_o[0][0][7]   |     5.528 | SLOW    |     2.542 | FAST    |
A_i[0][0][2]   | C_o[0][0][8]   |     5.819 | SLOW    |     2.617 | FAST    |
A_i[0][0][2]   | C_o[0][1][2]   |     4.696 | SLOW    |     2.441 | FAST    |
A_i[0][0][2]   | C_o[0][1][3]   |     5.044 | SLOW    |     2.469 | FAST    |
A_i[0][0][2]   | C_o[0][1][4]   |     5.237 | SLOW    |     2.496 | FAST    |
A_i[0][0][2]   | C_o[0][1][5]   |     5.306 | SLOW    |     2.524 | FAST    |
A_i[0][0][2]   | C_o[0][1][6]   |     5.465 | SLOW    |     2.514 | FAST    |
A_i[0][0][2]   | C_o[0][1][7]   |     5.528 | SLOW    |     2.542 | FAST    |
A_i[0][0][2]   | C_o[0][1][8]   |     5.819 | SLOW    |     2.617 | FAST    |
A_i[0][0][3]   | C_o[0][0][3]   |     4.802 | SLOW    |     2.501 | FAST    |
A_i[0][0][3]   | C_o[0][0][4]   |     5.049 | SLOW    |     2.558 | FAST    |
A_i[0][0][3]   | C_o[0][0][5]   |     5.258 | SLOW    |     2.586 | FAST    |
A_i[0][0][3]   | C_o[0][0][6]   |     5.420 | SLOW    |     2.574 | FAST    |
A_i[0][0][3]   | C_o[0][0][7]   |     5.482 | SLOW    |     2.602 | FAST    |
A_i[0][0][3]   | C_o[0][0][8]   |     5.821 | SLOW    |     2.676 | FAST    |
A_i[0][0][3]   | C_o[0][1][3]   |     4.802 | SLOW    |     2.501 | FAST    |
A_i[0][0][3]   | C_o[0][1][4]   |     5.049 | SLOW    |     2.558 | FAST    |
A_i[0][0][3]   | C_o[0][1][5]   |     5.258 | SLOW    |     2.586 | FAST    |
A_i[0][0][3]   | C_o[0][1][6]   |     5.420 | SLOW    |     2.574 | FAST    |
A_i[0][0][3]   | C_o[0][1][7]   |     5.482 | SLOW    |     2.602 | FAST    |
A_i[0][0][3]   | C_o[0][1][8]   |     5.821 | SLOW    |     2.676 | FAST    |
A_i[0][0][4]   | C_o[0][0][4]   |     5.038 | SLOW    |     2.628 | FAST    |
A_i[0][0][4]   | C_o[0][0][5]   |     5.256 | SLOW    |     2.604 | FAST    |
A_i[0][0][4]   | C_o[0][0][6]   |     5.418 | SLOW    |     2.650 | FAST    |
A_i[0][0][4]   | C_o[0][0][7]   |     5.480 | SLOW    |     2.678 | FAST    |
A_i[0][0][4]   | C_o[0][0][8]   |     5.819 | SLOW    |     2.678 | FAST    |
A_i[0][0][4]   | C_o[0][1][4]   |     5.038 | SLOW    |     2.628 | FAST    |
A_i[0][0][4]   | C_o[0][1][5]   |     5.256 | SLOW    |     2.604 | FAST    |
A_i[0][0][4]   | C_o[0][1][6]   |     5.418 | SLOW    |     2.650 | FAST    |
A_i[0][0][4]   | C_o[0][1][7]   |     5.480 | SLOW    |     2.678 | FAST    |
A_i[0][0][4]   | C_o[0][1][8]   |     5.819 | SLOW    |     2.678 | FAST    |
A_i[0][0][5]   | C_o[0][0][5]   |     5.247 | SLOW    |     2.742 | FAST    |
A_i[0][0][5]   | C_o[0][0][6]   |     5.409 | SLOW    |     2.691 | FAST    |
A_i[0][0][5]   | C_o[0][0][7]   |     5.471 | SLOW    |     2.704 | FAST    |
A_i[0][0][5]   | C_o[0][0][8]   |     5.810 | SLOW    |     2.684 | FAST    |
A_i[0][0][5]   | C_o[0][1][5]   |     5.247 | SLOW    |     2.742 | FAST    |
A_i[0][0][5]   | C_o[0][1][6]   |     5.409 | SLOW    |     2.691 | FAST    |
A_i[0][0][5]   | C_o[0][1][7]   |     5.471 | SLOW    |     2.704 | FAST    |
A_i[0][0][5]   | C_o[0][1][8]   |     5.810 | SLOW    |     2.684 | FAST    |
A_i[0][0][6]   | C_o[0][0][6]   |     5.000 | SLOW    |     2.607 | FAST    |
A_i[0][0][6]   | C_o[0][0][7]   |     5.205 | SLOW    |     2.563 | FAST    |
A_i[0][0][6]   | C_o[0][0][8]   |     5.545 | SLOW    |     2.605 | FAST    |
A_i[0][0][6]   | C_o[0][1][6]   |     5.000 | SLOW    |     2.607 | FAST    |
A_i[0][0][6]   | C_o[0][1][7]   |     5.205 | SLOW    |     2.563 | FAST    |
A_i[0][0][6]   | C_o[0][1][8]   |     5.545 | SLOW    |     2.605 | FAST    |
A_i[0][0][7]   | C_o[0][0][7]   |     5.041 | SLOW    |     2.635 | FAST    |
A_i[0][0][7]   | C_o[0][0][8]   |     5.415 | SLOW    |     2.608 | FAST    |
A_i[0][0][7]   | C_o[0][1][7]   |     5.041 | SLOW    |     2.635 | FAST    |
A_i[0][0][7]   | C_o[0][1][8]   |     5.415 | SLOW    |     2.608 | FAST    |
A_i[0][0][8]   | C_o[0][0][8]   |     5.392 | SLOW    |     2.823 | FAST    |
A_i[0][0][8]   | C_o[0][1][8]   |     5.392 | SLOW    |     2.823 | FAST    |
A_i[0][1][0]   | C_o[0][0][0]   |     4.603 | SLOW    |     2.387 | FAST    |
A_i[0][1][0]   | C_o[0][0][1]   |     4.666 | SLOW    |     2.389 | FAST    |
A_i[0][1][0]   | C_o[0][0][2]   |     4.948 | SLOW    |     2.433 | FAST    |
A_i[0][1][0]   | C_o[0][0][3]   |     5.008 | SLOW    |     2.461 | FAST    |
A_i[0][1][0]   | C_o[0][0][4]   |     5.199 | SLOW    |     2.454 | FAST    |
A_i[0][1][0]   | C_o[0][0][5]   |     5.269 | SLOW    |     2.483 | FAST    |
A_i[0][1][0]   | C_o[0][0][6]   |     5.374 | SLOW    |     2.471 | FAST    |
A_i[0][1][0]   | C_o[0][0][7]   |     5.437 | SLOW    |     2.499 | FAST    |
A_i[0][1][0]   | C_o[0][0][8]   |     5.731 | SLOW    |     2.558 | FAST    |
A_i[0][1][0]   | C_o[0][1][0]   |     4.603 | SLOW    |     2.387 | FAST    |
A_i[0][1][0]   | C_o[0][1][1]   |     4.666 | SLOW    |     2.389 | FAST    |
A_i[0][1][0]   | C_o[0][1][2]   |     4.948 | SLOW    |     2.433 | FAST    |
A_i[0][1][0]   | C_o[0][1][3]   |     5.008 | SLOW    |     2.461 | FAST    |
A_i[0][1][0]   | C_o[0][1][4]   |     5.199 | SLOW    |     2.454 | FAST    |
A_i[0][1][0]   | C_o[0][1][5]   |     5.269 | SLOW    |     2.483 | FAST    |
A_i[0][1][0]   | C_o[0][1][6]   |     5.374 | SLOW    |     2.471 | FAST    |
A_i[0][1][0]   | C_o[0][1][7]   |     5.437 | SLOW    |     2.499 | FAST    |
A_i[0][1][0]   | C_o[0][1][8]   |     5.731 | SLOW    |     2.558 | FAST    |
A_i[0][1][1]   | C_o[0][0][1]   |     4.710 | SLOW    |     2.447 | FAST    |
A_i[0][1][1]   | C_o[0][0][2]   |     4.940 | SLOW    |     2.492 | FAST    |
A_i[0][1][1]   | C_o[0][0][3]   |     5.000 | SLOW    |     2.520 | FAST    |
A_i[0][1][1]   | C_o[0][0][4]   |     5.191 | SLOW    |     2.493 | FAST    |
A_i[0][1][1]   | C_o[0][0][5]   |     5.261 | SLOW    |     2.510 | FAST    |
A_i[0][1][1]   | C_o[0][0][6]   |     5.364 | SLOW    |     2.530 | FAST    |
A_i[0][1][1]   | C_o[0][0][7]   |     5.427 | SLOW    |     2.558 | FAST    |
A_i[0][1][1]   | C_o[0][0][8]   |     5.701 | SLOW    |     2.617 | FAST    |
A_i[0][1][1]   | C_o[0][1][1]   |     4.710 | SLOW    |     2.447 | FAST    |
A_i[0][1][1]   | C_o[0][1][2]   |     4.940 | SLOW    |     2.492 | FAST    |
A_i[0][1][1]   | C_o[0][1][3]   |     5.000 | SLOW    |     2.520 | FAST    |
A_i[0][1][1]   | C_o[0][1][4]   |     5.191 | SLOW    |     2.493 | FAST    |
A_i[0][1][1]   | C_o[0][1][5]   |     5.261 | SLOW    |     2.510 | FAST    |
A_i[0][1][1]   | C_o[0][1][6]   |     5.364 | SLOW    |     2.530 | FAST    |
A_i[0][1][1]   | C_o[0][1][7]   |     5.427 | SLOW    |     2.558 | FAST    |
A_i[0][1][1]   | C_o[0][1][8]   |     5.701 | SLOW    |     2.617 | FAST    |
A_i[0][1][2]   | C_o[0][0][2]   |     4.599 | SLOW    |     2.383 | FAST    |
A_i[0][1][2]   | C_o[0][0][3]   |     4.947 | SLOW    |     2.411 | FAST    |
A_i[0][1][2]   | C_o[0][0][4]   |     5.139 | SLOW    |     2.437 | FAST    |
A_i[0][1][2]   | C_o[0][0][5]   |     5.208 | SLOW    |     2.466 | FAST    |
A_i[0][1][2]   | C_o[0][0][6]   |     5.366 | SLOW    |     2.455 | FAST    |
A_i[0][1][2]   | C_o[0][0][7]   |     5.429 | SLOW    |     2.483 | FAST    |
A_i[0][1][2]   | C_o[0][0][8]   |     5.723 | SLOW    |     2.558 | FAST    |
A_i[0][1][2]   | C_o[0][1][2]   |     4.599 | SLOW    |     2.383 | FAST    |
A_i[0][1][2]   | C_o[0][1][3]   |     4.947 | SLOW    |     2.411 | FAST    |
A_i[0][1][2]   | C_o[0][1][4]   |     5.139 | SLOW    |     2.437 | FAST    |
A_i[0][1][2]   | C_o[0][1][5]   |     5.208 | SLOW    |     2.466 | FAST    |
A_i[0][1][2]   | C_o[0][1][6]   |     5.366 | SLOW    |     2.455 | FAST    |
A_i[0][1][2]   | C_o[0][1][7]   |     5.429 | SLOW    |     2.483 | FAST    |
A_i[0][1][2]   | C_o[0][1][8]   |     5.723 | SLOW    |     2.558 | FAST    |
A_i[0][1][3]   | C_o[0][0][3]   |     4.705 | SLOW    |     2.443 | FAST    |
A_i[0][1][3]   | C_o[0][0][4]   |     4.951 | SLOW    |     2.499 | FAST    |
A_i[0][1][3]   | C_o[0][0][5]   |     5.161 | SLOW    |     2.527 | FAST    |
A_i[0][1][3]   | C_o[0][0][6]   |     5.324 | SLOW    |     2.515 | FAST    |
A_i[0][1][3]   | C_o[0][0][7]   |     5.386 | SLOW    |     2.543 | FAST    |
A_i[0][1][3]   | C_o[0][0][8]   |     5.725 | SLOW    |     2.617 | FAST    |
A_i[0][1][3]   | C_o[0][1][3]   |     4.705 | SLOW    |     2.443 | FAST    |
A_i[0][1][3]   | C_o[0][1][4]   |     4.951 | SLOW    |     2.499 | FAST    |
A_i[0][1][3]   | C_o[0][1][5]   |     5.161 | SLOW    |     2.527 | FAST    |
A_i[0][1][3]   | C_o[0][1][6]   |     5.324 | SLOW    |     2.515 | FAST    |
A_i[0][1][3]   | C_o[0][1][7]   |     5.386 | SLOW    |     2.543 | FAST    |
A_i[0][1][3]   | C_o[0][1][8]   |     5.725 | SLOW    |     2.617 | FAST    |
A_i[0][1][4]   | C_o[0][0][4]   |     4.940 | SLOW    |     2.569 | FAST    |
A_i[0][1][4]   | C_o[0][0][5]   |     5.159 | SLOW    |     2.546 | FAST    |
A_i[0][1][4]   | C_o[0][0][6]   |     5.322 | SLOW    |     2.591 | FAST    |
A_i[0][1][4]   | C_o[0][0][7]   |     5.384 | SLOW    |     2.619 | FAST    |
A_i[0][1][4]   | C_o[0][0][8]   |     5.723 | SLOW    |     2.619 | FAST    |
A_i[0][1][4]   | C_o[0][1][4]   |     4.940 | SLOW    |     2.569 | FAST    |
A_i[0][1][4]   | C_o[0][1][5]   |     5.159 | SLOW    |     2.546 | FAST    |
A_i[0][1][4]   | C_o[0][1][6]   |     5.322 | SLOW    |     2.591 | FAST    |
A_i[0][1][4]   | C_o[0][1][7]   |     5.384 | SLOW    |     2.619 | FAST    |
A_i[0][1][4]   | C_o[0][1][8]   |     5.723 | SLOW    |     2.619 | FAST    |
A_i[0][1][5]   | C_o[0][0][5]   |     5.150 | SLOW    |     2.684 | FAST    |
A_i[0][1][5]   | C_o[0][0][6]   |     5.313 | SLOW    |     2.632 | FAST    |
A_i[0][1][5]   | C_o[0][0][7]   |     5.375 | SLOW    |     2.646 | FAST    |
A_i[0][1][5]   | C_o[0][0][8]   |     5.714 | SLOW    |     2.625 | FAST    |
A_i[0][1][5]   | C_o[0][1][5]   |     5.150 | SLOW    |     2.684 | FAST    |
A_i[0][1][5]   | C_o[0][1][6]   |     5.313 | SLOW    |     2.632 | FAST    |
A_i[0][1][5]   | C_o[0][1][7]   |     5.375 | SLOW    |     2.646 | FAST    |
A_i[0][1][5]   | C_o[0][1][8]   |     5.714 | SLOW    |     2.625 | FAST    |
A_i[0][1][6]   | C_o[0][0][6]   |     4.904 | SLOW    |     2.548 | FAST    |
A_i[0][1][6]   | C_o[0][0][7]   |     5.110 | SLOW    |     2.505 | FAST    |
A_i[0][1][6]   | C_o[0][0][8]   |     5.449 | SLOW    |     2.546 | FAST    |
A_i[0][1][6]   | C_o[0][1][6]   |     4.904 | SLOW    |     2.548 | FAST    |
A_i[0][1][6]   | C_o[0][1][7]   |     5.110 | SLOW    |     2.505 | FAST    |
A_i[0][1][6]   | C_o[0][1][8]   |     5.449 | SLOW    |     2.546 | FAST    |
A_i[0][1][7]   | C_o[0][0][7]   |     4.946 | SLOW    |     2.577 | FAST    |
A_i[0][1][7]   | C_o[0][0][8]   |     5.316 | SLOW    |     2.549 | FAST    |
A_i[0][1][7]   | C_o[0][1][7]   |     4.946 | SLOW    |     2.577 | FAST    |
A_i[0][1][7]   | C_o[0][1][8]   |     5.316 | SLOW    |     2.549 | FAST    |
A_i[0][1][8]   | C_o[0][0][8]   |     5.293 | SLOW    |     2.764 | FAST    |
A_i[0][1][8]   | C_o[0][1][8]   |     5.293 | SLOW    |     2.764 | FAST    |
A_i[1][0][0]   | C_o[1][0][0]   |     4.702 | SLOW    |     2.446 | FAST    |
A_i[1][0][0]   | C_o[1][0][1]   |     4.765 | SLOW    |     2.447 | FAST    |
A_i[1][0][0]   | C_o[1][0][2]   |     5.045 | SLOW    |     2.491 | FAST    |
A_i[1][0][0]   | C_o[1][0][3]   |     5.107 | SLOW    |     2.519 | FAST    |
A_i[1][0][0]   | C_o[1][0][4]   |     5.297 | SLOW    |     2.513 | FAST    |
A_i[1][0][0]   | C_o[1][0][5]   |     5.367 | SLOW    |     2.541 | FAST    |
A_i[1][0][0]   | C_o[1][0][6]   |     5.473 | SLOW    |     2.530 | FAST    |
A_i[1][0][0]   | C_o[1][0][7]   |     5.536 | SLOW    |     2.558 | FAST    |
A_i[1][0][0]   | C_o[1][0][8]   |     5.827 | SLOW    |     2.617 | FAST    |
A_i[1][0][0]   | C_o[1][1][0]   |     4.702 | SLOW    |     2.446 | FAST    |
A_i[1][0][0]   | C_o[1][1][1]   |     4.765 | SLOW    |     2.447 | FAST    |
A_i[1][0][0]   | C_o[1][1][2]   |     5.045 | SLOW    |     2.491 | FAST    |
A_i[1][0][0]   | C_o[1][1][3]   |     5.107 | SLOW    |     2.519 | FAST    |
A_i[1][0][0]   | C_o[1][1][4]   |     5.297 | SLOW    |     2.513 | FAST    |
A_i[1][0][0]   | C_o[1][1][5]   |     5.367 | SLOW    |     2.541 | FAST    |
A_i[1][0][0]   | C_o[1][1][6]   |     5.473 | SLOW    |     2.530 | FAST    |
A_i[1][0][0]   | C_o[1][1][7]   |     5.536 | SLOW    |     2.558 | FAST    |
A_i[1][0][0]   | C_o[1][1][8]   |     5.827 | SLOW    |     2.617 | FAST    |
A_i[1][0][1]   | C_o[1][0][1]   |     4.807 | SLOW    |     2.505 | FAST    |
A_i[1][0][1]   | C_o[1][0][2]   |     5.037 | SLOW    |     2.551 | FAST    |
A_i[1][0][1]   | C_o[1][0][3]   |     5.099 | SLOW    |     2.579 | FAST    |
A_i[1][0][1]   | C_o[1][0][4]   |     5.289 | SLOW    |     2.552 | FAST    |
A_i[1][0][1]   | C_o[1][0][5]   |     5.359 | SLOW    |     2.568 | FAST    |
A_i[1][0][1]   | C_o[1][0][6]   |     5.463 | SLOW    |     2.589 | FAST    |
A_i[1][0][1]   | C_o[1][0][7]   |     5.526 | SLOW    |     2.617 | FAST    |
A_i[1][0][1]   | C_o[1][0][8]   |     5.797 | SLOW    |     2.676 | FAST    |
A_i[1][0][1]   | C_o[1][1][1]   |     4.807 | SLOW    |     2.505 | FAST    |
A_i[1][0][1]   | C_o[1][1][2]   |     5.037 | SLOW    |     2.551 | FAST    |
A_i[1][0][1]   | C_o[1][1][3]   |     5.099 | SLOW    |     2.579 | FAST    |
A_i[1][0][1]   | C_o[1][1][4]   |     5.289 | SLOW    |     2.552 | FAST    |
A_i[1][0][1]   | C_o[1][1][5]   |     5.359 | SLOW    |     2.568 | FAST    |
A_i[1][0][1]   | C_o[1][1][6]   |     5.463 | SLOW    |     2.589 | FAST    |
A_i[1][0][1]   | C_o[1][1][7]   |     5.526 | SLOW    |     2.617 | FAST    |
A_i[1][0][1]   | C_o[1][1][8]   |     5.797 | SLOW    |     2.676 | FAST    |
A_i[1][0][2]   | C_o[1][0][2]   |     4.696 | SLOW    |     2.441 | FAST    |
A_i[1][0][2]   | C_o[1][0][3]   |     5.044 | SLOW    |     2.469 | FAST    |
A_i[1][0][2]   | C_o[1][0][4]   |     5.237 | SLOW    |     2.496 | FAST    |
A_i[1][0][2]   | C_o[1][0][5]   |     5.306 | SLOW    |     2.524 | FAST    |
A_i[1][0][2]   | C_o[1][0][6]   |     5.465 | SLOW    |     2.514 | FAST    |
A_i[1][0][2]   | C_o[1][0][7]   |     5.528 | SLOW    |     2.542 | FAST    |
A_i[1][0][2]   | C_o[1][0][8]   |     5.819 | SLOW    |     2.617 | FAST    |
A_i[1][0][2]   | C_o[1][1][2]   |     4.696 | SLOW    |     2.441 | FAST    |
A_i[1][0][2]   | C_o[1][1][3]   |     5.044 | SLOW    |     2.469 | FAST    |
A_i[1][0][2]   | C_o[1][1][4]   |     5.237 | SLOW    |     2.496 | FAST    |
A_i[1][0][2]   | C_o[1][1][5]   |     5.306 | SLOW    |     2.524 | FAST    |
A_i[1][0][2]   | C_o[1][1][6]   |     5.465 | SLOW    |     2.514 | FAST    |
A_i[1][0][2]   | C_o[1][1][7]   |     5.528 | SLOW    |     2.542 | FAST    |
A_i[1][0][2]   | C_o[1][1][8]   |     5.819 | SLOW    |     2.617 | FAST    |
A_i[1][0][3]   | C_o[1][0][3]   |     4.802 | SLOW    |     2.501 | FAST    |
A_i[1][0][3]   | C_o[1][0][4]   |     5.049 | SLOW    |     2.558 | FAST    |
A_i[1][0][3]   | C_o[1][0][5]   |     5.258 | SLOW    |     2.586 | FAST    |
A_i[1][0][3]   | C_o[1][0][6]   |     5.420 | SLOW    |     2.574 | FAST    |
A_i[1][0][3]   | C_o[1][0][7]   |     5.482 | SLOW    |     2.602 | FAST    |
A_i[1][0][3]   | C_o[1][0][8]   |     5.821 | SLOW    |     2.676 | FAST    |
A_i[1][0][3]   | C_o[1][1][3]   |     4.802 | SLOW    |     2.501 | FAST    |
A_i[1][0][3]   | C_o[1][1][4]   |     5.049 | SLOW    |     2.558 | FAST    |
A_i[1][0][3]   | C_o[1][1][5]   |     5.258 | SLOW    |     2.586 | FAST    |
A_i[1][0][3]   | C_o[1][1][6]   |     5.420 | SLOW    |     2.574 | FAST    |
A_i[1][0][3]   | C_o[1][1][7]   |     5.482 | SLOW    |     2.602 | FAST    |
A_i[1][0][3]   | C_o[1][1][8]   |     5.821 | SLOW    |     2.676 | FAST    |
A_i[1][0][4]   | C_o[1][0][4]   |     5.038 | SLOW    |     2.628 | FAST    |
A_i[1][0][4]   | C_o[1][0][5]   |     5.256 | SLOW    |     2.604 | FAST    |
A_i[1][0][4]   | C_o[1][0][6]   |     5.418 | SLOW    |     2.650 | FAST    |
A_i[1][0][4]   | C_o[1][0][7]   |     5.480 | SLOW    |     2.678 | FAST    |
A_i[1][0][4]   | C_o[1][0][8]   |     5.819 | SLOW    |     2.678 | FAST    |
A_i[1][0][4]   | C_o[1][1][4]   |     5.038 | SLOW    |     2.628 | FAST    |
A_i[1][0][4]   | C_o[1][1][5]   |     5.256 | SLOW    |     2.604 | FAST    |
A_i[1][0][4]   | C_o[1][1][6]   |     5.418 | SLOW    |     2.650 | FAST    |
A_i[1][0][4]   | C_o[1][1][7]   |     5.480 | SLOW    |     2.678 | FAST    |
A_i[1][0][4]   | C_o[1][1][8]   |     5.819 | SLOW    |     2.678 | FAST    |
A_i[1][0][5]   | C_o[1][0][5]   |     5.247 | SLOW    |     2.742 | FAST    |
A_i[1][0][5]   | C_o[1][0][6]   |     5.409 | SLOW    |     2.691 | FAST    |
A_i[1][0][5]   | C_o[1][0][7]   |     5.471 | SLOW    |     2.704 | FAST    |
A_i[1][0][5]   | C_o[1][0][8]   |     5.810 | SLOW    |     2.684 | FAST    |
A_i[1][0][5]   | C_o[1][1][5]   |     5.247 | SLOW    |     2.742 | FAST    |
A_i[1][0][5]   | C_o[1][1][6]   |     5.409 | SLOW    |     2.691 | FAST    |
A_i[1][0][5]   | C_o[1][1][7]   |     5.471 | SLOW    |     2.704 | FAST    |
A_i[1][0][5]   | C_o[1][1][8]   |     5.810 | SLOW    |     2.684 | FAST    |
A_i[1][0][6]   | C_o[1][0][6]   |     5.000 | SLOW    |     2.607 | FAST    |
A_i[1][0][6]   | C_o[1][0][7]   |     5.205 | SLOW    |     2.563 | FAST    |
A_i[1][0][6]   | C_o[1][0][8]   |     5.545 | SLOW    |     2.605 | FAST    |
A_i[1][0][6]   | C_o[1][1][6]   |     5.000 | SLOW    |     2.607 | FAST    |
A_i[1][0][6]   | C_o[1][1][7]   |     5.205 | SLOW    |     2.563 | FAST    |
A_i[1][0][6]   | C_o[1][1][8]   |     5.545 | SLOW    |     2.605 | FAST    |
A_i[1][0][7]   | C_o[1][0][7]   |     5.041 | SLOW    |     2.635 | FAST    |
A_i[1][0][7]   | C_o[1][0][8]   |     5.415 | SLOW    |     2.608 | FAST    |
A_i[1][0][7]   | C_o[1][1][7]   |     5.041 | SLOW    |     2.635 | FAST    |
A_i[1][0][7]   | C_o[1][1][8]   |     5.415 | SLOW    |     2.608 | FAST    |
A_i[1][0][8]   | C_o[1][0][8]   |     5.392 | SLOW    |     2.823 | FAST    |
A_i[1][0][8]   | C_o[1][1][8]   |     5.392 | SLOW    |     2.823 | FAST    |
A_i[1][1][0]   | C_o[1][0][0]   |     4.603 | SLOW    |     2.387 | FAST    |
A_i[1][1][0]   | C_o[1][0][1]   |     4.666 | SLOW    |     2.389 | FAST    |
A_i[1][1][0]   | C_o[1][0][2]   |     4.948 | SLOW    |     2.433 | FAST    |
A_i[1][1][0]   | C_o[1][0][3]   |     5.008 | SLOW    |     2.461 | FAST    |
A_i[1][1][0]   | C_o[1][0][4]   |     5.199 | SLOW    |     2.454 | FAST    |
A_i[1][1][0]   | C_o[1][0][5]   |     5.269 | SLOW    |     2.483 | FAST    |
A_i[1][1][0]   | C_o[1][0][6]   |     5.374 | SLOW    |     2.471 | FAST    |
A_i[1][1][0]   | C_o[1][0][7]   |     5.437 | SLOW    |     2.499 | FAST    |
A_i[1][1][0]   | C_o[1][0][8]   |     5.731 | SLOW    |     2.558 | FAST    |
A_i[1][1][0]   | C_o[1][1][0]   |     4.603 | SLOW    |     2.387 | FAST    |
A_i[1][1][0]   | C_o[1][1][1]   |     4.666 | SLOW    |     2.389 | FAST    |
A_i[1][1][0]   | C_o[1][1][2]   |     4.948 | SLOW    |     2.433 | FAST    |
A_i[1][1][0]   | C_o[1][1][3]   |     5.008 | SLOW    |     2.461 | FAST    |
A_i[1][1][0]   | C_o[1][1][4]   |     5.199 | SLOW    |     2.454 | FAST    |
A_i[1][1][0]   | C_o[1][1][5]   |     5.269 | SLOW    |     2.483 | FAST    |
A_i[1][1][0]   | C_o[1][1][6]   |     5.374 | SLOW    |     2.471 | FAST    |
A_i[1][1][0]   | C_o[1][1][7]   |     5.437 | SLOW    |     2.499 | FAST    |
A_i[1][1][0]   | C_o[1][1][8]   |     5.731 | SLOW    |     2.558 | FAST    |
A_i[1][1][1]   | C_o[1][0][1]   |     4.710 | SLOW    |     2.447 | FAST    |
A_i[1][1][1]   | C_o[1][0][2]   |     4.940 | SLOW    |     2.492 | FAST    |
A_i[1][1][1]   | C_o[1][0][3]   |     5.000 | SLOW    |     2.520 | FAST    |
A_i[1][1][1]   | C_o[1][0][4]   |     5.191 | SLOW    |     2.493 | FAST    |
A_i[1][1][1]   | C_o[1][0][5]   |     5.261 | SLOW    |     2.510 | FAST    |
A_i[1][1][1]   | C_o[1][0][6]   |     5.364 | SLOW    |     2.530 | FAST    |
A_i[1][1][1]   | C_o[1][0][7]   |     5.427 | SLOW    |     2.558 | FAST    |
A_i[1][1][1]   | C_o[1][0][8]   |     5.701 | SLOW    |     2.617 | FAST    |
A_i[1][1][1]   | C_o[1][1][1]   |     4.710 | SLOW    |     2.447 | FAST    |
A_i[1][1][1]   | C_o[1][1][2]   |     4.940 | SLOW    |     2.492 | FAST    |
A_i[1][1][1]   | C_o[1][1][3]   |     5.000 | SLOW    |     2.520 | FAST    |
A_i[1][1][1]   | C_o[1][1][4]   |     5.191 | SLOW    |     2.493 | FAST    |
A_i[1][1][1]   | C_o[1][1][5]   |     5.261 | SLOW    |     2.510 | FAST    |
A_i[1][1][1]   | C_o[1][1][6]   |     5.364 | SLOW    |     2.530 | FAST    |
A_i[1][1][1]   | C_o[1][1][7]   |     5.427 | SLOW    |     2.558 | FAST    |
A_i[1][1][1]   | C_o[1][1][8]   |     5.701 | SLOW    |     2.617 | FAST    |
A_i[1][1][2]   | C_o[1][0][2]   |     4.599 | SLOW    |     2.383 | FAST    |
A_i[1][1][2]   | C_o[1][0][3]   |     4.947 | SLOW    |     2.411 | FAST    |
A_i[1][1][2]   | C_o[1][0][4]   |     5.139 | SLOW    |     2.437 | FAST    |
A_i[1][1][2]   | C_o[1][0][5]   |     5.208 | SLOW    |     2.466 | FAST    |
A_i[1][1][2]   | C_o[1][0][6]   |     5.366 | SLOW    |     2.455 | FAST    |
A_i[1][1][2]   | C_o[1][0][7]   |     5.429 | SLOW    |     2.483 | FAST    |
A_i[1][1][2]   | C_o[1][0][8]   |     5.723 | SLOW    |     2.558 | FAST    |
A_i[1][1][2]   | C_o[1][1][2]   |     4.599 | SLOW    |     2.383 | FAST    |
A_i[1][1][2]   | C_o[1][1][3]   |     4.947 | SLOW    |     2.411 | FAST    |
A_i[1][1][2]   | C_o[1][1][4]   |     5.139 | SLOW    |     2.437 | FAST    |
A_i[1][1][2]   | C_o[1][1][5]   |     5.208 | SLOW    |     2.466 | FAST    |
A_i[1][1][2]   | C_o[1][1][6]   |     5.366 | SLOW    |     2.455 | FAST    |
A_i[1][1][2]   | C_o[1][1][7]   |     5.429 | SLOW    |     2.483 | FAST    |
A_i[1][1][2]   | C_o[1][1][8]   |     5.723 | SLOW    |     2.558 | FAST    |
A_i[1][1][3]   | C_o[1][0][3]   |     4.705 | SLOW    |     2.443 | FAST    |
A_i[1][1][3]   | C_o[1][0][4]   |     4.951 | SLOW    |     2.499 | FAST    |
A_i[1][1][3]   | C_o[1][0][5]   |     5.161 | SLOW    |     2.527 | FAST    |
A_i[1][1][3]   | C_o[1][0][6]   |     5.324 | SLOW    |     2.515 | FAST    |
A_i[1][1][3]   | C_o[1][0][7]   |     5.386 | SLOW    |     2.543 | FAST    |
A_i[1][1][3]   | C_o[1][0][8]   |     5.725 | SLOW    |     2.617 | FAST    |
A_i[1][1][3]   | C_o[1][1][3]   |     4.705 | SLOW    |     2.443 | FAST    |
A_i[1][1][3]   | C_o[1][1][4]   |     4.951 | SLOW    |     2.499 | FAST    |
A_i[1][1][3]   | C_o[1][1][5]   |     5.161 | SLOW    |     2.527 | FAST    |
A_i[1][1][3]   | C_o[1][1][6]   |     5.324 | SLOW    |     2.515 | FAST    |
A_i[1][1][3]   | C_o[1][1][7]   |     5.386 | SLOW    |     2.543 | FAST    |
A_i[1][1][3]   | C_o[1][1][8]   |     5.725 | SLOW    |     2.617 | FAST    |
A_i[1][1][4]   | C_o[1][0][4]   |     4.940 | SLOW    |     2.569 | FAST    |
A_i[1][1][4]   | C_o[1][0][5]   |     5.159 | SLOW    |     2.546 | FAST    |
A_i[1][1][4]   | C_o[1][0][6]   |     5.322 | SLOW    |     2.591 | FAST    |
A_i[1][1][4]   | C_o[1][0][7]   |     5.384 | SLOW    |     2.619 | FAST    |
A_i[1][1][4]   | C_o[1][0][8]   |     5.723 | SLOW    |     2.619 | FAST    |
A_i[1][1][4]   | C_o[1][1][4]   |     4.940 | SLOW    |     2.569 | FAST    |
A_i[1][1][4]   | C_o[1][1][5]   |     5.159 | SLOW    |     2.546 | FAST    |
A_i[1][1][4]   | C_o[1][1][6]   |     5.322 | SLOW    |     2.591 | FAST    |
A_i[1][1][4]   | C_o[1][1][7]   |     5.384 | SLOW    |     2.619 | FAST    |
A_i[1][1][4]   | C_o[1][1][8]   |     5.723 | SLOW    |     2.619 | FAST    |
A_i[1][1][5]   | C_o[1][0][5]   |     5.150 | SLOW    |     2.684 | FAST    |
A_i[1][1][5]   | C_o[1][0][6]   |     5.313 | SLOW    |     2.632 | FAST    |
A_i[1][1][5]   | C_o[1][0][7]   |     5.375 | SLOW    |     2.646 | FAST    |
A_i[1][1][5]   | C_o[1][0][8]   |     5.714 | SLOW    |     2.625 | FAST    |
A_i[1][1][5]   | C_o[1][1][5]   |     5.150 | SLOW    |     2.684 | FAST    |
A_i[1][1][5]   | C_o[1][1][6]   |     5.313 | SLOW    |     2.632 | FAST    |
A_i[1][1][5]   | C_o[1][1][7]   |     5.375 | SLOW    |     2.646 | FAST    |
A_i[1][1][5]   | C_o[1][1][8]   |     5.714 | SLOW    |     2.625 | FAST    |
A_i[1][1][6]   | C_o[1][0][6]   |     4.904 | SLOW    |     2.548 | FAST    |
A_i[1][1][6]   | C_o[1][0][7]   |     5.110 | SLOW    |     2.505 | FAST    |
A_i[1][1][6]   | C_o[1][0][8]   |     5.449 | SLOW    |     2.546 | FAST    |
A_i[1][1][6]   | C_o[1][1][6]   |     4.904 | SLOW    |     2.548 | FAST    |
A_i[1][1][6]   | C_o[1][1][7]   |     5.110 | SLOW    |     2.505 | FAST    |
A_i[1][1][6]   | C_o[1][1][8]   |     5.449 | SLOW    |     2.546 | FAST    |
A_i[1][1][7]   | C_o[1][0][7]   |     4.946 | SLOW    |     2.577 | FAST    |
A_i[1][1][7]   | C_o[1][0][8]   |     5.316 | SLOW    |     2.549 | FAST    |
A_i[1][1][7]   | C_o[1][1][7]   |     4.946 | SLOW    |     2.577 | FAST    |
A_i[1][1][7]   | C_o[1][1][8]   |     5.316 | SLOW    |     2.549 | FAST    |
A_i[1][1][8]   | C_o[1][0][8]   |     5.293 | SLOW    |     2.764 | FAST    |
A_i[1][1][8]   | C_o[1][1][8]   |     5.293 | SLOW    |     2.764 | FAST    |
B_i[0][0][0]   | C_o[0][0][0]   |     4.735 | SLOW    |     2.464 | FAST    |
B_i[0][0][0]   | C_o[0][0][1]   |     4.811 | SLOW    |     2.491 | FAST    |
B_i[0][0][0]   | C_o[0][0][2]   |     4.944 | SLOW    |     2.462 | FAST    |
B_i[0][0][0]   | C_o[0][0][3]   |     5.006 | SLOW    |     2.462 | FAST    |
B_i[0][0][0]   | C_o[0][0][4]   |     5.196 | SLOW    |     2.518 | FAST    |
B_i[0][0][0]   | C_o[0][0][5]   |     5.271 | SLOW    |     2.546 | FAST    |
B_i[0][0][0]   | C_o[0][0][6]   |     5.433 | SLOW    |     2.535 | FAST    |
B_i[0][0][0]   | C_o[0][0][7]   |     5.495 | SLOW    |     2.563 | FAST    |
B_i[0][0][0]   | C_o[0][0][8]   |     5.834 | SLOW    |     2.629 | FAST    |
B_i[0][0][0]   | C_o[1][0][0]   |     4.735 | SLOW    |     2.464 | FAST    |
B_i[0][0][0]   | C_o[1][0][1]   |     4.811 | SLOW    |     2.491 | FAST    |
B_i[0][0][0]   | C_o[1][0][2]   |     4.944 | SLOW    |     2.462 | FAST    |
B_i[0][0][0]   | C_o[1][0][3]   |     5.006 | SLOW    |     2.462 | FAST    |
B_i[0][0][0]   | C_o[1][0][4]   |     5.196 | SLOW    |     2.518 | FAST    |
B_i[0][0][0]   | C_o[1][0][5]   |     5.271 | SLOW    |     2.546 | FAST    |
B_i[0][0][0]   | C_o[1][0][6]   |     5.433 | SLOW    |     2.535 | FAST    |
B_i[0][0][0]   | C_o[1][0][7]   |     5.495 | SLOW    |     2.563 | FAST    |
B_i[0][0][0]   | C_o[1][0][8]   |     5.834 | SLOW    |     2.629 | FAST    |
B_i[0][0][1]   | C_o[0][0][1]   |     4.728 | SLOW    |     2.462 | FAST    |
B_i[0][0][1]   | C_o[0][0][2]   |     5.038 | SLOW    |     2.507 | FAST    |
B_i[0][0][1]   | C_o[0][0][3]   |     5.100 | SLOW    |     2.535 | FAST    |
B_i[0][0][1]   | C_o[0][0][4]   |     5.290 | SLOW    |     2.529 | FAST    |
B_i[0][0][1]   | C_o[0][0][5]   |     5.360 | SLOW    |     2.557 | FAST    |
B_i[0][0][1]   | C_o[0][0][6]   |     5.464 | SLOW    |     2.546 | FAST    |
B_i[0][0][1]   | C_o[0][0][7]   |     5.527 | SLOW    |     2.574 | FAST    |
B_i[0][0][1]   | C_o[0][0][8]   |     5.817 | SLOW    |     2.610 | FAST    |
B_i[0][0][1]   | C_o[1][0][1]   |     4.728 | SLOW    |     2.462 | FAST    |
B_i[0][0][1]   | C_o[1][0][2]   |     5.038 | SLOW    |     2.507 | FAST    |
B_i[0][0][1]   | C_o[1][0][3]   |     5.100 | SLOW    |     2.535 | FAST    |
B_i[0][0][1]   | C_o[1][0][4]   |     5.290 | SLOW    |     2.529 | FAST    |
B_i[0][0][1]   | C_o[1][0][5]   |     5.360 | SLOW    |     2.557 | FAST    |
B_i[0][0][1]   | C_o[1][0][6]   |     5.464 | SLOW    |     2.546 | FAST    |
B_i[0][0][1]   | C_o[1][0][7]   |     5.527 | SLOW    |     2.574 | FAST    |
B_i[0][0][1]   | C_o[1][0][8]   |     5.817 | SLOW    |     2.610 | FAST    |
B_i[0][0][2]   | C_o[0][0][2]   |     5.040 | SLOW    |     2.636 | FAST    |
B_i[0][0][2]   | C_o[0][0][3]   |     5.102 | SLOW    |     2.566 | FAST    |
B_i[0][0][2]   | C_o[0][0][4]   |     5.292 | SLOW    |     2.568 | FAST    |
B_i[0][0][2]   | C_o[0][0][5]   |     5.362 | SLOW    |     2.559 | FAST    |
B_i[0][0][2]   | C_o[0][0][6]   |     5.466 | SLOW    |     2.604 | FAST    |
B_i[0][0][2]   | C_o[0][0][7]   |     5.529 | SLOW    |     2.632 | FAST    |
B_i[0][0][2]   | C_o[0][0][8]   |     5.792 | SLOW    |     2.683 | FAST    |
B_i[0][0][2]   | C_o[1][0][2]   |     5.040 | SLOW    |     2.636 | FAST    |
B_i[0][0][2]   | C_o[1][0][3]   |     5.102 | SLOW    |     2.566 | FAST    |
B_i[0][0][2]   | C_o[1][0][4]   |     5.292 | SLOW    |     2.568 | FAST    |
B_i[0][0][2]   | C_o[1][0][5]   |     5.362 | SLOW    |     2.559 | FAST    |
B_i[0][0][2]   | C_o[1][0][6]   |     5.466 | SLOW    |     2.604 | FAST    |
B_i[0][0][2]   | C_o[1][0][7]   |     5.529 | SLOW    |     2.632 | FAST    |
B_i[0][0][2]   | C_o[1][0][8]   |     5.792 | SLOW    |     2.683 | FAST    |
B_i[0][0][3]   | C_o[0][0][3]   |     5.008 | SLOW    |     2.612 | FAST    |
B_i[0][0][3]   | C_o[0][0][4]   |     5.201 | SLOW    |     2.547 | FAST    |
B_i[0][0][3]   | C_o[0][0][5]   |     5.270 | SLOW    |     2.563 | FAST    |
B_i[0][0][3]   | C_o[0][0][6]   |     5.429 | SLOW    |     2.594 | FAST    |
B_i[0][0][3]   | C_o[0][0][7]   |     5.492 | SLOW    |     2.622 | FAST    |
B_i[0][0][3]   | C_o[0][0][8]   |     5.803 | SLOW    |     2.687 | FAST    |
B_i[0][0][3]   | C_o[1][0][3]   |     5.008 | SLOW    |     2.612 | FAST    |
B_i[0][0][3]   | C_o[1][0][4]   |     5.201 | SLOW    |     2.547 | FAST    |
B_i[0][0][3]   | C_o[1][0][5]   |     5.270 | SLOW    |     2.563 | FAST    |
B_i[0][0][3]   | C_o[1][0][6]   |     5.429 | SLOW    |     2.594 | FAST    |
B_i[0][0][3]   | C_o[1][0][7]   |     5.492 | SLOW    |     2.622 | FAST    |
B_i[0][0][3]   | C_o[1][0][8]   |     5.803 | SLOW    |     2.687 | FAST    |
B_i[0][0][4]   | C_o[0][0][4]   |     5.019 | SLOW    |     2.615 | FAST    |
B_i[0][0][4]   | C_o[0][0][5]   |     5.221 | SLOW    |     2.553 | FAST    |
B_i[0][0][4]   | C_o[0][0][6]   |     5.383 | SLOW    |     2.598 | FAST    |
B_i[0][0][4]   | C_o[0][0][7]   |     5.445 | SLOW    |     2.626 | FAST    |
B_i[0][0][4]   | C_o[0][0][8]   |     5.784 | SLOW    |     2.693 | FAST    |
B_i[0][0][4]   | C_o[1][0][4]   |     5.019 | SLOW    |     2.615 | FAST    |
B_i[0][0][4]   | C_o[1][0][5]   |     5.221 | SLOW    |     2.553 | FAST    |
B_i[0][0][4]   | C_o[1][0][6]   |     5.383 | SLOW    |     2.598 | FAST    |
B_i[0][0][4]   | C_o[1][0][7]   |     5.445 | SLOW    |     2.626 | FAST    |
B_i[0][0][4]   | C_o[1][0][8]   |     5.784 | SLOW    |     2.693 | FAST    |
B_i[0][0][5]   | C_o[0][0][5]   |     5.210 | SLOW    |     2.727 | FAST    |
B_i[0][0][5]   | C_o[0][0][6]   |     5.372 | SLOW    |     2.682 | FAST    |
B_i[0][0][5]   | C_o[0][0][7]   |     5.434 | SLOW    |     2.693 | FAST    |
B_i[0][0][5]   | C_o[0][0][8]   |     5.773 | SLOW    |     2.677 | FAST    |
B_i[0][0][5]   | C_o[1][0][5]   |     5.210 | SLOW    |     2.727 | FAST    |
B_i[0][0][5]   | C_o[1][0][6]   |     5.372 | SLOW    |     2.682 | FAST    |
B_i[0][0][5]   | C_o[1][0][7]   |     5.434 | SLOW    |     2.693 | FAST    |
B_i[0][0][5]   | C_o[1][0][8]   |     5.773 | SLOW    |     2.677 | FAST    |
B_i[0][0][6]   | C_o[0][0][6]   |     5.200 | SLOW    |     2.716 | FAST    |
B_i[0][0][6]   | C_o[0][0][7]   |     5.405 | SLOW    |     2.682 | FAST    |
B_i[0][0][6]   | C_o[0][0][8]   |     5.745 | SLOW    |     2.679 | FAST    |
B_i[0][0][6]   | C_o[1][0][6]   |     5.200 | SLOW    |     2.716 | FAST    |
B_i[0][0][6]   | C_o[1][0][7]   |     5.405 | SLOW    |     2.682 | FAST    |
B_i[0][0][6]   | C_o[1][0][8]   |     5.745 | SLOW    |     2.679 | FAST    |
B_i[0][0][7]   | C_o[0][0][7]   |     5.209 | SLOW    |     2.727 | FAST    |
B_i[0][0][7]   | C_o[0][0][8]   |     5.550 | SLOW    |     2.700 | FAST    |
B_i[0][0][7]   | C_o[1][0][7]   |     5.209 | SLOW    |     2.727 | FAST    |
B_i[0][0][7]   | C_o[1][0][8]   |     5.550 | SLOW    |     2.700 | FAST    |
B_i[0][0][8]   | C_o[0][0][8]   |     5.358 | SLOW    |     2.810 | FAST    |
B_i[0][0][8]   | C_o[1][0][8]   |     5.358 | SLOW    |     2.810 | FAST    |
B_i[0][1][0]   | C_o[0][1][0]   |     4.735 | SLOW    |     2.464 | FAST    |
B_i[0][1][0]   | C_o[0][1][1]   |     4.811 | SLOW    |     2.491 | FAST    |
B_i[0][1][0]   | C_o[0][1][2]   |     4.944 | SLOW    |     2.462 | FAST    |
B_i[0][1][0]   | C_o[0][1][3]   |     5.006 | SLOW    |     2.462 | FAST    |
B_i[0][1][0]   | C_o[0][1][4]   |     5.196 | SLOW    |     2.518 | FAST    |
B_i[0][1][0]   | C_o[0][1][5]   |     5.271 | SLOW    |     2.546 | FAST    |
B_i[0][1][0]   | C_o[0][1][6]   |     5.433 | SLOW    |     2.535 | FAST    |
B_i[0][1][0]   | C_o[0][1][7]   |     5.495 | SLOW    |     2.563 | FAST    |
B_i[0][1][0]   | C_o[0][1][8]   |     5.834 | SLOW    |     2.629 | FAST    |
B_i[0][1][0]   | C_o[1][1][0]   |     4.735 | SLOW    |     2.464 | FAST    |
B_i[0][1][0]   | C_o[1][1][1]   |     4.811 | SLOW    |     2.491 | FAST    |
B_i[0][1][0]   | C_o[1][1][2]   |     4.944 | SLOW    |     2.462 | FAST    |
B_i[0][1][0]   | C_o[1][1][3]   |     5.006 | SLOW    |     2.462 | FAST    |
B_i[0][1][0]   | C_o[1][1][4]   |     5.196 | SLOW    |     2.518 | FAST    |
B_i[0][1][0]   | C_o[1][1][5]   |     5.271 | SLOW    |     2.546 | FAST    |
B_i[0][1][0]   | C_o[1][1][6]   |     5.433 | SLOW    |     2.535 | FAST    |
B_i[0][1][0]   | C_o[1][1][7]   |     5.495 | SLOW    |     2.563 | FAST    |
B_i[0][1][0]   | C_o[1][1][8]   |     5.834 | SLOW    |     2.629 | FAST    |
B_i[0][1][1]   | C_o[0][1][1]   |     4.728 | SLOW    |     2.462 | FAST    |
B_i[0][1][1]   | C_o[0][1][2]   |     5.038 | SLOW    |     2.507 | FAST    |
B_i[0][1][1]   | C_o[0][1][3]   |     5.100 | SLOW    |     2.535 | FAST    |
B_i[0][1][1]   | C_o[0][1][4]   |     5.290 | SLOW    |     2.529 | FAST    |
B_i[0][1][1]   | C_o[0][1][5]   |     5.360 | SLOW    |     2.557 | FAST    |
B_i[0][1][1]   | C_o[0][1][6]   |     5.464 | SLOW    |     2.546 | FAST    |
B_i[0][1][1]   | C_o[0][1][7]   |     5.527 | SLOW    |     2.574 | FAST    |
B_i[0][1][1]   | C_o[0][1][8]   |     5.817 | SLOW    |     2.610 | FAST    |
B_i[0][1][1]   | C_o[1][1][1]   |     4.728 | SLOW    |     2.462 | FAST    |
B_i[0][1][1]   | C_o[1][1][2]   |     5.038 | SLOW    |     2.507 | FAST    |
B_i[0][1][1]   | C_o[1][1][3]   |     5.100 | SLOW    |     2.535 | FAST    |
B_i[0][1][1]   | C_o[1][1][4]   |     5.290 | SLOW    |     2.529 | FAST    |
B_i[0][1][1]   | C_o[1][1][5]   |     5.360 | SLOW    |     2.557 | FAST    |
B_i[0][1][1]   | C_o[1][1][6]   |     5.464 | SLOW    |     2.546 | FAST    |
B_i[0][1][1]   | C_o[1][1][7]   |     5.527 | SLOW    |     2.574 | FAST    |
B_i[0][1][1]   | C_o[1][1][8]   |     5.817 | SLOW    |     2.610 | FAST    |
B_i[0][1][2]   | C_o[0][1][2]   |     5.040 | SLOW    |     2.636 | FAST    |
B_i[0][1][2]   | C_o[0][1][3]   |     5.102 | SLOW    |     2.566 | FAST    |
B_i[0][1][2]   | C_o[0][1][4]   |     5.292 | SLOW    |     2.568 | FAST    |
B_i[0][1][2]   | C_o[0][1][5]   |     5.362 | SLOW    |     2.559 | FAST    |
B_i[0][1][2]   | C_o[0][1][6]   |     5.466 | SLOW    |     2.604 | FAST    |
B_i[0][1][2]   | C_o[0][1][7]   |     5.529 | SLOW    |     2.632 | FAST    |
B_i[0][1][2]   | C_o[0][1][8]   |     5.792 | SLOW    |     2.683 | FAST    |
B_i[0][1][2]   | C_o[1][1][2]   |     5.040 | SLOW    |     2.636 | FAST    |
B_i[0][1][2]   | C_o[1][1][3]   |     5.102 | SLOW    |     2.566 | FAST    |
B_i[0][1][2]   | C_o[1][1][4]   |     5.292 | SLOW    |     2.568 | FAST    |
B_i[0][1][2]   | C_o[1][1][5]   |     5.362 | SLOW    |     2.559 | FAST    |
B_i[0][1][2]   | C_o[1][1][6]   |     5.466 | SLOW    |     2.604 | FAST    |
B_i[0][1][2]   | C_o[1][1][7]   |     5.529 | SLOW    |     2.632 | FAST    |
B_i[0][1][2]   | C_o[1][1][8]   |     5.792 | SLOW    |     2.683 | FAST    |
B_i[0][1][3]   | C_o[0][1][3]   |     5.008 | SLOW    |     2.612 | FAST    |
B_i[0][1][3]   | C_o[0][1][4]   |     5.201 | SLOW    |     2.547 | FAST    |
B_i[0][1][3]   | C_o[0][1][5]   |     5.270 | SLOW    |     2.563 | FAST    |
B_i[0][1][3]   | C_o[0][1][6]   |     5.429 | SLOW    |     2.594 | FAST    |
B_i[0][1][3]   | C_o[0][1][7]   |     5.492 | SLOW    |     2.622 | FAST    |
B_i[0][1][3]   | C_o[0][1][8]   |     5.803 | SLOW    |     2.687 | FAST    |
B_i[0][1][3]   | C_o[1][1][3]   |     5.008 | SLOW    |     2.612 | FAST    |
B_i[0][1][3]   | C_o[1][1][4]   |     5.201 | SLOW    |     2.547 | FAST    |
B_i[0][1][3]   | C_o[1][1][5]   |     5.270 | SLOW    |     2.563 | FAST    |
B_i[0][1][3]   | C_o[1][1][6]   |     5.429 | SLOW    |     2.594 | FAST    |
B_i[0][1][3]   | C_o[1][1][7]   |     5.492 | SLOW    |     2.622 | FAST    |
B_i[0][1][3]   | C_o[1][1][8]   |     5.803 | SLOW    |     2.687 | FAST    |
B_i[0][1][4]   | C_o[0][1][4]   |     5.019 | SLOW    |     2.615 | FAST    |
B_i[0][1][4]   | C_o[0][1][5]   |     5.221 | SLOW    |     2.553 | FAST    |
B_i[0][1][4]   | C_o[0][1][6]   |     5.383 | SLOW    |     2.598 | FAST    |
B_i[0][1][4]   | C_o[0][1][7]   |     5.445 | SLOW    |     2.626 | FAST    |
B_i[0][1][4]   | C_o[0][1][8]   |     5.784 | SLOW    |     2.693 | FAST    |
B_i[0][1][4]   | C_o[1][1][4]   |     5.019 | SLOW    |     2.615 | FAST    |
B_i[0][1][4]   | C_o[1][1][5]   |     5.221 | SLOW    |     2.553 | FAST    |
B_i[0][1][4]   | C_o[1][1][6]   |     5.383 | SLOW    |     2.598 | FAST    |
B_i[0][1][4]   | C_o[1][1][7]   |     5.445 | SLOW    |     2.626 | FAST    |
B_i[0][1][4]   | C_o[1][1][8]   |     5.784 | SLOW    |     2.693 | FAST    |
B_i[0][1][5]   | C_o[0][1][5]   |     5.210 | SLOW    |     2.727 | FAST    |
B_i[0][1][5]   | C_o[0][1][6]   |     5.372 | SLOW    |     2.682 | FAST    |
B_i[0][1][5]   | C_o[0][1][7]   |     5.434 | SLOW    |     2.693 | FAST    |
B_i[0][1][5]   | C_o[0][1][8]   |     5.773 | SLOW    |     2.677 | FAST    |
B_i[0][1][5]   | C_o[1][1][5]   |     5.210 | SLOW    |     2.727 | FAST    |
B_i[0][1][5]   | C_o[1][1][6]   |     5.372 | SLOW    |     2.682 | FAST    |
B_i[0][1][5]   | C_o[1][1][7]   |     5.434 | SLOW    |     2.693 | FAST    |
B_i[0][1][5]   | C_o[1][1][8]   |     5.773 | SLOW    |     2.677 | FAST    |
B_i[0][1][6]   | C_o[0][1][6]   |     5.200 | SLOW    |     2.716 | FAST    |
B_i[0][1][6]   | C_o[0][1][7]   |     5.405 | SLOW    |     2.682 | FAST    |
B_i[0][1][6]   | C_o[0][1][8]   |     5.745 | SLOW    |     2.679 | FAST    |
B_i[0][1][6]   | C_o[1][1][6]   |     5.200 | SLOW    |     2.716 | FAST    |
B_i[0][1][6]   | C_o[1][1][7]   |     5.405 | SLOW    |     2.682 | FAST    |
B_i[0][1][6]   | C_o[1][1][8]   |     5.745 | SLOW    |     2.679 | FAST    |
B_i[0][1][7]   | C_o[0][1][7]   |     5.209 | SLOW    |     2.727 | FAST    |
B_i[0][1][7]   | C_o[0][1][8]   |     5.550 | SLOW    |     2.700 | FAST    |
B_i[0][1][7]   | C_o[1][1][7]   |     5.209 | SLOW    |     2.727 | FAST    |
B_i[0][1][7]   | C_o[1][1][8]   |     5.550 | SLOW    |     2.700 | FAST    |
B_i[0][1][8]   | C_o[0][1][8]   |     5.358 | SLOW    |     2.810 | FAST    |
B_i[0][1][8]   | C_o[1][1][8]   |     5.358 | SLOW    |     2.810 | FAST    |
B_i[1][0][0]   | C_o[0][0][0]   |     4.636 | SLOW    |     2.405 | FAST    |
B_i[1][0][0]   | C_o[0][0][1]   |     4.714 | SLOW    |     2.432 | FAST    |
B_i[1][0][0]   | C_o[0][0][2]   |     4.847 | SLOW    |     2.404 | FAST    |
B_i[1][0][0]   | C_o[0][0][3]   |     4.907 | SLOW    |     2.404 | FAST    |
B_i[1][0][0]   | C_o[0][0][4]   |     5.098 | SLOW    |     2.459 | FAST    |
B_i[1][0][0]   | C_o[0][0][5]   |     5.174 | SLOW    |     2.487 | FAST    |
B_i[1][0][0]   | C_o[0][0][6]   |     5.337 | SLOW    |     2.476 | FAST    |
B_i[1][0][0]   | C_o[0][0][7]   |     5.399 | SLOW    |     2.504 | FAST    |
B_i[1][0][0]   | C_o[0][0][8]   |     5.738 | SLOW    |     2.570 | FAST    |
B_i[1][0][0]   | C_o[1][0][0]   |     4.636 | SLOW    |     2.405 | FAST    |
B_i[1][0][0]   | C_o[1][0][1]   |     4.714 | SLOW    |     2.432 | FAST    |
B_i[1][0][0]   | C_o[1][0][2]   |     4.847 | SLOW    |     2.404 | FAST    |
B_i[1][0][0]   | C_o[1][0][3]   |     4.907 | SLOW    |     2.404 | FAST    |
B_i[1][0][0]   | C_o[1][0][4]   |     5.098 | SLOW    |     2.459 | FAST    |
B_i[1][0][0]   | C_o[1][0][5]   |     5.174 | SLOW    |     2.487 | FAST    |
B_i[1][0][0]   | C_o[1][0][6]   |     5.337 | SLOW    |     2.476 | FAST    |
B_i[1][0][0]   | C_o[1][0][7]   |     5.399 | SLOW    |     2.504 | FAST    |
B_i[1][0][0]   | C_o[1][0][8]   |     5.738 | SLOW    |     2.570 | FAST    |
B_i[1][0][1]   | C_o[0][0][1]   |     4.631 | SLOW    |     2.404 | FAST    |
B_i[1][0][1]   | C_o[0][0][2]   |     4.941 | SLOW    |     2.449 | FAST    |
B_i[1][0][1]   | C_o[0][0][3]   |     5.001 | SLOW    |     2.477 | FAST    |
B_i[1][0][1]   | C_o[0][0][4]   |     5.192 | SLOW    |     2.470 | FAST    |
B_i[1][0][1]   | C_o[0][0][5]   |     5.262 | SLOW    |     2.499 | FAST    |
B_i[1][0][1]   | C_o[0][0][6]   |     5.365 | SLOW    |     2.487 | FAST    |
B_i[1][0][1]   | C_o[0][0][7]   |     5.428 | SLOW    |     2.515 | FAST    |
B_i[1][0][1]   | C_o[0][0][8]   |     5.721 | SLOW    |     2.551 | FAST    |
B_i[1][0][1]   | C_o[1][0][1]   |     4.631 | SLOW    |     2.404 | FAST    |
B_i[1][0][1]   | C_o[1][0][2]   |     4.941 | SLOW    |     2.449 | FAST    |
B_i[1][0][1]   | C_o[1][0][3]   |     5.001 | SLOW    |     2.477 | FAST    |
B_i[1][0][1]   | C_o[1][0][4]   |     5.192 | SLOW    |     2.470 | FAST    |
B_i[1][0][1]   | C_o[1][0][5]   |     5.262 | SLOW    |     2.499 | FAST    |
B_i[1][0][1]   | C_o[1][0][6]   |     5.365 | SLOW    |     2.487 | FAST    |
B_i[1][0][1]   | C_o[1][0][7]   |     5.428 | SLOW    |     2.515 | FAST    |
B_i[1][0][1]   | C_o[1][0][8]   |     5.721 | SLOW    |     2.551 | FAST    |
B_i[1][0][2]   | C_o[0][0][2]   |     4.943 | SLOW    |     2.578 | FAST    |
B_i[1][0][2]   | C_o[0][0][3]   |     5.003 | SLOW    |     2.508 | FAST    |
B_i[1][0][2]   | C_o[0][0][4]   |     5.194 | SLOW    |     2.509 | FAST    |
B_i[1][0][2]   | C_o[0][0][5]   |     5.264 | SLOW    |     2.501 | FAST    |
B_i[1][0][2]   | C_o[0][0][6]   |     5.367 | SLOW    |     2.545 | FAST    |
B_i[1][0][2]   | C_o[0][0][7]   |     5.430 | SLOW    |     2.573 | FAST    |
B_i[1][0][2]   | C_o[0][0][8]   |     5.696 | SLOW    |     2.624 | FAST    |
B_i[1][0][2]   | C_o[1][0][2]   |     4.943 | SLOW    |     2.578 | FAST    |
B_i[1][0][2]   | C_o[1][0][3]   |     5.003 | SLOW    |     2.508 | FAST    |
B_i[1][0][2]   | C_o[1][0][4]   |     5.194 | SLOW    |     2.509 | FAST    |
B_i[1][0][2]   | C_o[1][0][5]   |     5.264 | SLOW    |     2.501 | FAST    |
B_i[1][0][2]   | C_o[1][0][6]   |     5.367 | SLOW    |     2.545 | FAST    |
B_i[1][0][2]   | C_o[1][0][7]   |     5.430 | SLOW    |     2.573 | FAST    |
B_i[1][0][2]   | C_o[1][0][8]   |     5.696 | SLOW    |     2.624 | FAST    |
B_i[1][0][3]   | C_o[0][0][3]   |     4.911 | SLOW    |     2.554 | FAST    |
B_i[1][0][3]   | C_o[0][0][4]   |     5.103 | SLOW    |     2.488 | FAST    |
B_i[1][0][3]   | C_o[0][0][5]   |     5.172 | SLOW    |     2.505 | FAST    |
B_i[1][0][3]   | C_o[0][0][6]   |     5.330 | SLOW    |     2.535 | FAST    |
B_i[1][0][3]   | C_o[0][0][7]   |     5.393 | SLOW    |     2.563 | FAST    |
B_i[1][0][3]   | C_o[0][0][8]   |     5.707 | SLOW    |     2.628 | FAST    |
B_i[1][0][3]   | C_o[1][0][3]   |     4.911 | SLOW    |     2.554 | FAST    |
B_i[1][0][3]   | C_o[1][0][4]   |     5.103 | SLOW    |     2.488 | FAST    |
B_i[1][0][3]   | C_o[1][0][5]   |     5.172 | SLOW    |     2.505 | FAST    |
B_i[1][0][3]   | C_o[1][0][6]   |     5.330 | SLOW    |     2.535 | FAST    |
B_i[1][0][3]   | C_o[1][0][7]   |     5.393 | SLOW    |     2.563 | FAST    |
B_i[1][0][3]   | C_o[1][0][8]   |     5.707 | SLOW    |     2.628 | FAST    |
B_i[1][0][4]   | C_o[0][0][4]   |     4.921 | SLOW    |     2.556 | FAST    |
B_i[1][0][4]   | C_o[0][0][5]   |     5.124 | SLOW    |     2.495 | FAST    |
B_i[1][0][4]   | C_o[0][0][6]   |     5.287 | SLOW    |     2.539 | FAST    |
B_i[1][0][4]   | C_o[0][0][7]   |     5.349 | SLOW    |     2.567 | FAST    |
B_i[1][0][4]   | C_o[0][0][8]   |     5.688 | SLOW    |     2.634 | FAST    |
B_i[1][0][4]   | C_o[1][0][4]   |     4.921 | SLOW    |     2.556 | FAST    |
B_i[1][0][4]   | C_o[1][0][5]   |     5.124 | SLOW    |     2.495 | FAST    |
B_i[1][0][4]   | C_o[1][0][6]   |     5.287 | SLOW    |     2.539 | FAST    |
B_i[1][0][4]   | C_o[1][0][7]   |     5.349 | SLOW    |     2.567 | FAST    |
B_i[1][0][4]   | C_o[1][0][8]   |     5.688 | SLOW    |     2.634 | FAST    |
B_i[1][0][5]   | C_o[0][0][5]   |     5.113 | SLOW    |     2.669 | FAST    |
B_i[1][0][5]   | C_o[0][0][6]   |     5.276 | SLOW    |     2.623 | FAST    |
B_i[1][0][5]   | C_o[0][0][7]   |     5.338 | SLOW    |     2.635 | FAST    |
B_i[1][0][5]   | C_o[0][0][8]   |     5.677 | SLOW    |     2.618 | FAST    |
B_i[1][0][5]   | C_o[1][0][5]   |     5.113 | SLOW    |     2.669 | FAST    |
B_i[1][0][5]   | C_o[1][0][6]   |     5.276 | SLOW    |     2.623 | FAST    |
B_i[1][0][5]   | C_o[1][0][7]   |     5.338 | SLOW    |     2.635 | FAST    |
B_i[1][0][5]   | C_o[1][0][8]   |     5.677 | SLOW    |     2.618 | FAST    |
B_i[1][0][6]   | C_o[0][0][6]   |     5.104 | SLOW    |     2.657 | FAST    |
B_i[1][0][6]   | C_o[0][0][7]   |     5.310 | SLOW    |     2.624 | FAST    |
B_i[1][0][6]   | C_o[0][0][8]   |     5.649 | SLOW    |     2.620 | FAST    |
B_i[1][0][6]   | C_o[1][0][6]   |     5.104 | SLOW    |     2.657 | FAST    |
B_i[1][0][6]   | C_o[1][0][7]   |     5.310 | SLOW    |     2.624 | FAST    |
B_i[1][0][6]   | C_o[1][0][8]   |     5.649 | SLOW    |     2.620 | FAST    |
B_i[1][0][7]   | C_o[0][0][7]   |     5.114 | SLOW    |     2.669 | FAST    |
B_i[1][0][7]   | C_o[0][0][8]   |     5.453 | SLOW    |     2.641 | FAST    |
B_i[1][0][7]   | C_o[1][0][7]   |     5.114 | SLOW    |     2.669 | FAST    |
B_i[1][0][7]   | C_o[1][0][8]   |     5.453 | SLOW    |     2.641 | FAST    |
B_i[1][0][8]   | C_o[0][0][8]   |     5.259 | SLOW    |     2.751 | FAST    |
B_i[1][0][8]   | C_o[1][0][8]   |     5.259 | SLOW    |     2.751 | FAST    |
B_i[1][1][0]   | C_o[0][1][0]   |     4.636 | SLOW    |     2.405 | FAST    |
B_i[1][1][0]   | C_o[0][1][1]   |     4.714 | SLOW    |     2.432 | FAST    |
B_i[1][1][0]   | C_o[0][1][2]   |     4.847 | SLOW    |     2.404 | FAST    |
B_i[1][1][0]   | C_o[0][1][3]   |     4.907 | SLOW    |     2.404 | FAST    |
B_i[1][1][0]   | C_o[0][1][4]   |     5.098 | SLOW    |     2.459 | FAST    |
B_i[1][1][0]   | C_o[0][1][5]   |     5.174 | SLOW    |     2.487 | FAST    |
B_i[1][1][0]   | C_o[0][1][6]   |     5.337 | SLOW    |     2.476 | FAST    |
B_i[1][1][0]   | C_o[0][1][7]   |     5.399 | SLOW    |     2.504 | FAST    |
B_i[1][1][0]   | C_o[0][1][8]   |     5.738 | SLOW    |     2.570 | FAST    |
B_i[1][1][0]   | C_o[1][1][0]   |     4.636 | SLOW    |     2.405 | FAST    |
B_i[1][1][0]   | C_o[1][1][1]   |     4.714 | SLOW    |     2.432 | FAST    |
B_i[1][1][0]   | C_o[1][1][2]   |     4.847 | SLOW    |     2.404 | FAST    |
B_i[1][1][0]   | C_o[1][1][3]   |     4.907 | SLOW    |     2.404 | FAST    |
B_i[1][1][0]   | C_o[1][1][4]   |     5.098 | SLOW    |     2.459 | FAST    |
B_i[1][1][0]   | C_o[1][1][5]   |     5.174 | SLOW    |     2.487 | FAST    |
B_i[1][1][0]   | C_o[1][1][6]   |     5.337 | SLOW    |     2.476 | FAST    |
B_i[1][1][0]   | C_o[1][1][7]   |     5.399 | SLOW    |     2.504 | FAST    |
B_i[1][1][0]   | C_o[1][1][8]   |     5.738 | SLOW    |     2.570 | FAST    |
B_i[1][1][1]   | C_o[0][1][1]   |     4.631 | SLOW    |     2.404 | FAST    |
B_i[1][1][1]   | C_o[0][1][2]   |     4.941 | SLOW    |     2.449 | FAST    |
B_i[1][1][1]   | C_o[0][1][3]   |     5.001 | SLOW    |     2.477 | FAST    |
B_i[1][1][1]   | C_o[0][1][4]   |     5.192 | SLOW    |     2.470 | FAST    |
B_i[1][1][1]   | C_o[0][1][5]   |     5.262 | SLOW    |     2.499 | FAST    |
B_i[1][1][1]   | C_o[0][1][6]   |     5.365 | SLOW    |     2.487 | FAST    |
B_i[1][1][1]   | C_o[0][1][7]   |     5.428 | SLOW    |     2.515 | FAST    |
B_i[1][1][1]   | C_o[0][1][8]   |     5.721 | SLOW    |     2.551 | FAST    |
B_i[1][1][1]   | C_o[1][1][1]   |     4.631 | SLOW    |     2.404 | FAST    |
B_i[1][1][1]   | C_o[1][1][2]   |     4.941 | SLOW    |     2.449 | FAST    |
B_i[1][1][1]   | C_o[1][1][3]   |     5.001 | SLOW    |     2.477 | FAST    |
B_i[1][1][1]   | C_o[1][1][4]   |     5.192 | SLOW    |     2.470 | FAST    |
B_i[1][1][1]   | C_o[1][1][5]   |     5.262 | SLOW    |     2.499 | FAST    |
B_i[1][1][1]   | C_o[1][1][6]   |     5.365 | SLOW    |     2.487 | FAST    |
B_i[1][1][1]   | C_o[1][1][7]   |     5.428 | SLOW    |     2.515 | FAST    |
B_i[1][1][1]   | C_o[1][1][8]   |     5.721 | SLOW    |     2.551 | FAST    |
B_i[1][1][2]   | C_o[0][1][2]   |     4.943 | SLOW    |     2.578 | FAST    |
B_i[1][1][2]   | C_o[0][1][3]   |     5.003 | SLOW    |     2.508 | FAST    |
B_i[1][1][2]   | C_o[0][1][4]   |     5.194 | SLOW    |     2.509 | FAST    |
B_i[1][1][2]   | C_o[0][1][5]   |     5.264 | SLOW    |     2.501 | FAST    |
B_i[1][1][2]   | C_o[0][1][6]   |     5.367 | SLOW    |     2.545 | FAST    |
B_i[1][1][2]   | C_o[0][1][7]   |     5.430 | SLOW    |     2.573 | FAST    |
B_i[1][1][2]   | C_o[0][1][8]   |     5.696 | SLOW    |     2.624 | FAST    |
B_i[1][1][2]   | C_o[1][1][2]   |     4.943 | SLOW    |     2.578 | FAST    |
B_i[1][1][2]   | C_o[1][1][3]   |     5.003 | SLOW    |     2.508 | FAST    |
B_i[1][1][2]   | C_o[1][1][4]   |     5.194 | SLOW    |     2.509 | FAST    |
B_i[1][1][2]   | C_o[1][1][5]   |     5.264 | SLOW    |     2.501 | FAST    |
B_i[1][1][2]   | C_o[1][1][6]   |     5.367 | SLOW    |     2.545 | FAST    |
B_i[1][1][2]   | C_o[1][1][7]   |     5.430 | SLOW    |     2.573 | FAST    |
B_i[1][1][2]   | C_o[1][1][8]   |     5.696 | SLOW    |     2.624 | FAST    |
B_i[1][1][3]   | C_o[0][1][3]   |     4.911 | SLOW    |     2.554 | FAST    |
B_i[1][1][3]   | C_o[0][1][4]   |     5.103 | SLOW    |     2.488 | FAST    |
B_i[1][1][3]   | C_o[0][1][5]   |     5.172 | SLOW    |     2.505 | FAST    |
B_i[1][1][3]   | C_o[0][1][6]   |     5.330 | SLOW    |     2.535 | FAST    |
B_i[1][1][3]   | C_o[0][1][7]   |     5.393 | SLOW    |     2.563 | FAST    |
B_i[1][1][3]   | C_o[0][1][8]   |     5.707 | SLOW    |     2.628 | FAST    |
B_i[1][1][3]   | C_o[1][1][3]   |     4.911 | SLOW    |     2.554 | FAST    |
B_i[1][1][3]   | C_o[1][1][4]   |     5.103 | SLOW    |     2.488 | FAST    |
B_i[1][1][3]   | C_o[1][1][5]   |     5.172 | SLOW    |     2.505 | FAST    |
B_i[1][1][3]   | C_o[1][1][6]   |     5.330 | SLOW    |     2.535 | FAST    |
B_i[1][1][3]   | C_o[1][1][7]   |     5.393 | SLOW    |     2.563 | FAST    |
B_i[1][1][3]   | C_o[1][1][8]   |     5.707 | SLOW    |     2.628 | FAST    |
B_i[1][1][4]   | C_o[0][1][4]   |     4.921 | SLOW    |     2.556 | FAST    |
B_i[1][1][4]   | C_o[0][1][5]   |     5.124 | SLOW    |     2.495 | FAST    |
B_i[1][1][4]   | C_o[0][1][6]   |     5.287 | SLOW    |     2.539 | FAST    |
B_i[1][1][4]   | C_o[0][1][7]   |     5.349 | SLOW    |     2.567 | FAST    |
B_i[1][1][4]   | C_o[0][1][8]   |     5.688 | SLOW    |     2.634 | FAST    |
B_i[1][1][4]   | C_o[1][1][4]   |     4.921 | SLOW    |     2.556 | FAST    |
B_i[1][1][4]   | C_o[1][1][5]   |     5.124 | SLOW    |     2.495 | FAST    |
B_i[1][1][4]   | C_o[1][1][6]   |     5.287 | SLOW    |     2.539 | FAST    |
B_i[1][1][4]   | C_o[1][1][7]   |     5.349 | SLOW    |     2.567 | FAST    |
B_i[1][1][4]   | C_o[1][1][8]   |     5.688 | SLOW    |     2.634 | FAST    |
B_i[1][1][5]   | C_o[0][1][5]   |     5.113 | SLOW    |     2.669 | FAST    |
B_i[1][1][5]   | C_o[0][1][6]   |     5.276 | SLOW    |     2.623 | FAST    |
B_i[1][1][5]   | C_o[0][1][7]   |     5.338 | SLOW    |     2.635 | FAST    |
B_i[1][1][5]   | C_o[0][1][8]   |     5.677 | SLOW    |     2.618 | FAST    |
B_i[1][1][5]   | C_o[1][1][5]   |     5.113 | SLOW    |     2.669 | FAST    |
B_i[1][1][5]   | C_o[1][1][6]   |     5.276 | SLOW    |     2.623 | FAST    |
B_i[1][1][5]   | C_o[1][1][7]   |     5.338 | SLOW    |     2.635 | FAST    |
B_i[1][1][5]   | C_o[1][1][8]   |     5.677 | SLOW    |     2.618 | FAST    |
B_i[1][1][6]   | C_o[0][1][6]   |     5.104 | SLOW    |     2.657 | FAST    |
B_i[1][1][6]   | C_o[0][1][7]   |     5.310 | SLOW    |     2.624 | FAST    |
B_i[1][1][6]   | C_o[0][1][8]   |     5.649 | SLOW    |     2.620 | FAST    |
B_i[1][1][6]   | C_o[1][1][6]   |     5.104 | SLOW    |     2.657 | FAST    |
B_i[1][1][6]   | C_o[1][1][7]   |     5.310 | SLOW    |     2.624 | FAST    |
B_i[1][1][6]   | C_o[1][1][8]   |     5.649 | SLOW    |     2.620 | FAST    |
B_i[1][1][7]   | C_o[0][1][7]   |     5.114 | SLOW    |     2.669 | FAST    |
B_i[1][1][7]   | C_o[0][1][8]   |     5.453 | SLOW    |     2.641 | FAST    |
B_i[1][1][7]   | C_o[1][1][7]   |     5.114 | SLOW    |     2.669 | FAST    |
B_i[1][1][7]   | C_o[1][1][8]   |     5.453 | SLOW    |     2.641 | FAST    |
B_i[1][1][8]   | C_o[0][1][8]   |     5.259 | SLOW    |     2.751 | FAST    |
B_i[1][1][8]   | C_o[1][1][8]   |     5.259 | SLOW    |     2.751 | FAST    |
S_A_i[0][0][0] | S_C_o[0][0][0] |     4.246 | SLOW    |     2.201 | FAST    |
S_A_i[0][0][0] | S_C_o[0][0][1] |     4.263 | SLOW    |     2.207 | FAST    |
S_A_i[0][0][0] | S_C_o[0][0][2] |     4.273 | SLOW    |     2.210 | FAST    |
S_A_i[0][0][0] | S_C_o[0][0][3] |     4.447 | SLOW    |     2.304 | FAST    |
S_A_i[0][0][0] | S_C_o[0][0][4] |     4.447 | SLOW    |     2.304 | FAST    |
S_A_i[0][0][0] | S_C_o[0][0][5] |     4.675 | SLOW    |     2.429 | FAST    |
S_A_i[0][0][0] | S_C_o[0][0][6] |     4.697 | SLOW    |     2.443 | FAST    |
S_A_i[0][0][0] | S_C_o[0][0][7] |     4.762 | SLOW    |     2.480 | FAST    |
S_A_i[0][0][0] | S_C_o[0][1][0] |     4.246 | SLOW    |     2.201 | FAST    |
S_A_i[0][0][0] | S_C_o[0][1][1] |     4.263 | SLOW    |     2.207 | FAST    |
S_A_i[0][0][0] | S_C_o[0][1][2] |     4.273 | SLOW    |     2.210 | FAST    |
S_A_i[0][0][0] | S_C_o[0][1][3] |     4.447 | SLOW    |     2.304 | FAST    |
S_A_i[0][0][0] | S_C_o[0][1][4] |     4.447 | SLOW    |     2.304 | FAST    |
S_A_i[0][0][0] | S_C_o[0][1][5] |     4.675 | SLOW    |     2.429 | FAST    |
S_A_i[0][0][0] | S_C_o[0][1][6] |     4.697 | SLOW    |     2.443 | FAST    |
S_A_i[0][0][0] | S_C_o[0][1][7] |     4.762 | SLOW    |     2.480 | FAST    |
S_A_i[0][0][1] | S_C_o[0][0][1] |     4.270 | SLOW    |     2.218 | FAST    |
S_A_i[0][0][1] | S_C_o[0][0][2] |     4.266 | SLOW    |     2.207 | FAST    |
S_A_i[0][0][1] | S_C_o[0][0][3] |     4.445 | SLOW    |     2.309 | FAST    |
S_A_i[0][0][1] | S_C_o[0][0][4] |     4.445 | SLOW    |     2.309 | FAST    |
S_A_i[0][0][1] | S_C_o[0][0][5] |     4.673 | SLOW    |     2.434 | FAST    |
S_A_i[0][0][1] | S_C_o[0][0][6] |     4.695 | SLOW    |     2.448 | FAST    |
S_A_i[0][0][1] | S_C_o[0][0][7] |     4.760 | SLOW    |     2.485 | FAST    |
S_A_i[0][0][1] | S_C_o[0][1][1] |     4.270 | SLOW    |     2.218 | FAST    |
S_A_i[0][0][1] | S_C_o[0][1][2] |     4.266 | SLOW    |     2.207 | FAST    |
S_A_i[0][0][1] | S_C_o[0][1][3] |     4.445 | SLOW    |     2.309 | FAST    |
S_A_i[0][0][1] | S_C_o[0][1][4] |     4.445 | SLOW    |     2.309 | FAST    |
S_A_i[0][0][1] | S_C_o[0][1][5] |     4.673 | SLOW    |     2.434 | FAST    |
S_A_i[0][0][1] | S_C_o[0][1][6] |     4.695 | SLOW    |     2.448 | FAST    |
S_A_i[0][0][1] | S_C_o[0][1][7] |     4.760 | SLOW    |     2.485 | FAST    |
S_A_i[0][0][2] | S_C_o[0][0][2] |     4.230 | SLOW    |     2.193 | FAST    |
S_A_i[0][0][2] | S_C_o[0][0][3] |     4.463 | SLOW    |     2.313 | FAST    |
S_A_i[0][0][2] | S_C_o[0][0][4] |     4.463 | SLOW    |     2.313 | FAST    |
S_A_i[0][0][2] | S_C_o[0][0][5] |     4.691 | SLOW    |     2.438 | FAST    |
S_A_i[0][0][2] | S_C_o[0][0][6] |     4.713 | SLOW    |     2.452 | FAST    |
S_A_i[0][0][2] | S_C_o[0][0][7] |     4.778 | SLOW    |     2.489 | FAST    |
S_A_i[0][0][2] | S_C_o[0][1][2] |     4.230 | SLOW    |     2.193 | FAST    |
S_A_i[0][0][2] | S_C_o[0][1][3] |     4.463 | SLOW    |     2.313 | FAST    |
S_A_i[0][0][2] | S_C_o[0][1][4] |     4.463 | SLOW    |     2.313 | FAST    |
S_A_i[0][0][2] | S_C_o[0][1][5] |     4.691 | SLOW    |     2.438 | FAST    |
S_A_i[0][0][2] | S_C_o[0][1][6] |     4.713 | SLOW    |     2.452 | FAST    |
S_A_i[0][0][2] | S_C_o[0][1][7] |     4.778 | SLOW    |     2.489 | FAST    |
S_A_i[0][0][3] | S_C_o[0][0][3] |     4.239 | SLOW    |     2.198 | FAST    |
S_A_i[0][0][3] | S_C_o[0][0][4] |     4.234 | SLOW    |     2.190 | FAST    |
S_A_i[0][0][3] | S_C_o[0][0][5] |     4.476 | SLOW    |     2.329 | FAST    |
S_A_i[0][0][3] | S_C_o[0][0][6] |     4.498 | SLOW    |     2.343 | FAST    |
S_A_i[0][0][3] | S_C_o[0][0][7] |     4.563 | SLOW    |     2.380 | FAST    |
S_A_i[0][0][3] | S_C_o[0][1][3] |     4.239 | SLOW    |     2.198 | FAST    |
S_A_i[0][0][3] | S_C_o[0][1][4] |     4.234 | SLOW    |     2.190 | FAST    |
S_A_i[0][0][3] | S_C_o[0][1][5] |     4.476 | SLOW    |     2.329 | FAST    |
S_A_i[0][0][3] | S_C_o[0][1][6] |     4.498 | SLOW    |     2.343 | FAST    |
S_A_i[0][0][3] | S_C_o[0][1][7] |     4.563 | SLOW    |     2.380 | FAST    |
S_A_i[0][0][4] | S_C_o[0][0][4] |     4.230 | SLOW    |     2.193 | FAST    |
S_A_i[0][0][4] | S_C_o[0][0][5] |     4.453 | SLOW    |     2.310 | FAST    |
S_A_i[0][0][4] | S_C_o[0][0][6] |     4.475 | SLOW    |     2.324 | FAST    |
S_A_i[0][0][4] | S_C_o[0][0][7] |     4.540 | SLOW    |     2.361 | FAST    |
S_A_i[0][0][4] | S_C_o[0][1][4] |     4.230 | SLOW    |     2.193 | FAST    |
S_A_i[0][0][4] | S_C_o[0][1][5] |     4.453 | SLOW    |     2.310 | FAST    |
S_A_i[0][0][4] | S_C_o[0][1][6] |     4.475 | SLOW    |     2.324 | FAST    |
S_A_i[0][0][4] | S_C_o[0][1][7] |     4.540 | SLOW    |     2.361 | FAST    |
S_A_i[0][0][5] | S_C_o[0][0][5] |     4.239 | SLOW    |     2.198 | FAST    |
S_A_i[0][0][5] | S_C_o[0][0][6] |     4.256 | SLOW    |     2.204 | FAST    |
S_A_i[0][0][5] | S_C_o[0][0][7] |     4.266 | SLOW    |     2.207 | FAST    |
S_A_i[0][0][5] | S_C_o[0][1][5] |     4.239 | SLOW    |     2.198 | FAST    |
S_A_i[0][0][5] | S_C_o[0][1][6] |     4.256 | SLOW    |     2.204 | FAST    |
S_A_i[0][0][5] | S_C_o[0][1][7] |     4.266 | SLOW    |     2.207 | FAST    |
S_A_i[0][0][6] | S_C_o[0][0][6] |     4.261 | SLOW    |     2.213 | FAST    |
S_A_i[0][0][6] | S_C_o[0][0][7] |     4.225 | SLOW    |     2.185 | FAST    |
S_A_i[0][0][6] | S_C_o[0][1][6] |     4.261 | SLOW    |     2.213 | FAST    |
S_A_i[0][0][6] | S_C_o[0][1][7] |     4.225 | SLOW    |     2.185 | FAST    |
S_A_i[0][0][7] | S_C_o[0][0][7] |     4.414 | SLOW    |     2.300 | FAST    |
S_A_i[0][0][7] | S_C_o[0][1][7] |     4.445 | SLOW    |     2.320 | FAST    |
S_A_i[1][0][0] | S_C_o[1][0][0] |     4.246 | SLOW    |     2.201 | FAST    |
S_A_i[1][0][0] | S_C_o[1][0][1] |     4.263 | SLOW    |     2.207 | FAST    |
S_A_i[1][0][0] | S_C_o[1][0][2] |     4.273 | SLOW    |     2.210 | FAST    |
S_A_i[1][0][0] | S_C_o[1][0][3] |     4.469 | SLOW    |     2.318 | FAST    |
S_A_i[1][0][0] | S_C_o[1][0][4] |     4.447 | SLOW    |     2.304 | FAST    |
S_A_i[1][0][0] | S_C_o[1][0][5] |     4.675 | SLOW    |     2.429 | FAST    |
S_A_i[1][0][0] | S_C_o[1][0][6] |     4.697 | SLOW    |     2.443 | FAST    |
S_A_i[1][0][0] | S_C_o[1][0][7] |     4.762 | SLOW    |     2.480 | FAST    |
S_A_i[1][0][0] | S_C_o[1][1][0] |     4.246 | SLOW    |     2.201 | FAST    |
S_A_i[1][0][0] | S_C_o[1][1][1] |     4.263 | SLOW    |     2.207 | FAST    |
S_A_i[1][0][0] | S_C_o[1][1][2] |     4.273 | SLOW    |     2.210 | FAST    |
S_A_i[1][0][0] | S_C_o[1][1][3] |     4.469 | SLOW    |     2.318 | FAST    |
S_A_i[1][0][0] | S_C_o[1][1][4] |     4.447 | SLOW    |     2.304 | FAST    |
S_A_i[1][0][0] | S_C_o[1][1][5] |     4.675 | SLOW    |     2.429 | FAST    |
S_A_i[1][0][0] | S_C_o[1][1][6] |     4.697 | SLOW    |     2.443 | FAST    |
S_A_i[1][0][0] | S_C_o[1][1][7] |     4.762 | SLOW    |     2.480 | FAST    |
S_A_i[1][0][1] | S_C_o[1][0][1] |     4.270 | SLOW    |     2.218 | FAST    |
S_A_i[1][0][1] | S_C_o[1][0][2] |     4.266 | SLOW    |     2.207 | FAST    |
S_A_i[1][0][1] | S_C_o[1][0][3] |     4.467 | SLOW    |     2.323 | FAST    |
S_A_i[1][0][1] | S_C_o[1][0][4] |     4.445 | SLOW    |     2.309 | FAST    |
S_A_i[1][0][1] | S_C_o[1][0][5] |     4.673 | SLOW    |     2.434 | FAST    |
S_A_i[1][0][1] | S_C_o[1][0][6] |     4.695 | SLOW    |     2.448 | FAST    |
S_A_i[1][0][1] | S_C_o[1][0][7] |     4.760 | SLOW    |     2.485 | FAST    |
S_A_i[1][0][1] | S_C_o[1][1][1] |     4.270 | SLOW    |     2.218 | FAST    |
S_A_i[1][0][1] | S_C_o[1][1][2] |     4.266 | SLOW    |     2.207 | FAST    |
S_A_i[1][0][1] | S_C_o[1][1][3] |     4.467 | SLOW    |     2.323 | FAST    |
S_A_i[1][0][1] | S_C_o[1][1][4] |     4.445 | SLOW    |     2.309 | FAST    |
S_A_i[1][0][1] | S_C_o[1][1][5] |     4.673 | SLOW    |     2.434 | FAST    |
S_A_i[1][0][1] | S_C_o[1][1][6] |     4.695 | SLOW    |     2.448 | FAST    |
S_A_i[1][0][1] | S_C_o[1][1][7] |     4.760 | SLOW    |     2.485 | FAST    |
S_A_i[1][0][2] | S_C_o[1][0][2] |     4.230 | SLOW    |     2.193 | FAST    |
S_A_i[1][0][2] | S_C_o[1][0][3] |     4.485 | SLOW    |     2.327 | FAST    |
S_A_i[1][0][2] | S_C_o[1][0][4] |     4.463 | SLOW    |     2.313 | FAST    |
S_A_i[1][0][2] | S_C_o[1][0][5] |     4.691 | SLOW    |     2.438 | FAST    |
S_A_i[1][0][2] | S_C_o[1][0][6] |     4.713 | SLOW    |     2.452 | FAST    |
S_A_i[1][0][2] | S_C_o[1][0][7] |     4.778 | SLOW    |     2.489 | FAST    |
S_A_i[1][0][2] | S_C_o[1][1][2] |     4.230 | SLOW    |     2.193 | FAST    |
S_A_i[1][0][2] | S_C_o[1][1][3] |     4.485 | SLOW    |     2.327 | FAST    |
S_A_i[1][0][2] | S_C_o[1][1][4] |     4.463 | SLOW    |     2.313 | FAST    |
S_A_i[1][0][2] | S_C_o[1][1][5] |     4.691 | SLOW    |     2.438 | FAST    |
S_A_i[1][0][2] | S_C_o[1][1][6] |     4.713 | SLOW    |     2.452 | FAST    |
S_A_i[1][0][2] | S_C_o[1][1][7] |     4.778 | SLOW    |     2.489 | FAST    |
S_A_i[1][0][3] | S_C_o[1][0][3] |     4.270 | SLOW    |     2.218 | FAST    |
S_A_i[1][0][3] | S_C_o[1][0][4] |     4.234 | SLOW    |     2.190 | FAST    |
S_A_i[1][0][3] | S_C_o[1][0][5] |     4.476 | SLOW    |     2.329 | FAST    |
S_A_i[1][0][3] | S_C_o[1][0][6] |     4.498 | SLOW    |     2.343 | FAST    |
S_A_i[1][0][3] | S_C_o[1][0][7] |     4.563 | SLOW    |     2.380 | FAST    |
S_A_i[1][0][3] | S_C_o[1][1][3] |     4.270 | SLOW    |     2.218 | FAST    |
S_A_i[1][0][3] | S_C_o[1][1][4] |     4.234 | SLOW    |     2.190 | FAST    |
S_A_i[1][0][3] | S_C_o[1][1][5] |     4.476 | SLOW    |     2.329 | FAST    |
S_A_i[1][0][3] | S_C_o[1][1][6] |     4.498 | SLOW    |     2.343 | FAST    |
S_A_i[1][0][3] | S_C_o[1][1][7] |     4.563 | SLOW    |     2.380 | FAST    |
S_A_i[1][0][4] | S_C_o[1][0][4] |     4.230 | SLOW    |     2.193 | FAST    |
S_A_i[1][0][4] | S_C_o[1][0][5] |     4.453 | SLOW    |     2.310 | FAST    |
S_A_i[1][0][4] | S_C_o[1][0][6] |     4.475 | SLOW    |     2.324 | FAST    |
S_A_i[1][0][4] | S_C_o[1][0][7] |     4.540 | SLOW    |     2.361 | FAST    |
S_A_i[1][0][4] | S_C_o[1][1][4] |     4.230 | SLOW    |     2.193 | FAST    |
S_A_i[1][0][4] | S_C_o[1][1][5] |     4.453 | SLOW    |     2.310 | FAST    |
S_A_i[1][0][4] | S_C_o[1][1][6] |     4.475 | SLOW    |     2.324 | FAST    |
S_A_i[1][0][4] | S_C_o[1][1][7] |     4.540 | SLOW    |     2.361 | FAST    |
S_A_i[1][0][5] | S_C_o[1][0][5] |     4.239 | SLOW    |     2.198 | FAST    |
S_A_i[1][0][5] | S_C_o[1][0][6] |     4.256 | SLOW    |     2.204 | FAST    |
S_A_i[1][0][5] | S_C_o[1][0][7] |     4.266 | SLOW    |     2.207 | FAST    |
S_A_i[1][0][5] | S_C_o[1][1][5] |     4.239 | SLOW    |     2.198 | FAST    |
S_A_i[1][0][5] | S_C_o[1][1][6] |     4.256 | SLOW    |     2.204 | FAST    |
S_A_i[1][0][5] | S_C_o[1][1][7] |     4.266 | SLOW    |     2.207 | FAST    |
S_A_i[1][0][6] | S_C_o[1][0][6] |     4.261 | SLOW    |     2.213 | FAST    |
S_A_i[1][0][6] | S_C_o[1][0][7] |     4.225 | SLOW    |     2.185 | FAST    |
S_A_i[1][0][6] | S_C_o[1][1][6] |     4.261 | SLOW    |     2.213 | FAST    |
S_A_i[1][0][6] | S_C_o[1][1][7] |     4.225 | SLOW    |     2.185 | FAST    |
S_A_i[1][0][7] | S_C_o[1][0][7] |     4.414 | SLOW    |     2.300 | FAST    |
S_A_i[1][0][7] | S_C_o[1][1][7] |     4.445 | SLOW    |     2.320 | FAST    |
S_B_i[0][0][0] | S_C_o[0][0][0] |     4.246 | SLOW    |     2.201 | FAST    |
S_B_i[0][0][0] | S_C_o[0][0][1] |     4.263 | SLOW    |     2.207 | FAST    |
S_B_i[0][0][0] | S_C_o[0][0][2] |     4.241 | SLOW    |     2.193 | FAST    |
S_B_i[0][0][0] | S_C_o[0][0][3] |     4.479 | SLOW    |     2.321 | FAST    |
S_B_i[0][0][0] | S_C_o[0][0][4] |     4.479 | SLOW    |     2.321 | FAST    |
S_B_i[0][0][0] | S_C_o[0][0][5] |     4.707 | SLOW    |     2.446 | FAST    |
S_B_i[0][0][0] | S_C_o[0][0][6] |     4.729 | SLOW    |     2.460 | FAST    |
S_B_i[0][0][0] | S_C_o[0][0][7] |     4.794 | SLOW    |     2.497 | FAST    |
S_B_i[0][0][0] | S_C_o[1][0][0] |     4.246 | SLOW    |     2.201 | FAST    |
S_B_i[0][0][0] | S_C_o[1][0][1] |     4.263 | SLOW    |     2.207 | FAST    |
S_B_i[0][0][0] | S_C_o[1][0][2] |     4.241 | SLOW    |     2.193 | FAST    |
S_B_i[0][0][0] | S_C_o[1][0][3] |     4.501 | SLOW    |     2.335 | FAST    |
S_B_i[0][0][0] | S_C_o[1][0][4] |     4.479 | SLOW    |     2.321 | FAST    |
S_B_i[0][0][0] | S_C_o[1][0][5] |     4.707 | SLOW    |     2.446 | FAST    |
S_B_i[0][0][0] | S_C_o[1][0][6] |     4.729 | SLOW    |     2.460 | FAST    |
S_B_i[0][0][0] | S_C_o[1][0][7] |     4.794 | SLOW    |     2.497 | FAST    |
S_B_i[0][0][1] | S_C_o[0][0][1] |     4.270 | SLOW    |     2.218 | FAST    |
S_B_i[0][0][1] | S_C_o[0][0][2] |     4.234 | SLOW    |     2.190 | FAST    |
S_B_i[0][0][1] | S_C_o[0][0][3] |     4.445 | SLOW    |     2.309 | FAST    |
S_B_i[0][0][1] | S_C_o[0][0][4] |     4.445 | SLOW    |     2.309 | FAST    |
S_B_i[0][0][1] | S_C_o[0][0][5] |     4.673 | SLOW    |     2.434 | FAST    |
S_B_i[0][0][1] | S_C_o[0][0][6] |     4.695 | SLOW    |     2.448 | FAST    |
S_B_i[0][0][1] | S_C_o[0][0][7] |     4.760 | SLOW    |     2.485 | FAST    |
S_B_i[0][0][1] | S_C_o[1][0][1] |     4.270 | SLOW    |     2.218 | FAST    |
S_B_i[0][0][1] | S_C_o[1][0][2] |     4.234 | SLOW    |     2.190 | FAST    |
S_B_i[0][0][1] | S_C_o[1][0][3] |     4.467 | SLOW    |     2.323 | FAST    |
S_B_i[0][0][1] | S_C_o[1][0][4] |     4.445 | SLOW    |     2.309 | FAST    |
S_B_i[0][0][1] | S_C_o[1][0][5] |     4.673 | SLOW    |     2.434 | FAST    |
S_B_i[0][0][1] | S_C_o[1][0][6] |     4.695 | SLOW    |     2.448 | FAST    |
S_B_i[0][0][1] | S_C_o[1][0][7] |     4.760 | SLOW    |     2.485 | FAST    |
S_B_i[0][0][2] | S_C_o[0][0][2] |     4.230 | SLOW    |     2.193 | FAST    |
S_B_i[0][0][2] | S_C_o[0][0][3] |     4.431 | SLOW    |     2.296 | FAST    |
S_B_i[0][0][2] | S_C_o[0][0][4] |     4.431 | SLOW    |     2.296 | FAST    |
S_B_i[0][0][2] | S_C_o[0][0][5] |     4.659 | SLOW    |     2.421 | FAST    |
S_B_i[0][0][2] | S_C_o[0][0][6] |     4.681 | SLOW    |     2.435 | FAST    |
S_B_i[0][0][2] | S_C_o[0][0][7] |     4.746 | SLOW    |     2.472 | FAST    |
S_B_i[0][0][2] | S_C_o[1][0][2] |     4.230 | SLOW    |     2.193 | FAST    |
S_B_i[0][0][2] | S_C_o[1][0][3] |     4.453 | SLOW    |     2.310 | FAST    |
S_B_i[0][0][2] | S_C_o[1][0][4] |     4.431 | SLOW    |     2.296 | FAST    |
S_B_i[0][0][2] | S_C_o[1][0][5] |     4.659 | SLOW    |     2.421 | FAST    |
S_B_i[0][0][2] | S_C_o[1][0][6] |     4.681 | SLOW    |     2.435 | FAST    |
S_B_i[0][0][2] | S_C_o[1][0][7] |     4.746 | SLOW    |     2.472 | FAST    |
S_B_i[0][0][3] | S_C_o[0][0][3] |     4.239 | SLOW    |     2.198 | FAST    |
S_B_i[0][0][3] | S_C_o[0][0][4] |     4.234 | SLOW    |     2.190 | FAST    |
S_B_i[0][0][3] | S_C_o[0][0][5] |     4.476 | SLOW    |     2.329 | FAST    |
S_B_i[0][0][3] | S_C_o[0][0][6] |     4.498 | SLOW    |     2.343 | FAST    |
S_B_i[0][0][3] | S_C_o[0][0][7] |     4.563 | SLOW    |     2.380 | FAST    |
S_B_i[0][0][3] | S_C_o[1][0][3] |     4.270 | SLOW    |     2.218 | FAST    |
S_B_i[0][0][3] | S_C_o[1][0][4] |     4.234 | SLOW    |     2.190 | FAST    |
S_B_i[0][0][3] | S_C_o[1][0][5] |     4.476 | SLOW    |     2.329 | FAST    |
S_B_i[0][0][3] | S_C_o[1][0][6] |     4.498 | SLOW    |     2.343 | FAST    |
S_B_i[0][0][3] | S_C_o[1][0][7] |     4.563 | SLOW    |     2.380 | FAST    |
S_B_i[0][0][4] | S_C_o[0][0][4] |     4.230 | SLOW    |     2.193 | FAST    |
S_B_i[0][0][4] | S_C_o[0][0][5] |     4.453 | SLOW    |     2.310 | FAST    |
S_B_i[0][0][4] | S_C_o[0][0][6] |     4.475 | SLOW    |     2.324 | FAST    |
S_B_i[0][0][4] | S_C_o[0][0][7] |     4.540 | SLOW    |     2.361 | FAST    |
S_B_i[0][0][4] | S_C_o[1][0][4] |     4.230 | SLOW    |     2.193 | FAST    |
S_B_i[0][0][4] | S_C_o[1][0][5] |     4.453 | SLOW    |     2.310 | FAST    |
S_B_i[0][0][4] | S_C_o[1][0][6] |     4.475 | SLOW    |     2.324 | FAST    |
S_B_i[0][0][4] | S_C_o[1][0][7] |     4.540 | SLOW    |     2.361 | FAST    |
S_B_i[0][0][5] | S_C_o[0][0][5] |     4.239 | SLOW    |     2.198 | FAST    |
S_B_i[0][0][5] | S_C_o[0][0][6] |     4.256 | SLOW    |     2.204 | FAST    |
S_B_i[0][0][5] | S_C_o[0][0][7] |     4.234 | SLOW    |     2.190 | FAST    |
S_B_i[0][0][5] | S_C_o[1][0][5] |     4.239 | SLOW    |     2.198 | FAST    |
S_B_i[0][0][5] | S_C_o[1][0][6] |     4.256 | SLOW    |     2.204 | FAST    |
S_B_i[0][0][5] | S_C_o[1][0][7] |     4.234 | SLOW    |     2.190 | FAST    |
S_B_i[0][0][6] | S_C_o[0][0][6] |     4.261 | SLOW    |     2.213 | FAST    |
S_B_i[0][0][6] | S_C_o[0][0][7] |     4.230 | SLOW    |     2.193 | FAST    |
S_B_i[0][0][6] | S_C_o[1][0][6] |     4.261 | SLOW    |     2.213 | FAST    |
S_B_i[0][0][6] | S_C_o[1][0][7] |     4.230 | SLOW    |     2.193 | FAST    |
S_B_i[0][0][7] | S_C_o[0][0][7] |     4.414 | SLOW    |     2.300 | FAST    |
S_B_i[0][0][7] | S_C_o[1][0][7] |     4.414 | SLOW    |     2.300 | FAST    |
S_B_i[0][1][0] | S_C_o[0][1][0] |     4.246 | SLOW    |     2.201 | FAST    |
S_B_i[0][1][0] | S_C_o[0][1][1] |     4.263 | SLOW    |     2.207 | FAST    |
S_B_i[0][1][0] | S_C_o[0][1][2] |     4.241 | SLOW    |     2.193 | FAST    |
S_B_i[0][1][0] | S_C_o[0][1][3] |     4.479 | SLOW    |     2.321 | FAST    |
S_B_i[0][1][0] | S_C_o[0][1][4] |     4.479 | SLOW    |     2.321 | FAST    |
S_B_i[0][1][0] | S_C_o[0][1][5] |     4.707 | SLOW    |     2.446 | FAST    |
S_B_i[0][1][0] | S_C_o[0][1][6] |     4.729 | SLOW    |     2.460 | FAST    |
S_B_i[0][1][0] | S_C_o[0][1][7] |     4.794 | SLOW    |     2.497 | FAST    |
S_B_i[0][1][0] | S_C_o[1][1][0] |     4.246 | SLOW    |     2.201 | FAST    |
S_B_i[0][1][0] | S_C_o[1][1][1] |     4.263 | SLOW    |     2.207 | FAST    |
S_B_i[0][1][0] | S_C_o[1][1][2] |     4.241 | SLOW    |     2.193 | FAST    |
S_B_i[0][1][0] | S_C_o[1][1][3] |     4.501 | SLOW    |     2.335 | FAST    |
S_B_i[0][1][0] | S_C_o[1][1][4] |     4.479 | SLOW    |     2.321 | FAST    |
S_B_i[0][1][0] | S_C_o[1][1][5] |     4.707 | SLOW    |     2.446 | FAST    |
S_B_i[0][1][0] | S_C_o[1][1][6] |     4.729 | SLOW    |     2.460 | FAST    |
S_B_i[0][1][0] | S_C_o[1][1][7] |     4.794 | SLOW    |     2.497 | FAST    |
S_B_i[0][1][1] | S_C_o[0][1][1] |     4.270 | SLOW    |     2.218 | FAST    |
S_B_i[0][1][1] | S_C_o[0][1][2] |     4.234 | SLOW    |     2.190 | FAST    |
S_B_i[0][1][1] | S_C_o[0][1][3] |     4.445 | SLOW    |     2.309 | FAST    |
S_B_i[0][1][1] | S_C_o[0][1][4] |     4.445 | SLOW    |     2.309 | FAST    |
S_B_i[0][1][1] | S_C_o[0][1][5] |     4.673 | SLOW    |     2.434 | FAST    |
S_B_i[0][1][1] | S_C_o[0][1][6] |     4.695 | SLOW    |     2.448 | FAST    |
S_B_i[0][1][1] | S_C_o[0][1][7] |     4.760 | SLOW    |     2.485 | FAST    |
S_B_i[0][1][1] | S_C_o[1][1][1] |     4.270 | SLOW    |     2.218 | FAST    |
S_B_i[0][1][1] | S_C_o[1][1][2] |     4.234 | SLOW    |     2.190 | FAST    |
S_B_i[0][1][1] | S_C_o[1][1][3] |     4.467 | SLOW    |     2.323 | FAST    |
S_B_i[0][1][1] | S_C_o[1][1][4] |     4.445 | SLOW    |     2.309 | FAST    |
S_B_i[0][1][1] | S_C_o[1][1][5] |     4.673 | SLOW    |     2.434 | FAST    |
S_B_i[0][1][1] | S_C_o[1][1][6] |     4.695 | SLOW    |     2.448 | FAST    |
S_B_i[0][1][1] | S_C_o[1][1][7] |     4.760 | SLOW    |     2.485 | FAST    |
S_B_i[0][1][2] | S_C_o[0][1][2] |     4.230 | SLOW    |     2.193 | FAST    |
S_B_i[0][1][2] | S_C_o[0][1][3] |     4.431 | SLOW    |     2.296 | FAST    |
S_B_i[0][1][2] | S_C_o[0][1][4] |     4.431 | SLOW    |     2.296 | FAST    |
S_B_i[0][1][2] | S_C_o[0][1][5] |     4.659 | SLOW    |     2.421 | FAST    |
S_B_i[0][1][2] | S_C_o[0][1][6] |     4.681 | SLOW    |     2.435 | FAST    |
S_B_i[0][1][2] | S_C_o[0][1][7] |     4.746 | SLOW    |     2.472 | FAST    |
S_B_i[0][1][2] | S_C_o[1][1][2] |     4.230 | SLOW    |     2.193 | FAST    |
S_B_i[0][1][2] | S_C_o[1][1][3] |     4.453 | SLOW    |     2.310 | FAST    |
S_B_i[0][1][2] | S_C_o[1][1][4] |     4.431 | SLOW    |     2.296 | FAST    |
S_B_i[0][1][2] | S_C_o[1][1][5] |     4.659 | SLOW    |     2.421 | FAST    |
S_B_i[0][1][2] | S_C_o[1][1][6] |     4.681 | SLOW    |     2.435 | FAST    |
S_B_i[0][1][2] | S_C_o[1][1][7] |     4.746 | SLOW    |     2.472 | FAST    |
S_B_i[0][1][3] | S_C_o[0][1][3] |     4.239 | SLOW    |     2.198 | FAST    |
S_B_i[0][1][3] | S_C_o[0][1][4] |     4.234 | SLOW    |     2.190 | FAST    |
S_B_i[0][1][3] | S_C_o[0][1][5] |     4.476 | SLOW    |     2.329 | FAST    |
S_B_i[0][1][3] | S_C_o[0][1][6] |     4.498 | SLOW    |     2.343 | FAST    |
S_B_i[0][1][3] | S_C_o[0][1][7] |     4.563 | SLOW    |     2.380 | FAST    |
S_B_i[0][1][3] | S_C_o[1][1][3] |     4.270 | SLOW    |     2.218 | FAST    |
S_B_i[0][1][3] | S_C_o[1][1][4] |     4.234 | SLOW    |     2.190 | FAST    |
S_B_i[0][1][3] | S_C_o[1][1][5] |     4.476 | SLOW    |     2.329 | FAST    |
S_B_i[0][1][3] | S_C_o[1][1][6] |     4.498 | SLOW    |     2.343 | FAST    |
S_B_i[0][1][3] | S_C_o[1][1][7] |     4.563 | SLOW    |     2.380 | FAST    |
S_B_i[0][1][4] | S_C_o[0][1][4] |     4.230 | SLOW    |     2.193 | FAST    |
S_B_i[0][1][4] | S_C_o[0][1][5] |     4.453 | SLOW    |     2.310 | FAST    |
S_B_i[0][1][4] | S_C_o[0][1][6] |     4.475 | SLOW    |     2.324 | FAST    |
S_B_i[0][1][4] | S_C_o[0][1][7] |     4.540 | SLOW    |     2.361 | FAST    |
S_B_i[0][1][4] | S_C_o[1][1][4] |     4.230 | SLOW    |     2.193 | FAST    |
S_B_i[0][1][4] | S_C_o[1][1][5] |     4.453 | SLOW    |     2.310 | FAST    |
S_B_i[0][1][4] | S_C_o[1][1][6] |     4.475 | SLOW    |     2.324 | FAST    |
S_B_i[0][1][4] | S_C_o[1][1][7] |     4.540 | SLOW    |     2.361 | FAST    |
S_B_i[0][1][5] | S_C_o[0][1][5] |     4.239 | SLOW    |     2.198 | FAST    |
S_B_i[0][1][5] | S_C_o[0][1][6] |     4.256 | SLOW    |     2.204 | FAST    |
S_B_i[0][1][5] | S_C_o[0][1][7] |     4.234 | SLOW    |     2.190 | FAST    |
S_B_i[0][1][5] | S_C_o[1][1][5] |     4.239 | SLOW    |     2.198 | FAST    |
S_B_i[0][1][5] | S_C_o[1][1][6] |     4.256 | SLOW    |     2.204 | FAST    |
S_B_i[0][1][5] | S_C_o[1][1][7] |     4.234 | SLOW    |     2.190 | FAST    |
S_B_i[0][1][6] | S_C_o[0][1][6] |     4.261 | SLOW    |     2.213 | FAST    |
S_B_i[0][1][6] | S_C_o[0][1][7] |     4.230 | SLOW    |     2.193 | FAST    |
S_B_i[0][1][6] | S_C_o[1][1][6] |     4.261 | SLOW    |     2.213 | FAST    |
S_B_i[0][1][6] | S_C_o[1][1][7] |     4.230 | SLOW    |     2.193 | FAST    |
S_B_i[0][1][7] | S_C_o[0][1][7] |     4.445 | SLOW    |     2.320 | FAST    |
S_B_i[0][1][7] | S_C_o[1][1][7] |     4.445 | SLOW    |     2.320 | FAST    |
---------------+----------------+-----------+---------+-----------+---------+



